<html>
<body>
<pre>
<h1>µVision Build Log</h1>
<h2>Tool Versions:</h2>
IDE-Version: ¦ÌVision V5.35.0.0
Copyright (C) 2021 ARM Ltd and ARM Germany GmbH. All rights reserved.
License Information: hista hi, hi, LIC=URMW3-A524P-S0ZNX-H48GW-20WQA-PBNDE
 
Tool Versions:
Toolchain:       DK-ARM Developers Kit  Version: 5.35.0.2
Toolchain Path:  C:\Keil_v5\ARM\ARMCC\Bin
C Compiler:      Armcc.exe V5.06 update 7 (build 960)
Assembler:       Armasm.exe V5.06 update 7 (build 960)
Linker/Locator:  ArmLink.exe V5.06 update 7 (build 960)
Library Manager: ArmAr.exe V5.06 update 7 (build 960)
Hex Converter:   FromElf.exe V5.06 update 7 (build 960)
CPU DLL:         SARMCM3.DLL V5.35.0.2
Dialog DLL:      DARMCM1.DLL V1.19.4.0
Target DLL:      Segger\JL2CM3.dll V2.99.40.0
Dialog DLL:      TARMCM1.DLL V1.14.4.0
 
<h2>Project:</h2>
E:\keybortt\keyboard\proj\keyboard.uvprojx
Project File Date:  07/16/2022

<h2>Output:</h2>
*** Using Compiler 'V5.06 update 7 (build 960)', folder: 'C:\Keil_v5\ARM\ARMCC\Bin'
Rebuild target 'Keyboard'
creating preprocessor file for io.c...
creating preprocessor file for main.c...
creating preprocessor file for keyboard.c...
compiling key_buffer.c...
creating preprocessor file for key_buffer.c...
creating preprocessor file for Matrix.c...
creating preprocessor file for SysTick.c...
compiling io.c...
..\usb\inc\usb_core.h(355): warning:  #1295-D: Deprecated declaration endCriticalSection - give arg types
  void endCriticalSection();
..\user\io.c: 1 warning, 0 errors
creating preprocessor file for usb_desc.c...
creating preprocessor file for usb_core.c...
compiling SysTick.c...
..\usb\inc\usb_core.h(355): warning:  #1295-D: Deprecated declaration endCriticalSection - give arg types
  void endCriticalSection();
..\user\SysTick.c: 1 warning, 0 errors
compiling keyboard.c...
..\usb\inc\usb_core.h(355): warning:  #1295-D: Deprecated declaration endCriticalSection - give arg types
  void endCriticalSection();
..\user\keyboard.c: 1 warning, 0 errors
compiling main.c...
..\usb\inc\usb_core.h(355): warning:  #1295-D: Deprecated declaration endCriticalSection - give arg types
  void endCriticalSection();
..\iap2\Driver.h(12): warning:  #1295-D: Deprecated declaration Driver_Check - give arg types
  void Driver_Check();
..\iap2\Driver.h(13): warning:  #1295-D: Deprecated declaration Driver_TxDone - give arg types
  void Driver_TxDone();
..\iap2\Driver.h(17): warning:  #1-D: last line of file ends without a newline
  #endif
..\iap2\ListUsbData.h(19): warning:  #1295-D: Deprecated declaration ListUsbData_Count - give arg types
  int ListUsbData_Count(/*ListUsbData* pNode*/);
..\user\main.c(717): warning:  #177-D: variable "usb_receive_len"  was declared but never referenced
      int usb_receive_len;
..\user\main.c(718): warning:  #550-D: variable "data_offset"  was set but never used
  	 uint8 data_offset=0;
..\user\main.c: 7 warnings, 0 errors
creating preprocessor file for ft32f0xx_adc.c...
compiling usb_desc.c...
creating preprocessor file for ft32f0xx_comp.c...
compiling Matrix.c...
..\usb\inc\usb_core.h(355): warning:  #1295-D: Deprecated declaration endCriticalSection - give arg types
  void endCriticalSection();
..\user\Matrix.c: 1 warning, 0 errors
compiling usb_core.c...
..\usb\inc\usb_core.h(355): warning:  #1295-D: Deprecated declaration endCriticalSection - give arg types
  void endCriticalSection();
..\iap2\ListUsbData.h(19): warning:  #1295-D: Deprecated declaration ListUsbData_Count - give arg types
  int ListUsbData_Count(/*ListUsbData* pNode*/);
..\usb\src\usb_core.c: 2 warnings, 0 errors
creating preprocessor file for ft32f0xx_crc.c...
compiling ft32f0xx_adc.c...
creating preprocessor file for ft32f0xx_crs.c...
compiling ft32f0xx_comp.c...
compiling ft32f0xx_crc.c...
creating preprocessor file for ft32f0xx_dma.c...
creating preprocessor file for ft32f0xx_dac.c...
creating preprocessor file for ft32f0xx_debug.c...
creating preprocessor file for ft32f0xx_exti.c...
compiling ft32f0xx_dac.c...
creating preprocessor file for ft32f0xx_flash.c...
compiling ft32f0xx_debug.c...
compiling ft32f0xx_crs.c...
compiling ft32f0xx_dma.c...
compiling ft32f0xx_exti.c...
creating preprocessor file for ft32f0xx_gpio.c...
creating preprocessor file for ft32f0xx_i2c.c...
compiling ft32f0xx_flash.c...
compiling ft32f0xx_gpio.c...
creating preprocessor file for ft32f0xx_iwdg.c...
creating preprocessor file for ft32f0xx_misc.c...
creating preprocessor file for ft32f0xx_opa.c...
compiling ft32f0xx_i2c.c...
..\FTLib\Src\ft32f0xx_i2c.c(1245): warning:  #2532-D: support for trigraphs is disabled
      //??????-?
..\FTLib\Src\ft32f0xx_i2c.c: 1 warning, 0 errors
compiling ft32f0xx_iwdg.c...
creating preprocessor file for ft32f0xx_pwr.c...
compiling ft32f0xx_misc.c...
creating preprocessor file for ft32f0xx_rcc.c...
compiling ft32f0xx_opa.c...
creating preprocessor file for ft32f0xx_rtc.c...
compiling ft32f0xx_pwr.c...
creating preprocessor file for ft32f0xx_spi.c...
compiling ft32f0xx_rcc.c...
creating preprocessor file for ft32f0xx_syscfg.c...
creating preprocessor file for ft32f0xx_tim.c...
compiling ft32f0xx_rtc.c...
compiling ft32f0xx_spi.c...
compiling ft32f0xx_syscfg.c...
creating preprocessor file for ft32f0xx_usart.c...
creating preprocessor file for ft32f0xx_wwdg.c...
creating preprocessor file for system_ft32f0xx.c...
assembling startup_ft32f072xb.s...
compiling ft32f0xx_usart.c...
compiling ft32f0xx_tim.c...
creating preprocessor file for SEGGER_RTT.c...
compiling ft32f0xx_wwdg.c...
compiling SEGGER_RTT.c...
compiling system_ft32f0xx.c...
creating preprocessor file for SEGGER_RTT_printf.c...
compiling SEGGER_RTT_printf.c...
creating preprocessor file for SwTimer.c...
creating preprocessor file for iAp2Session.c...
creating preprocessor file for Iap2Link.c...
compiling SwTimer.c...
..\usb\inc\usb_core.h(355): warning:  #1295-D: Deprecated declaration endCriticalSection - give arg types
  void endCriticalSection();
..\iap2\SwTimer.c(149): warning:  #223-D: function "List_AddTail" declared implicitly
  		List_AddTail((List*)pTm->m_timerList, (List*)pTimer);
..\iap2\SwTimer.c(159): warning:  #223-D: function "List_isIn" declared implicitly
  	if(List_isIn((List*)pTm->m_timerList, (List*)pTimer))
..\iap2\SwTimer.c(161): warning:  #223-D: function "List_Remove" declared implicitly
  		pTm->m_timerList = (SwTimer*)List_Remove((List*)pTimer);
..\iap2\SwTimer.c: 4 warnings, 0 errors
creating preprocessor file for Iap2CtrlSession.c...
creating preprocessor file for Driver.c...
compiling iAp2Session.c...
..\usb\inc\usb_core.h(355): warning:  #1295-D: Deprecated declaration endCriticalSection - give arg types
  void endCriticalSection();
..\iap2\iAp2Session.c(65): warning:  #550-D: variable "nRc"  was set but never used
  	int nRc = IAP2RC_SUCCESS;
..\iap2\iAp2Session.c(114): warning:  #177-D: variable "nLen"  was declared but never referenced
  	int nLen = SWAP16(pPkt->m_Len);
..\iap2\iAp2Session.c(210): warning:  #188-D: enumerated type mixed with another type
  	FSM(IAP2_STATE_TX_REQ, SessionMgr_FsmTxReq);
..\iap2\iAp2Session.c(211): warning:  #188-D: enumerated type mixed with another type
  	FSM(IAP2_STATE_RX_REQ, SessionMgr_FsmRxReq);
..\iap2\iAp2Session.c(212): warning:  #188-D: enumerated type mixed with another type
  	FSM(IAP2_STATE_TX_RSP, SessionMgr_FsmTxRsp);
..\iap2\iAp2Session.c(213): warning:  #188-D: enumerated type mixed with another type
  	FSM(IAP2_STATE_RX_RSP, SessionMgr_FsmRxRsp);
..\iap2\iAp2Session.c: 7 warnings, 0 errors
creating preprocessor file for ListUsbData.c...
compiling ListUsbData.c...
..\iap2\ListUsbData.h(19): warning:  #1295-D: Deprecated declaration ListUsbData_Count - give arg types
  int ListUsbData_Count(/*ListUsbData* pNode*/);
..\iap2\ListUsbData.c(27): warning:  #223-D: function "SEGGER_RTT_printf" declared implicitly
  		SEGGER_RTT_printf(0,"##### function=%s line=%d \n",__FUNCTION__,__LINE__);
..\iap2\ListUsbData.c(75): warning:  #223-D: function "SEGGER_RTT_printf" declared implicitly
  	SEGGER_RTT_printf(0,"##### function=%s line=%d \n",__FUNCTION__,__LINE__);
..\iap2\ListUsbData.c: 3 warnings, 0 errors
creating preprocessor file for List.c...
compiling Iap2Link.c...
..\usb\inc\usb_core.h(355): warning:  #1295-D: Deprecated declaration endCriticalSection - give arg types
  void endCriticalSection();
..\iap2\Iap2Link.c(129): warning:  #177-D: variable "pCtrlByte"  was declared but never referenced
  	CtrlByte* pCtrlByte = (CtrlByte*)&pPkt->m_CtrlByte;
..\iap2\Iap2Link.c(130): warning:  #177-D: variable "pTxPkt"  was declared but never referenced
  	Iap2LinkPkt* pTxPkt = (Iap2LinkPkt*)pIap2Link->m_Irb.m_pBuff;
..\iap2\Iap2Link.c: 3 warnings, 0 errors
compiling List.c...
compiling Iap2CtrlSession.c...
..\usb\inc\usb_core.h(355): warning:  #1295-D: Deprecated declaration endCriticalSection - give arg types
  void endCriticalSection();
..\iap2\Iap2CtrlSession.c(84): warning:  #177-D: variable "fd"  was declared but never referenced
  	 int			 fd = -1;
..\iap2\Iap2CtrlSession.c(114): warning:  #177-D: variable "payloadLen"  was declared but never referenced
  		 uint32_t payloadLen = messageLen;
..\iap2\Iap2CtrlSession.c(200): warning:  #177-D: variable "fd"  was declared but never referenced
   int			 fd = -1;
..\iap2\Iap2CtrlSession.c(308): warning:  #177-D: variable "payloadLen"  was declared but never referenced
  	 uint32_t payloadLen = messageLen;
..\iap2\Iap2CtrlSession.c: 5 warnings, 0 errors
compiling Driver.c...
..\usb\inc\usb_core.h(355): warning:  #1295-D: Deprecated declaration endCriticalSection - give arg types
  void endCriticalSection();
..\iap2\Driver.h(12): warning:  #1295-D: Deprecated declaration Driver_Check - give arg types
  void Driver_Check();
..\iap2\Driver.h(13): warning:  #1295-D: Deprecated declaration Driver_TxDone - give arg types
  void Driver_TxDone();
..\iap2\Driver.h(17): warning:  #1-D: last line of file ends without a newline
  #endif
..\iap2\Driver.c: 4 warnings, 0 errors
linking...
Program Size: Code=23736 RO-data=1464 RW-data=664 ZI-data=6080  
FromELF: creating hex file...
".\Objects\keyboard.axf" - 0 Error(s), 40 Warning(s).

<h2>Software Packages used:</h2>

Package Vendor: FMD
                https://www.fremontmicro.com/upload/tools/pack/FMD.FT32F0xx_DFP.1.0.6.pack
                FMD.FT32F0xx_DFP.1.0.6
                FremontMicro FT32F0 Series Device Support and Examples

<h2>Collection of Component include folders:</h2>
  C:\Users\hista\AppData\Local\Arm\Packs\FMD\FT32F0xx_DFP\1.0.6\Drivers\CMSIS\FT32F0xx\Include

<h2>Collection of Component Files used:</h2>
Build Time Elapsed:  00:00:06
</pre>
</body>
</html>
