<html>
<body>
<pre>
<h1>µVision Build Log</h1>
<h2>Tool Versions:</h2>
IDE-Version: ¦ÌVision V5.35.0.0
Copyright (C) 2021 ARM Ltd and ARM Germany GmbH. All rights reserved.
License Information: hista hi, hi, LIC=URMW3-A524P-S0ZNX-H48GW-20WQA-PBNDE
 
Tool Versions:
Toolchain:       DK-ARM Developers Kit  Version: 5.35.0.2
Toolchain Path:  C:\Keil_v5\ARM\ARMCC\Bin
C Compiler:      Armcc.exe V5.06 update 7 (build 960)
Assembler:       Armasm.exe V5.06 update 7 (build 960)
Linker/Locator:  ArmLink.exe V5.06 update 7 (build 960)
Library Manager: ArmAr.exe V5.06 update 7 (build 960)
Hex Converter:   FromElf.exe V5.06 update 7 (build 960)
CPU DLL:         SARMCM3.DLL V5.35.0.2
Dialog DLL:      DARMCM1.DLL V1.19.4.0
Target DLL:      Segger\JL2CM3.dll V2.99.40.0
Dialog DLL:      TARMCM1.DLL V1.14.4.0
 
<h2>Project:</h2>
E:\keyboard-20220720\Keyboard\proj\keyboard.uvprojx
Project File Date:  07/20/2022

<h2>Output:</h2>
*** Using Compiler 'V5.06 update 7 (build 960)', folder: 'C:\Keil_v5\ARM\ARMCC\Bin'
Rebuild target 'Keyboard'
compiling key_buffer.c...
creating preprocessor file for timer.c...
creating preprocessor file for main.c...
creating preprocessor file for key_buffer.c...
creating preprocessor file for Matrix.c...
creating preprocessor file for SysTick.c...
creating preprocessor file for io.c...
compiling SysTick.c...
compiling io.c...
compiling main.c...
creating preprocessor file for usb_core.c...
creating preprocessor file for usb_desc.c...
compiling Matrix.c...
creating preprocessor file for ft32f0xx_adc.c...
compiling usb_desc.c...
compiling timer.c...
compiling usb_core.c...
compiling ft32f0xx_adc.c...
creating preprocessor file for ft32f0xx_crc.c...
creating preprocessor file for ft32f0xx_comp.c...
creating preprocessor file for ft32f0xx_crs.c...
compiling ft32f0xx_comp.c...
creating preprocessor file for ft32f0xx_dac.c...
compiling ft32f0xx_crc.c...
creating preprocessor file for ft32f0xx_debug.c...
compiling ft32f0xx_crs.c...
creating preprocessor file for ft32f0xx_dma.c...
compiling ft32f0xx_dac.c...
creating preprocessor file for ft32f0xx_exti.c...
compiling ft32f0xx_debug.c...
compiling ft32f0xx_dma.c...
creating preprocessor file for ft32f0xx_flash.c...
creating preprocessor file for ft32f0xx_gpio.c...
creating preprocessor file for ft32f0xx_i2c.c...
compiling ft32f0xx_exti.c...
compiling ft32f0xx_flash.c...
creating preprocessor file for ft32f0xx_iwdg.c...
compiling ft32f0xx_gpio.c...
creating preprocessor file for ft32f0xx_misc.c...
creating preprocessor file for ft32f0xx_opa.c...
compiling ft32f0xx_i2c.c...
compiling ft32f0xx_iwdg.c...
compiling ft32f0xx_misc.c...
creating preprocessor file for ft32f0xx_pwr.c...
compiling ft32f0xx_opa.c...
creating preprocessor file for ft32f0xx_rcc.c...
creating preprocessor file for ft32f0xx_rtc.c...
compiling ft32f0xx_pwr.c...
creating preprocessor file for ft32f0xx_spi.c...
compiling ft32f0xx_rcc.c...
creating preprocessor file for ft32f0xx_syscfg.c...
compiling ft32f0xx_rtc.c...
creating preprocessor file for ft32f0xx_tim.c...
creating preprocessor file for ft32f0xx_usart.c...
compiling ft32f0xx_spi.c...
creating preprocessor file for ft32f0xx_wwdg.c...
compiling ft32f0xx_syscfg.c...
creating preprocessor file for system_ft32f0xx.c...
compiling ft32f0xx_tim.c...
compiling ft32f0xx_usart.c...
compiling ft32f0xx_wwdg.c...
assembling startup_ft32f072xb.s...
creating preprocessor file for SEGGER_RTT.c...
creating preprocessor file for SEGGER_RTT_printf.c...
compiling system_ft32f0xx.c...
compiling SEGGER_RTT.c...
compiling SEGGER_RTT_printf.c...
linking...
Program Size: Code=12892 RO-data=1084 RW-data=288 ZI-data=3568  
FromELF: creating hex file...
".\Objects\keyboard.axf" - 0 Error(s), 0 Warning(s).

<h2>Software Packages used:</h2>

Package Vendor: FMD
                https://www.fremontmicro.com/upload/tools/pack/FMD.FT32F0xx_DFP.1.0.6.pack
                FMD.FT32F0xx_DFP.1.0.6
                FremontMicro FT32F0 Series Device Support and Examples

<h2>Collection of Component include folders:</h2>
  C:\Users\hista\AppData\Local\Arm\Packs\FMD\FT32F0xx_DFP\1.0.6\Drivers\CMSIS\FT32F0xx\Include

<h2>Collection of Component Files used:</h2>
Build Time Elapsed:  00:00:06
</pre>
</body>
</html>
