<!doctype html public "-//w3c//dtd html 4.0 transitional//en">
<html><head>
<title>Static Call Graph - [.\Objects\keyboard.axf]</title></head>
<body><HR>
<H1>Static Call Graph for image .\Objects\keyboard.axf</H1><HR>
<BR><P>#&#060CALLGRAPH&#062# ARM Linker, 5060960: Last Updated: Thu Jul 21 10:35:18 2022
<BR><P>
<H3>Maximum Stack Usage =       1144 bytes + Unknown(Functions without stacksize, Cycles, Untraceable Function Pointers)</H3><H3>
Call chain for Maximum Stack Depth:</H3>
Iap2CtrlSession_ReqProc &rArr; startKeyboardHid &rArr; malloc &rArr; __Heap_Full &rArr; __Heap_ProvideMemory &rArr; free
<P>
<H3>
Functions with no stack information
</H3><UL>
 <LI><a href="#[57]">__user_initial_stackheap</a>
</UL>
</UL>
<P>
<H3>
Mutually Recursive functions
</H3> <LI><a href="#[f]">NMI_Handler</a>&nbsp;&nbsp;&nbsp;&rArr;&nbsp;&nbsp;&nbsp;<a href="#[f]">NMI_Handler</a><BR>
 <LI><a href="#[10]">HardFault_Handler</a>&nbsp;&nbsp;&nbsp;&rArr;&nbsp;&nbsp;&nbsp;<a href="#[10]">HardFault_Handler</a><BR>
 <LI><a href="#[11]">SVC_Handler</a>&nbsp;&nbsp;&nbsp;&rArr;&nbsp;&nbsp;&nbsp;<a href="#[11]">SVC_Handler</a><BR>
 <LI><a href="#[12]">PendSV_Handler</a>&nbsp;&nbsp;&nbsp;&rArr;&nbsp;&nbsp;&nbsp;<a href="#[12]">PendSV_Handler</a><BR>
 <LI><a href="#[1f]">ADC1_IRQHandler</a>&nbsp;&nbsp;&nbsp;&rArr;&nbsp;&nbsp;&nbsp;<a href="#[1f]">ADC1_IRQHandler</a><BR>
</UL>
<P>
<H3>
Function Pointers
</H3><UL>
 <LI><a href="#[1f]">ADC1_IRQHandler</a> from startup_ft32f072xb.o(.text) referenced from startup_ft32f072xb.o(RESET)
 <LI><a href="#[1c]">DMA1_Channel1_IRQHandler</a> from startup_ft32f072xb.o(.text) referenced from startup_ft32f072xb.o(RESET)
 <LI><a href="#[1d]">DMA1_Channel2_3_IRQHandler</a> from startup_ft32f072xb.o(.text) referenced from startup_ft32f072xb.o(RESET)
 <LI><a href="#[1e]">DMA1_Channel4_5_IRQHandler</a> from startup_ft32f072xb.o(.text) referenced from startup_ft32f072xb.o(RESET)
 <LI><a href="#[34]">Driver_TransferStart</a> from driver.o(i.Driver_TransferStart) referenced from main.o(i.main)
 <LI><a href="#[19]">EXTI0_1_IRQHandler</a> from startup_ft32f072xb.o(.text) referenced from startup_ft32f072xb.o(RESET)
 <LI><a href="#[1a]">EXTI2_3_IRQHandler</a> from startup_ft32f072xb.o(.text) referenced from startup_ft32f072xb.o(RESET)
 <LI><a href="#[1b]">EXTI4_15_IRQHandler</a> from startup_ft32f072xb.o(.text) referenced from startup_ft32f072xb.o(RESET)
 <LI><a href="#[17]">FLASH_IRQHandler</a> from startup_ft32f072xb.o(.text) referenced from startup_ft32f072xb.o(RESET)
 <LI><a href="#[10]">HardFault_Handler</a> from startup_ft32f072xb.o(.text) referenced from startup_ft32f072xb.o(RESET)
 <LI><a href="#[28]">I2C1_IRQHandler</a> from startup_ft32f072xb.o(.text) referenced from startup_ft32f072xb.o(RESET)
 <LI><a href="#[29]">I2C2_IRQHandler</a> from startup_ft32f072xb.o(.text) referenced from startup_ft32f072xb.o(RESET)
 <LI><a href="#[31]">Iap2CtrlSession_EventProc</a> from iap2ctrlsession.o(i.Iap2CtrlSession_EventProc) referenced from iap2ctrlsession.o(i.Iap2CtrlSession_Init)
 <LI><a href="#[32]">Iap2CtrlSession_ReqProc</a> from iap2ctrlsession.o(i.Iap2CtrlSession_ReqProc) referenced from iap2ctrlsession.o(i.Iap2CtrlSession_Init)
 <LI><a href="#[33]">Iap2CtrlSession_RspProc</a> from iap2ctrlsession.o(i.Iap2CtrlSession_RspProc) referenced from iap2ctrlsession.o(i.Iap2CtrlSession_Init)
 <LI><a href="#[f]">NMI_Handler</a> from startup_ft32f072xb.o(.text) referenced from startup_ft32f072xb.o(RESET)
 <LI><a href="#[15]">PVD_VDDIO_IRQHandler</a> from startup_ft32f072xb.o(.text) referenced from startup_ft32f072xb.o(RESET)
 <LI><a href="#[12]">PendSV_Handler</a> from startup_ft32f072xb.o(.text) referenced from startup_ft32f072xb.o(RESET)
 <LI><a href="#[18]">RCC_IRQHandler</a> from startup_ft32f072xb.o(.text) referenced from startup_ft32f072xb.o(RESET)
 <LI><a href="#[16]">RTC_IRQHandler</a> from startup_ft32f072xb.o(.text) referenced from startup_ft32f072xb.o(RESET)
 <LI><a href="#[e]">Reset_Handler</a> from startup_ft32f072xb.o(.text) referenced from startup_ft32f072xb.o(RESET)
 <LI><a href="#[2a]">SPI1_IRQHandler</a> from startup_ft32f072xb.o(.text) referenced from startup_ft32f072xb.o(RESET)
 <LI><a href="#[2b]">SPI2_IRQHandler</a> from startup_ft32f072xb.o(.text) referenced from startup_ft32f072xb.o(RESET)
 <LI><a href="#[11]">SVC_Handler</a> from startup_ft32f072xb.o(.text) referenced from startup_ft32f072xb.o(RESET)
 <LI><a href="#[13]">SysTick_Handler</a> from systick.o(i.SysTick_Handler) referenced from startup_ft32f072xb.o(RESET)
 <LI><a href="#[2f]">SystemInit</a> from system_ft32f0xx.o(i.SystemInit) referenced from startup_ft32f072xb.o(.text)
 <LI><a href="#[24]">TIM14_IRQHandler</a> from startup_ft32f072xb.o(.text) referenced from startup_ft32f072xb.o(RESET)
 <LI><a href="#[25]">TIM15_IRQHandler</a> from startup_ft32f072xb.o(.text) referenced from startup_ft32f072xb.o(RESET)
 <LI><a href="#[26]">TIM16_IRQHandler</a> from startup_ft32f072xb.o(.text) referenced from startup_ft32f072xb.o(RESET)
 <LI><a href="#[27]">TIM17_IRQHandler</a> from startup_ft32f072xb.o(.text) referenced from startup_ft32f072xb.o(RESET)
 <LI><a href="#[20]">TIM1_BRK_UP_TRG_COM_IRQHandler</a> from startup_ft32f072xb.o(.text) referenced from startup_ft32f072xb.o(RESET)
 <LI><a href="#[21]">TIM1_CC_IRQHandler</a> from startup_ft32f072xb.o(.text) referenced from startup_ft32f072xb.o(RESET)
 <LI><a href="#[22]">TIM3_IRQHandler</a> from startup_ft32f072xb.o(.text) referenced from startup_ft32f072xb.o(RESET)
 <LI><a href="#[23]">TIM6_IRQHandler</a> from startup_ft32f072xb.o(.text) referenced from startup_ft32f072xb.o(RESET)
 <LI><a href="#[2c]">USART1_IRQHandler</a> from startup_ft32f072xb.o(.text) referenced from startup_ft32f072xb.o(RESET)
 <LI><a href="#[2d]">USART2_IRQHandler</a> from startup_ft32f072xb.o(.text) referenced from startup_ft32f072xb.o(RESET)
 <LI><a href="#[2e]">USB_IRQHandler</a> from usb_core.o(i.USB_IRQHandler) referenced from startup_ft32f072xb.o(RESET)
 <LI><a href="#[14]">WWDG_IRQHandler</a> from startup_ft32f072xb.o(.text) referenced from startup_ft32f072xb.o(RESET)
 <LI><a href="#[35]">__main</a> from __main.o(!!!main) referenced from startup_ft32f072xb.o(.text)
</UL>
<P>
<H3>
Global Symbols
</H3>
<P><STRONG><a name="[35]"></a>__main</STRONG> (Thumb, 8 bytes, Stack size 0 bytes, __main.o(!!!main))
<BR><BR>[Calls]<UL><LI><a href="#[36]">&gt;&gt;</a>&nbsp;&nbsp;&nbsp;__scatterload
<LI><a href="#[37]">&gt;&gt;</a>&nbsp;&nbsp;&nbsp;__rt_entry
</UL>

<P><STRONG><a name="[36]"></a>__scatterload</STRONG> (Thumb, 0 bytes, Stack size unknown bytes, __scatter.o(!!!scatter))
<BR><BR>[Called By]<UL><LI><a href="#[35]">&gt;&gt;</a>&nbsp;&nbsp;&nbsp;__main
</UL>

<P><STRONG><a name="[38]"></a>__scatterload_rt2</STRONG> (Thumb, 52 bytes, Stack size unknown bytes, __scatter.o(!!!scatter), UNUSED)
<BR><BR>[Calls]<UL><LI><a href="#[37]">&gt;&gt;</a>&nbsp;&nbsp;&nbsp;__rt_entry
</UL>

<P><STRONG><a name="[ec]"></a>__scatterload_rt2_thumb_only</STRONG> (Thumb, 0 bytes, Stack size unknown bytes, __scatter.o(!!!scatter), UNUSED)

<P><STRONG><a name="[ed]"></a>__scatterload_null</STRONG> (Thumb, 0 bytes, Stack size unknown bytes, __scatter.o(!!!scatter), UNUSED)

<P><STRONG><a name="[ee]"></a>__scatterload_zeroinit</STRONG> (Thumb, 28 bytes, Stack size unknown bytes, __scatter_zi.o(!!handler_zi), UNUSED)

<P><STRONG><a name="[3e]"></a>__rt_lib_init</STRONG> (Thumb, 0 bytes, Stack size unknown bytes, libinit.o(.ARM.Collect$$libinit$$00000000))
<BR><BR>[Called By]<UL><LI><a href="#[3d]">&gt;&gt;</a>&nbsp;&nbsp;&nbsp;__rt_entry_li
</UL>

<P><STRONG><a name="[ef]"></a>__rt_lib_init_fp_1</STRONG> (Thumb, 0 bytes, Stack size unknown bytes, libinit2.o(.ARM.Collect$$libinit$$00000002))

<P><STRONG><a name="[39]"></a>__rt_lib_init_heap_2</STRONG> (Thumb, 0 bytes, Stack size unknown bytes, libinit2.o(.ARM.Collect$$libinit$$00000005))
<BR><BR>[Stack]<UL><LI>Max Depth = 64 + Unknown Stack Size
<LI>Call Chain = __rt_lib_init_heap_2 &rArr; _init_alloc &rArr; __rt_SIGRTMEM &rArr; __rt_SIGRTMEM_inner &rArr; __default_signal_display &rArr; _ttywrch
</UL>
<BR>[Calls]<UL><LI><a href="#[3a]">&gt;&gt;</a>&nbsp;&nbsp;&nbsp;_init_alloc
</UL>

<P><STRONG><a name="[f0]"></a>__rt_lib_init_preinit_1</STRONG> (Thumb, 0 bytes, Stack size unknown bytes, libinit2.o(.ARM.Collect$$libinit$$00000004))

<P><STRONG><a name="[f1]"></a>__rt_lib_init_alloca_1</STRONG> (Thumb, 0 bytes, Stack size unknown bytes, libinit2.o(.ARM.Collect$$libinit$$0000002E))

<P><STRONG><a name="[f2]"></a>__rt_lib_init_argv_1</STRONG> (Thumb, 0 bytes, Stack size unknown bytes, libinit2.o(.ARM.Collect$$libinit$$0000002C))

<P><STRONG><a name="[f3]"></a>__rt_lib_init_atexit_1</STRONG> (Thumb, 0 bytes, Stack size unknown bytes, libinit2.o(.ARM.Collect$$libinit$$0000001B))

<P><STRONG><a name="[f4]"></a>__rt_lib_init_clock_1</STRONG> (Thumb, 0 bytes, Stack size unknown bytes, libinit2.o(.ARM.Collect$$libinit$$00000021))

<P><STRONG><a name="[f5]"></a>__rt_lib_init_cpp_1</STRONG> (Thumb, 0 bytes, Stack size unknown bytes, libinit2.o(.ARM.Collect$$libinit$$00000032))

<P><STRONG><a name="[f6]"></a>__rt_lib_init_exceptions_1</STRONG> (Thumb, 0 bytes, Stack size unknown bytes, libinit2.o(.ARM.Collect$$libinit$$00000030))

<P><STRONG><a name="[f7]"></a>__rt_lib_init_fp_trap_1</STRONG> (Thumb, 0 bytes, Stack size unknown bytes, libinit2.o(.ARM.Collect$$libinit$$0000001F))

<P><STRONG><a name="[f8]"></a>__rt_lib_init_getenv_1</STRONG> (Thumb, 0 bytes, Stack size unknown bytes, libinit2.o(.ARM.Collect$$libinit$$00000023))

<P><STRONG><a name="[f9]"></a>__rt_lib_init_heap_1</STRONG> (Thumb, 0 bytes, Stack size unknown bytes, libinit2.o(.ARM.Collect$$libinit$$0000000A))

<P><STRONG><a name="[fa]"></a>__rt_lib_init_lc_collate_1</STRONG> (Thumb, 0 bytes, Stack size unknown bytes, libinit2.o(.ARM.Collect$$libinit$$00000011))

<P><STRONG><a name="[fb]"></a>__rt_lib_init_lc_ctype_1</STRONG> (Thumb, 0 bytes, Stack size unknown bytes, libinit2.o(.ARM.Collect$$libinit$$00000013))

<P><STRONG><a name="[fc]"></a>__rt_lib_init_lc_monetary_1</STRONG> (Thumb, 0 bytes, Stack size unknown bytes, libinit2.o(.ARM.Collect$$libinit$$00000015))

<P><STRONG><a name="[fd]"></a>__rt_lib_init_lc_numeric_1</STRONG> (Thumb, 0 bytes, Stack size unknown bytes, libinit2.o(.ARM.Collect$$libinit$$00000017))

<P><STRONG><a name="[fe]"></a>__rt_lib_init_lc_time_1</STRONG> (Thumb, 0 bytes, Stack size unknown bytes, libinit2.o(.ARM.Collect$$libinit$$00000019))

<P><STRONG><a name="[ff]"></a>__rt_lib_init_rand_1</STRONG> (Thumb, 0 bytes, Stack size unknown bytes, libinit2.o(.ARM.Collect$$libinit$$0000000E))

<P><STRONG><a name="[100]"></a>__rt_lib_init_return</STRONG> (Thumb, 0 bytes, Stack size unknown bytes, libinit2.o(.ARM.Collect$$libinit$$00000033))

<P><STRONG><a name="[101]"></a>__rt_lib_init_signal_1</STRONG> (Thumb, 0 bytes, Stack size unknown bytes, libinit2.o(.ARM.Collect$$libinit$$0000001D))

<P><STRONG><a name="[102]"></a>__rt_lib_init_stdio_1</STRONG> (Thumb, 0 bytes, Stack size unknown bytes, libinit2.o(.ARM.Collect$$libinit$$00000025))

<P><STRONG><a name="[103]"></a>__rt_lib_init_user_alloc_1</STRONG> (Thumb, 0 bytes, Stack size unknown bytes, libinit2.o(.ARM.Collect$$libinit$$0000000C))

<P><STRONG><a name="[43]"></a>__rt_lib_shutdown</STRONG> (Thumb, 0 bytes, Stack size unknown bytes, libshutdown.o(.ARM.Collect$$libshutdown$$00000000))
<BR><BR>[Called By]<UL><LI><a href="#[42]">&gt;&gt;</a>&nbsp;&nbsp;&nbsp;__rt_exit_ls
</UL>

<P><STRONG><a name="[104]"></a>__rt_lib_shutdown_cpp_1</STRONG> (Thumb, 0 bytes, Stack size unknown bytes, libshutdown2.o(.ARM.Collect$$libshutdown$$00000004))

<P><STRONG><a name="[105]"></a>__rt_lib_shutdown_fini_1</STRONG> (Thumb, 0 bytes, Stack size unknown bytes, libshutdown2.o(.ARM.Collect$$libshutdown$$00000002))

<P><STRONG><a name="[106]"></a>__rt_lib_shutdown_fp_trap_1</STRONG> (Thumb, 0 bytes, Stack size unknown bytes, libshutdown2.o(.ARM.Collect$$libshutdown$$00000009))

<P><STRONG><a name="[107]"></a>__rt_lib_shutdown_heap_1</STRONG> (Thumb, 0 bytes, Stack size unknown bytes, libshutdown2.o(.ARM.Collect$$libshutdown$$00000011))

<P><STRONG><a name="[108]"></a>__rt_lib_shutdown_return</STRONG> (Thumb, 0 bytes, Stack size unknown bytes, libshutdown2.o(.ARM.Collect$$libshutdown$$00000012))

<P><STRONG><a name="[109]"></a>__rt_lib_shutdown_signal_1</STRONG> (Thumb, 0 bytes, Stack size unknown bytes, libshutdown2.o(.ARM.Collect$$libshutdown$$0000000C))

<P><STRONG><a name="[10a]"></a>__rt_lib_shutdown_stdio_1</STRONG> (Thumb, 0 bytes, Stack size unknown bytes, libshutdown2.o(.ARM.Collect$$libshutdown$$00000006))

<P><STRONG><a name="[10b]"></a>__rt_lib_shutdown_user_alloc_1</STRONG> (Thumb, 0 bytes, Stack size unknown bytes, libshutdown2.o(.ARM.Collect$$libshutdown$$0000000E))

<P><STRONG><a name="[37]"></a>__rt_entry</STRONG> (Thumb, 0 bytes, Stack size unknown bytes, __rtentry.o(.ARM.Collect$$rtentry$$00000000))
<BR><BR>[Called By]<UL><LI><a href="#[38]">&gt;&gt;</a>&nbsp;&nbsp;&nbsp;__scatterload_rt2
<LI><a href="#[35]">&gt;&gt;</a>&nbsp;&nbsp;&nbsp;__main
</UL>

<P><STRONG><a name="[10c]"></a>__rt_entry_presh_1</STRONG> (Thumb, 0 bytes, Stack size unknown bytes, __rtentry2.o(.ARM.Collect$$rtentry$$00000002))

<P><STRONG><a name="[3b]"></a>__rt_entry_sh</STRONG> (Thumb, 0 bytes, Stack size unknown bytes, __rtentry4.o(.ARM.Collect$$rtentry$$00000004))
<BR><BR>[Stack]<UL><LI>Max Depth = 8 + Unknown Stack Size
<LI>Call Chain = __rt_entry_sh &rArr; __user_setup_stackheap
</UL>
<BR>[Calls]<UL><LI><a href="#[3c]">&gt;&gt;</a>&nbsp;&nbsp;&nbsp;__user_setup_stackheap
</UL>

<P><STRONG><a name="[3d]"></a>__rt_entry_li</STRONG> (Thumb, 0 bytes, Stack size unknown bytes, __rtentry2.o(.ARM.Collect$$rtentry$$0000000A))
<BR><BR>[Calls]<UL><LI><a href="#[3e]">&gt;&gt;</a>&nbsp;&nbsp;&nbsp;__rt_lib_init
</UL>

<P><STRONG><a name="[10d]"></a>__rt_entry_postsh_1</STRONG> (Thumb, 0 bytes, Stack size unknown bytes, __rtentry2.o(.ARM.Collect$$rtentry$$00000009))

<P><STRONG><a name="[3f]"></a>__rt_entry_main</STRONG> (Thumb, 0 bytes, Stack size unknown bytes, __rtentry2.o(.ARM.Collect$$rtentry$$0000000D))
<BR><BR>[Stack]<UL><LI>Max Depth = 672 + Unknown Stack Size
<LI>Call Chain = __rt_entry_main &rArr; main &rArr; Driver_Check &rArr; Iap2Link_TransferDone &rArr; SessionMgr_Fsm &rArr; SessionMgr_FsmRxReq &rArr; Iap2Link_TxData &rArr; SwTimer_Start &rArr; SEGGER_RTT_printf &rArr; SEGGER_RTT_vprintf &rArr; _PrintInt &rArr; _PrintUnsigned &rArr; _StoreChar &rArr; SEGGER_RTT_Write &rArr; SEGGER_RTT_WriteNoLock &rArr; _WriteNoCheck &rArr; __aeabi_memcpy
</UL>
<BR>[Calls]<UL><LI><a href="#[40]">&gt;&gt;</a>&nbsp;&nbsp;&nbsp;main
<LI><a href="#[41]">&gt;&gt;</a>&nbsp;&nbsp;&nbsp;exit
</UL>

<P><STRONG><a name="[10e]"></a>__rt_entry_postli_1</STRONG> (Thumb, 0 bytes, Stack size unknown bytes, __rtentry2.o(.ARM.Collect$$rtentry$$0000000C))

<P><STRONG><a name="[59]"></a>__rt_exit</STRONG> (Thumb, 0 bytes, Stack size unknown bytes, rtexit.o(.ARM.Collect$$rtexit$$00000000))
<BR><BR>[Called By]<UL><LI><a href="#[41]">&gt;&gt;</a>&nbsp;&nbsp;&nbsp;exit
</UL>

<P><STRONG><a name="[42]"></a>__rt_exit_ls</STRONG> (Thumb, 0 bytes, Stack size unknown bytes, rtexit2.o(.ARM.Collect$$rtexit$$00000003))
<BR><BR>[Calls]<UL><LI><a href="#[43]">&gt;&gt;</a>&nbsp;&nbsp;&nbsp;__rt_lib_shutdown
</UL>

<P><STRONG><a name="[10f]"></a>__rt_exit_prels_1</STRONG> (Thumb, 0 bytes, Stack size unknown bytes, rtexit2.o(.ARM.Collect$$rtexit$$00000002))

<P><STRONG><a name="[44]"></a>__rt_exit_exit</STRONG> (Thumb, 0 bytes, Stack size unknown bytes, rtexit2.o(.ARM.Collect$$rtexit$$00000004))
<BR><BR>[Calls]<UL><LI><a href="#[45]">&gt;&gt;</a>&nbsp;&nbsp;&nbsp;_sys_exit
</UL>

<P><STRONG><a name="[4b]"></a>__aeabi_memcpy4</STRONG> (Thumb, 56 bytes, Stack size 0 bytes, rt_memcpy.o(.emb_text))
<BR><BR>[Called By]<UL><LI><a href="#[4a]">&gt;&gt;</a>&nbsp;&nbsp;&nbsp;__aeabi_memcpy
</UL>

<P><STRONG><a name="[110]"></a>__aeabi_memcpy8</STRONG> (Thumb, 0 bytes, Stack size 0 bytes, rt_memcpy.o(.emb_text), UNUSED)

<P><STRONG><a name="[e]"></a>Reset_Handler</STRONG> (Thumb, 38 bytes, Stack size 0 bytes, startup_ft32f072xb.o(.text))
<BR>[Address Reference Count : 1]<UL><LI> startup_ft32f072xb.o(RESET)
</UL>
<P><STRONG><a name="[111]"></a>_maybe_terminate_alloc</STRONG> (Thumb, 0 bytes, Stack size 0 bytes, maybetermalloc1.o(.emb_text), UNUSED)

<P><STRONG><a name="[f]"></a>NMI_Handler</STRONG> (Thumb, 2 bytes, Stack size 0 bytes, startup_ft32f072xb.o(.text))
<BR><BR>[Calls]<UL><LI><a href="#[f]">&gt;&gt;</a>&nbsp;&nbsp;&nbsp;NMI_Handler
</UL>
<BR>[Called By]<UL><LI><a href="#[f]">&gt;&gt;</a>&nbsp;&nbsp;&nbsp;NMI_Handler
</UL>
<BR>[Address Reference Count : 1]<UL><LI> startup_ft32f072xb.o(RESET)
</UL>
<P><STRONG><a name="[10]"></a>HardFault_Handler</STRONG> (Thumb, 2 bytes, Stack size 0 bytes, startup_ft32f072xb.o(.text))
<BR><BR>[Calls]<UL><LI><a href="#[10]">&gt;&gt;</a>&nbsp;&nbsp;&nbsp;HardFault_Handler
</UL>
<BR>[Called By]<UL><LI><a href="#[10]">&gt;&gt;</a>&nbsp;&nbsp;&nbsp;HardFault_Handler
</UL>
<BR>[Address Reference Count : 1]<UL><LI> startup_ft32f072xb.o(RESET)
</UL>
<P><STRONG><a name="[11]"></a>SVC_Handler</STRONG> (Thumb, 2 bytes, Stack size 0 bytes, startup_ft32f072xb.o(.text))
<BR><BR>[Calls]<UL><LI><a href="#[11]">&gt;&gt;</a>&nbsp;&nbsp;&nbsp;SVC_Handler
</UL>
<BR>[Called By]<UL><LI><a href="#[11]">&gt;&gt;</a>&nbsp;&nbsp;&nbsp;SVC_Handler
</UL>
<BR>[Address Reference Count : 1]<UL><LI> startup_ft32f072xb.o(RESET)
</UL>
<P><STRONG><a name="[12]"></a>PendSV_Handler</STRONG> (Thumb, 2 bytes, Stack size 0 bytes, startup_ft32f072xb.o(.text))
<BR><BR>[Calls]<UL><LI><a href="#[12]">&gt;&gt;</a>&nbsp;&nbsp;&nbsp;PendSV_Handler
</UL>
<BR>[Called By]<UL><LI><a href="#[12]">&gt;&gt;</a>&nbsp;&nbsp;&nbsp;PendSV_Handler
</UL>
<BR>[Address Reference Count : 1]<UL><LI> startup_ft32f072xb.o(RESET)
</UL>
<P><STRONG><a name="[1f]"></a>ADC1_IRQHandler</STRONG> (Thumb, 0 bytes, Stack size 0 bytes, startup_ft32f072xb.o(.text))
<BR><BR>[Calls]<UL><LI><a href="#[1f]">&gt;&gt;</a>&nbsp;&nbsp;&nbsp;ADC1_IRQHandler
</UL>
<BR>[Called By]<UL><LI><a href="#[1f]">&gt;&gt;</a>&nbsp;&nbsp;&nbsp;ADC1_IRQHandler
</UL>
<BR>[Address Reference Count : 1]<UL><LI> startup_ft32f072xb.o(RESET)
</UL>
<P><STRONG><a name="[1c]"></a>DMA1_Channel1_IRQHandler</STRONG> (Thumb, 0 bytes, Stack size 0 bytes, startup_ft32f072xb.o(.text))
<BR>[Address Reference Count : 1]<UL><LI> startup_ft32f072xb.o(RESET)
</UL>
<P><STRONG><a name="[1d]"></a>DMA1_Channel2_3_IRQHandler</STRONG> (Thumb, 0 bytes, Stack size 0 bytes, startup_ft32f072xb.o(.text))
<BR>[Address Reference Count : 1]<UL><LI> startup_ft32f072xb.o(RESET)
</UL>
<P><STRONG><a name="[1e]"></a>DMA1_Channel4_5_IRQHandler</STRONG> (Thumb, 0 bytes, Stack size 0 bytes, startup_ft32f072xb.o(.text))
<BR>[Address Reference Count : 1]<UL><LI> startup_ft32f072xb.o(RESET)
</UL>
<P><STRONG><a name="[19]"></a>EXTI0_1_IRQHandler</STRONG> (Thumb, 0 bytes, Stack size 0 bytes, startup_ft32f072xb.o(.text))
<BR>[Address Reference Count : 1]<UL><LI> startup_ft32f072xb.o(RESET)
</UL>
<P><STRONG><a name="[1a]"></a>EXTI2_3_IRQHandler</STRONG> (Thumb, 0 bytes, Stack size 0 bytes, startup_ft32f072xb.o(.text))
<BR>[Address Reference Count : 1]<UL><LI> startup_ft32f072xb.o(RESET)
</UL>
<P><STRONG><a name="[1b]"></a>EXTI4_15_IRQHandler</STRONG> (Thumb, 0 bytes, Stack size 0 bytes, startup_ft32f072xb.o(.text))
<BR>[Address Reference Count : 1]<UL><LI> startup_ft32f072xb.o(RESET)
</UL>
<P><STRONG><a name="[17]"></a>FLASH_IRQHandler</STRONG> (Thumb, 0 bytes, Stack size 0 bytes, startup_ft32f072xb.o(.text))
<BR>[Address Reference Count : 1]<UL><LI> startup_ft32f072xb.o(RESET)
</UL>
<P><STRONG><a name="[28]"></a>I2C1_IRQHandler</STRONG> (Thumb, 0 bytes, Stack size 0 bytes, startup_ft32f072xb.o(.text))
<BR>[Address Reference Count : 1]<UL><LI> startup_ft32f072xb.o(RESET)
</UL>
<P><STRONG><a name="[29]"></a>I2C2_IRQHandler</STRONG> (Thumb, 0 bytes, Stack size 0 bytes, startup_ft32f072xb.o(.text))
<BR>[Address Reference Count : 1]<UL><LI> startup_ft32f072xb.o(RESET)
</UL>
<P><STRONG><a name="[15]"></a>PVD_VDDIO_IRQHandler</STRONG> (Thumb, 0 bytes, Stack size 0 bytes, startup_ft32f072xb.o(.text))
<BR>[Address Reference Count : 1]<UL><LI> startup_ft32f072xb.o(RESET)
</UL>
<P><STRONG><a name="[18]"></a>RCC_IRQHandler</STRONG> (Thumb, 0 bytes, Stack size 0 bytes, startup_ft32f072xb.o(.text))
<BR>[Address Reference Count : 1]<UL><LI> startup_ft32f072xb.o(RESET)
</UL>
<P><STRONG><a name="[16]"></a>RTC_IRQHandler</STRONG> (Thumb, 0 bytes, Stack size 0 bytes, startup_ft32f072xb.o(.text))
<BR>[Address Reference Count : 1]<UL><LI> startup_ft32f072xb.o(RESET)
</UL>
<P><STRONG><a name="[2a]"></a>SPI1_IRQHandler</STRONG> (Thumb, 0 bytes, Stack size 0 bytes, startup_ft32f072xb.o(.text))
<BR>[Address Reference Count : 1]<UL><LI> startup_ft32f072xb.o(RESET)
</UL>
<P><STRONG><a name="[2b]"></a>SPI2_IRQHandler</STRONG> (Thumb, 0 bytes, Stack size 0 bytes, startup_ft32f072xb.o(.text))
<BR>[Address Reference Count : 1]<UL><LI> startup_ft32f072xb.o(RESET)
</UL>
<P><STRONG><a name="[24]"></a>TIM14_IRQHandler</STRONG> (Thumb, 0 bytes, Stack size 0 bytes, startup_ft32f072xb.o(.text))
<BR>[Address Reference Count : 1]<UL><LI> startup_ft32f072xb.o(RESET)
</UL>
<P><STRONG><a name="[25]"></a>TIM15_IRQHandler</STRONG> (Thumb, 0 bytes, Stack size 0 bytes, startup_ft32f072xb.o(.text))
<BR>[Address Reference Count : 1]<UL><LI> startup_ft32f072xb.o(RESET)
</UL>
<P><STRONG><a name="[26]"></a>TIM16_IRQHandler</STRONG> (Thumb, 0 bytes, Stack size 0 bytes, startup_ft32f072xb.o(.text))
<BR>[Address Reference Count : 1]<UL><LI> startup_ft32f072xb.o(RESET)
</UL>
<P><STRONG><a name="[27]"></a>TIM17_IRQHandler</STRONG> (Thumb, 0 bytes, Stack size 0 bytes, startup_ft32f072xb.o(.text))
<BR>[Address Reference Count : 1]<UL><LI> startup_ft32f072xb.o(RESET)
</UL>
<P><STRONG><a name="[20]"></a>TIM1_BRK_UP_TRG_COM_IRQHandler</STRONG> (Thumb, 0 bytes, Stack size 0 bytes, startup_ft32f072xb.o(.text))
<BR>[Address Reference Count : 1]<UL><LI> startup_ft32f072xb.o(RESET)
</UL>
<P><STRONG><a name="[21]"></a>TIM1_CC_IRQHandler</STRONG> (Thumb, 0 bytes, Stack size 0 bytes, startup_ft32f072xb.o(.text))
<BR>[Address Reference Count : 1]<UL><LI> startup_ft32f072xb.o(RESET)
</UL>
<P><STRONG><a name="[22]"></a>TIM3_IRQHandler</STRONG> (Thumb, 0 bytes, Stack size 0 bytes, startup_ft32f072xb.o(.text))
<BR>[Address Reference Count : 1]<UL><LI> startup_ft32f072xb.o(RESET)
</UL>
<P><STRONG><a name="[23]"></a>TIM6_IRQHandler</STRONG> (Thumb, 0 bytes, Stack size 0 bytes, startup_ft32f072xb.o(.text))
<BR>[Address Reference Count : 1]<UL><LI> startup_ft32f072xb.o(RESET)
</UL>
<P><STRONG><a name="[2c]"></a>USART1_IRQHandler</STRONG> (Thumb, 0 bytes, Stack size 0 bytes, startup_ft32f072xb.o(.text))
<BR>[Address Reference Count : 1]<UL><LI> startup_ft32f072xb.o(RESET)
</UL>
<P><STRONG><a name="[2d]"></a>USART2_IRQHandler</STRONG> (Thumb, 0 bytes, Stack size 0 bytes, startup_ft32f072xb.o(.text))
<BR>[Address Reference Count : 1]<UL><LI> startup_ft32f072xb.o(RESET)
</UL>
<P><STRONG><a name="[14]"></a>WWDG_IRQHandler</STRONG> (Thumb, 0 bytes, Stack size 0 bytes, startup_ft32f072xb.o(.text))
<BR>[Address Reference Count : 1]<UL><LI> startup_ft32f072xb.o(RESET)
</UL>
<P><STRONG><a name="[57]"></a>__user_initial_stackheap</STRONG> (Thumb, 0 bytes, Stack size unknown bytes, startup_ft32f072xb.o(.text))
<BR><BR>[Called By]<UL><LI><a href="#[3c]">&gt;&gt;</a>&nbsp;&nbsp;&nbsp;__user_setup_stackheap
</UL>

<P><STRONG><a name="[46]"></a>malloc</STRONG> (Thumb, 98 bytes, Stack size 16 bytes, h1_alloc.o(.text))
<BR><BR>[Stack]<UL><LI>Max Depth = 56<LI>Call Chain = malloc &rArr; __Heap_Full &rArr; __Heap_ProvideMemory &rArr; free
</UL>
<BR>[Calls]<UL><LI><a href="#[48]">&gt;&gt;</a>&nbsp;&nbsp;&nbsp;__Heap_Full
<LI><a href="#[47]">&gt;&gt;</a>&nbsp;&nbsp;&nbsp;__rt_heap_descriptor
</UL>
<BR>[Called By]<UL><LI><a href="#[2e]">&gt;&gt;</a>&nbsp;&nbsp;&nbsp;USB_IRQHandler
<LI><a href="#[d9]">&gt;&gt;</a>&nbsp;&nbsp;&nbsp;iAP2PacketParseBuffer
<LI><a href="#[7c]">&gt;&gt;</a>&nbsp;&nbsp;&nbsp;startKeyboardHid
<LI><a href="#[78]">&gt;&gt;</a>&nbsp;&nbsp;&nbsp;Iap2CtrlSession_GetIDInfo
<LI><a href="#[74]">&gt;&gt;</a>&nbsp;&nbsp;&nbsp;Iap2CtrlSession_ChallengeRsp
<LI><a href="#[72]">&gt;&gt;</a>&nbsp;&nbsp;&nbsp;Iap2CtrlSession_AuthenticationCerticate
</UL>

<P><STRONG><a name="[49]"></a>free</STRONG> (Thumb, 76 bytes, Stack size 16 bytes, h1_free.o(.text))
<BR><BR>[Stack]<UL><LI>Max Depth = 16<LI>Call Chain = free
</UL>
<BR>[Calls]<UL><LI><a href="#[47]">&gt;&gt;</a>&nbsp;&nbsp;&nbsp;__rt_heap_descriptor
</UL>
<BR>[Called By]<UL><LI><a href="#[40]">&gt;&gt;</a>&nbsp;&nbsp;&nbsp;main
<LI><a href="#[d9]">&gt;&gt;</a>&nbsp;&nbsp;&nbsp;iAP2PacketParseBuffer
<LI><a href="#[74]">&gt;&gt;</a>&nbsp;&nbsp;&nbsp;Iap2CtrlSession_ChallengeRsp
<LI><a href="#[72]">&gt;&gt;</a>&nbsp;&nbsp;&nbsp;Iap2CtrlSession_AuthenticationCerticate
<LI><a href="#[7d]">&gt;&gt;</a>&nbsp;&nbsp;&nbsp;Iap2LinkPkt_Init
<LI><a href="#[50]">&gt;&gt;</a>&nbsp;&nbsp;&nbsp;__Heap_ProvideMemory
</UL>

<P><STRONG><a name="[93]"></a>memcmp</STRONG> (Thumb, 90 bytes, Stack size 8 bytes, memcmp.o(.text))
<BR><BR>[Stack]<UL><LI>Max Depth = 8<LI>Call Chain = memcmp
</UL>
<BR>[Called By]<UL><LI><a href="#[8e]">&gt;&gt;</a>&nbsp;&nbsp;&nbsp;Iap2Link_handShake
</UL>

<P><STRONG><a name="[c3]"></a>strcpy</STRONG> (Thumb, 70 bytes, Stack size 16 bytes, strcpy.o(.text))
<BR><BR>[Stack]<UL><LI>Max Depth = 16<LI>Call Chain = strcpy
</UL>
<BR>[Called By]<UL><LI><a href="#[97]">&gt;&gt;</a>&nbsp;&nbsp;&nbsp;_DoInit
</UL>

<P><STRONG><a name="[4a]"></a>__aeabi_memcpy</STRONG> (Thumb, 130 bytes, Stack size 24 bytes, rt_memcpy.o(.text))
<BR><BR>[Stack]<UL><LI>Max Depth = 24<LI>Call Chain = __aeabi_memcpy
</UL>
<BR>[Calls]<UL><LI><a href="#[4b]">&gt;&gt;</a>&nbsp;&nbsp;&nbsp;__aeabi_memcpy4
</UL>
<BR>[Called By]<UL><LI><a href="#[e5]">&gt;&gt;</a>&nbsp;&nbsp;&nbsp;matrix_key_handle
<LI><a href="#[60]">&gt;&gt;</a>&nbsp;&nbsp;&nbsp;Driver_RxDone
<LI><a href="#[e6]">&gt;&gt;</a>&nbsp;&nbsp;&nbsp;send_keycode
<LI><a href="#[d9]">&gt;&gt;</a>&nbsp;&nbsp;&nbsp;iAP2PacketParseBuffer
<LI><a href="#[7c]">&gt;&gt;</a>&nbsp;&nbsp;&nbsp;startKeyboardHid
<LI><a href="#[70]">&gt;&gt;</a>&nbsp;&nbsp;&nbsp;Iap2CtrlSessionMsg_AddParam
<LI><a href="#[78]">&gt;&gt;</a>&nbsp;&nbsp;&nbsp;Iap2CtrlSession_GetIDInfo
<LI><a href="#[74]">&gt;&gt;</a>&nbsp;&nbsp;&nbsp;Iap2CtrlSession_ChallengeRsp
<LI><a href="#[72]">&gt;&gt;</a>&nbsp;&nbsp;&nbsp;Iap2CtrlSession_AuthenticationCerticate
<LI><a href="#[89]">&gt;&gt;</a>&nbsp;&nbsp;&nbsp;Iap2Link_SendSyncPkt
<LI><a href="#[7b]">&gt;&gt;</a>&nbsp;&nbsp;&nbsp;Iap2Link_RegSession
<LI><a href="#[7d]">&gt;&gt;</a>&nbsp;&nbsp;&nbsp;Iap2LinkPkt_Init
<LI><a href="#[a4]">&gt;&gt;</a>&nbsp;&nbsp;&nbsp;SessionMgr_FsmRxRsp
<LI><a href="#[a2]">&gt;&gt;</a>&nbsp;&nbsp;&nbsp;SessionMgr_FsmRxReq
<LI><a href="#[9a]">&gt;&gt;</a>&nbsp;&nbsp;&nbsp;_WriteNoCheck
<LI><a href="#[9b]">&gt;&gt;</a>&nbsp;&nbsp;&nbsp;_WriteBlocking
</UL>

<P><STRONG><a name="[112]"></a>__rt_memcpy</STRONG> (Thumb, 0 bytes, Stack size 24 bytes, rt_memcpy.o(.text), UNUSED)

<P><STRONG><a name="[4d]"></a>_memset_w</STRONG> (Thumb, 26 bytes, Stack size 0 bytes, rt_memclr.o(.text))
<BR><BR>[Called By]<UL><LI><a href="#[4f]">&gt;&gt;</a>&nbsp;&nbsp;&nbsp;__rt_memclr_w
<LI><a href="#[4c]">&gt;&gt;</a>&nbsp;&nbsp;&nbsp;_memset
</UL>

<P><STRONG><a name="[4c]"></a>_memset</STRONG> (Thumb, 30 bytes, Stack size 0 bytes, rt_memclr.o(.text))
<BR><BR>[Calls]<UL><LI><a href="#[4d]">&gt;&gt;</a>&nbsp;&nbsp;&nbsp;_memset_w
</UL>
<BR>[Called By]<UL><LI><a href="#[4e]">&gt;&gt;</a>&nbsp;&nbsp;&nbsp;__aeabi_memclr
</UL>

<P><STRONG><a name="[4e]"></a>__aeabi_memclr</STRONG> (Thumb, 4 bytes, Stack size 0 bytes, rt_memclr.o(.text))
<BR><BR>[Calls]<UL><LI><a href="#[4c]">&gt;&gt;</a>&nbsp;&nbsp;&nbsp;_memset
</UL>
<BR>[Called By]<UL><LI><a href="#[e5]">&gt;&gt;</a>&nbsp;&nbsp;&nbsp;matrix_key_handle
<LI><a href="#[ca]">&gt;&gt;</a>&nbsp;&nbsp;&nbsp;key_clear
<LI><a href="#[80]">&gt;&gt;</a>&nbsp;&nbsp;&nbsp;Iap2Link_Init
<LI><a href="#[79]">&gt;&gt;</a>&nbsp;&nbsp;&nbsp;Iap2CtrlSession_Init
<LI><a href="#[e6]">&gt;&gt;</a>&nbsp;&nbsp;&nbsp;send_keycode
<LI><a href="#[d9]">&gt;&gt;</a>&nbsp;&nbsp;&nbsp;iAP2PacketParseBuffer
<LI><a href="#[71]">&gt;&gt;</a>&nbsp;&nbsp;&nbsp;Iap2CtrlSessionMsg_Init
<LI><a href="#[72]">&gt;&gt;</a>&nbsp;&nbsp;&nbsp;Iap2CtrlSession_AuthenticationCerticate
<LI><a href="#[8a]">&gt;&gt;</a>&nbsp;&nbsp;&nbsp;LinkPayload_Init
<LI><a href="#[7d]">&gt;&gt;</a>&nbsp;&nbsp;&nbsp;Iap2LinkPkt_Init
<LI><a href="#[7a]">&gt;&gt;</a>&nbsp;&nbsp;&nbsp;SessionMgr_Init
</UL>

<P><STRONG><a name="[113]"></a>__rt_memclr</STRONG> (Thumb, 0 bytes, Stack size 0 bytes, rt_memclr.o(.text), UNUSED)

<P><STRONG><a name="[95]"></a>__aeabi_memclr4</STRONG> (Thumb, 0 bytes, Stack size 0 bytes, rt_memclr.o(.text))
<BR><BR>[Called By]<UL><LI><a href="#[e5]">&gt;&gt;</a>&nbsp;&nbsp;&nbsp;matrix_key_handle
<LI><a href="#[94]">&gt;&gt;</a>&nbsp;&nbsp;&nbsp;ListUsbData_Init
<LI><a href="#[40]">&gt;&gt;</a>&nbsp;&nbsp;&nbsp;main
<LI><a href="#[c6]">&gt;&gt;</a>&nbsp;&nbsp;&nbsp;build_keycode
</UL>

<P><STRONG><a name="[114]"></a>__aeabi_memclr8</STRONG> (Thumb, 0 bytes, Stack size 0 bytes, rt_memclr.o(.text), UNUSED)

<P><STRONG><a name="[4f]"></a>__rt_memclr_w</STRONG> (Thumb, 4 bytes, Stack size 0 bytes, rt_memclr.o(.text), UNUSED)
<BR><BR>[Calls]<UL><LI><a href="#[4d]">&gt;&gt;</a>&nbsp;&nbsp;&nbsp;_memset_w
</UL>

<P><STRONG><a name="[61]"></a>__aeabi_uread4</STRONG> (Thumb, 22 bytes, Stack size 0 bytes, uread4.o(.text))
<BR><BR>[Called By]<UL><LI><a href="#[b0]">&gt;&gt;</a>&nbsp;&nbsp;&nbsp;USB_Endpoint0
<LI><a href="#[b4]">&gt;&gt;</a>&nbsp;&nbsp;&nbsp;USB_StdDev_Req
<LI><a href="#[b2]">&gt;&gt;</a>&nbsp;&nbsp;&nbsp;USB_Endpoint0_Tx
<LI><a href="#[b3]">&gt;&gt;</a>&nbsp;&nbsp;&nbsp;USB_Endpoint0_Rx
<LI><a href="#[e9]">&gt;&gt;</a>&nbsp;&nbsp;&nbsp;scan_row
<LI><a href="#[ea]">&gt;&gt;</a>&nbsp;&nbsp;&nbsp;scan_col
<LI><a href="#[dd]">&gt;&gt;</a>&nbsp;&nbsp;&nbsp;init_scan_row
<LI><a href="#[dc]">&gt;&gt;</a>&nbsp;&nbsp;&nbsp;init_scan_col
<LI><a href="#[da]">&gt;&gt;</a>&nbsp;&nbsp;&nbsp;init_matrix_gpio
<LI><a href="#[cc]">&gt;&gt;</a>&nbsp;&nbsp;&nbsp;ghost
<LI><a href="#[e3]">&gt;&gt;</a>&nbsp;&nbsp;&nbsp;matrix_scan_key
<LI><a href="#[e4]">&gt;&gt;</a>&nbsp;&nbsp;&nbsp;matrix_scan_again
<LI><a href="#[e5]">&gt;&gt;</a>&nbsp;&nbsp;&nbsp;matrix_key_handle
<LI><a href="#[34]">&gt;&gt;</a>&nbsp;&nbsp;&nbsp;Driver_TransferStart
<LI><a href="#[60]">&gt;&gt;</a>&nbsp;&nbsp;&nbsp;Driver_RxDone
<LI><a href="#[cf]">&gt;&gt;</a>&nbsp;&nbsp;&nbsp;hotKey
<LI><a href="#[7c]">&gt;&gt;</a>&nbsp;&nbsp;&nbsp;startKeyboardHid
<LI><a href="#[78]">&gt;&gt;</a>&nbsp;&nbsp;&nbsp;Iap2CtrlSession_GetIDInfo
<LI><a href="#[74]">&gt;&gt;</a>&nbsp;&nbsp;&nbsp;Iap2CtrlSession_ChallengeRsp
<LI><a href="#[72]">&gt;&gt;</a>&nbsp;&nbsp;&nbsp;Iap2CtrlSession_AuthenticationCerticate
<LI><a href="#[8e]">&gt;&gt;</a>&nbsp;&nbsp;&nbsp;Iap2Link_handShake
<LI><a href="#[8f]">&gt;&gt;</a>&nbsp;&nbsp;&nbsp;Iap2Link_Verify
<LI><a href="#[5f]">&gt;&gt;</a>&nbsp;&nbsp;&nbsp;Iap2Link_TransferDone
<LI><a href="#[89]">&gt;&gt;</a>&nbsp;&nbsp;&nbsp;Iap2Link_SendSyncPkt
<LI><a href="#[85]">&gt;&gt;</a>&nbsp;&nbsp;&nbsp;Iap2Link_ReTx
<LI><a href="#[82]">&gt;&gt;</a>&nbsp;&nbsp;&nbsp;Iap2Link_Payload_SyncLink
<LI><a href="#[81]">&gt;&gt;</a>&nbsp;&nbsp;&nbsp;Iap2Link_Notify
<LI><a href="#[84]">&gt;&gt;</a>&nbsp;&nbsp;&nbsp;Iap2Link_TxData
<LI><a href="#[83]">&gt;&gt;</a>&nbsp;&nbsp;&nbsp;Iap2Link_RcvData
<LI><a href="#[7d]">&gt;&gt;</a>&nbsp;&nbsp;&nbsp;Iap2LinkPkt_Init
<LI><a href="#[76]">&gt;&gt;</a>&nbsp;&nbsp;&nbsp;SessionMgr_RxReq
<LI><a href="#[a3]">&gt;&gt;</a>&nbsp;&nbsp;&nbsp;SessionMgr_FsmTxRsp
<LI><a href="#[a5]">&gt;&gt;</a>&nbsp;&nbsp;&nbsp;SessionMgr_FsmTxAck
<LI><a href="#[a4]">&gt;&gt;</a>&nbsp;&nbsp;&nbsp;SessionMgr_FsmRxRsp
<LI><a href="#[a2]">&gt;&gt;</a>&nbsp;&nbsp;&nbsp;SessionMgr_FsmRxReq
<LI><a href="#[a6]">&gt;&gt;</a>&nbsp;&nbsp;&nbsp;SessionMgr_FsmRxAck
<LI><a href="#[92]">&gt;&gt;</a>&nbsp;&nbsp;&nbsp;SessionMgr_Fsm
<LI><a href="#[88]">&gt;&gt;</a>&nbsp;&nbsp;&nbsp;SwTimer_isTimerOutEx
<LI><a href="#[86]">&gt;&gt;</a>&nbsp;&nbsp;&nbsp;SwTimer_Start
</UL>

<P><STRONG><a name="[115]"></a>__rt_uread4</STRONG> (Thumb, 0 bytes, Stack size 0 bytes, uread4.o(.text), UNUSED)

<P><STRONG><a name="[68]"></a>__aeabi_uwrite4</STRONG> (Thumb, 16 bytes, Stack size 0 bytes, uwrite4.o(.text))
<BR><BR>[Called By]<UL><LI><a href="#[2e]">&gt;&gt;</a>&nbsp;&nbsp;&nbsp;USB_IRQHandler
<LI><a href="#[b0]">&gt;&gt;</a>&nbsp;&nbsp;&nbsp;USB_Endpoint0
<LI><a href="#[6d]">&gt;&gt;</a>&nbsp;&nbsp;&nbsp;HID_SetReportEvent
<LI><a href="#[6c]">&gt;&gt;</a>&nbsp;&nbsp;&nbsp;HID_SetProtocolEvent
<LI><a href="#[6b]">&gt;&gt;</a>&nbsp;&nbsp;&nbsp;HID_SetIdleEvent
<LI><a href="#[6a]">&gt;&gt;</a>&nbsp;&nbsp;&nbsp;HID_GetReportEvent
<LI><a href="#[69]">&gt;&gt;</a>&nbsp;&nbsp;&nbsp;HID_GetProtocolEvent
<LI><a href="#[67]">&gt;&gt;</a>&nbsp;&nbsp;&nbsp;HID_GetIdleEvent
<LI><a href="#[b4]">&gt;&gt;</a>&nbsp;&nbsp;&nbsp;USB_StdDev_Req
<LI><a href="#[b2]">&gt;&gt;</a>&nbsp;&nbsp;&nbsp;USB_Endpoint0_Tx
<LI><a href="#[b3]">&gt;&gt;</a>&nbsp;&nbsp;&nbsp;USB_Endpoint0_Rx
<LI><a href="#[80]">&gt;&gt;</a>&nbsp;&nbsp;&nbsp;Iap2Link_Init
<LI><a href="#[79]">&gt;&gt;</a>&nbsp;&nbsp;&nbsp;Iap2CtrlSession_Init
<LI><a href="#[7c]">&gt;&gt;</a>&nbsp;&nbsp;&nbsp;startKeyboardHid
<LI><a href="#[78]">&gt;&gt;</a>&nbsp;&nbsp;&nbsp;Iap2CtrlSession_GetIDInfo
<LI><a href="#[74]">&gt;&gt;</a>&nbsp;&nbsp;&nbsp;Iap2CtrlSession_ChallengeRsp
<LI><a href="#[72]">&gt;&gt;</a>&nbsp;&nbsp;&nbsp;Iap2CtrlSession_AuthenticationCerticate
<LI><a href="#[7b]">&gt;&gt;</a>&nbsp;&nbsp;&nbsp;Iap2Link_RegSession
<LI><a href="#[84]">&gt;&gt;</a>&nbsp;&nbsp;&nbsp;Iap2Link_TxData
<LI><a href="#[83]">&gt;&gt;</a>&nbsp;&nbsp;&nbsp;Iap2Link_RcvData
<LI><a href="#[7d]">&gt;&gt;</a>&nbsp;&nbsp;&nbsp;Iap2LinkPkt_Init
<LI><a href="#[86]">&gt;&gt;</a>&nbsp;&nbsp;&nbsp;SwTimer_Start
</UL>

<P><STRONG><a name="[116]"></a>__rt_uwrite4</STRONG> (Thumb, 0 bytes, Stack size 0 bytes, uwrite4.o(.text), UNUSED)

<P><STRONG><a name="[117]"></a>__aeabi_uidiv</STRONG> (Thumb, 0 bytes, Stack size 0 bytes, aeabi_sdiv.o(.text), UNUSED)

<P><STRONG><a name="[c5]"></a>__aeabi_uidivmod</STRONG> (Thumb, 20 bytes, Stack size 0 bytes, aeabi_sdiv.o(.text))
<BR><BR>[Called By]<UL><LI><a href="#[9f]">&gt;&gt;</a>&nbsp;&nbsp;&nbsp;_PrintUnsigned
</UL>

<P><STRONG><a name="[118]"></a>__aeabi_idiv</STRONG> (Thumb, 0 bytes, Stack size 8 bytes, aeabi_sdiv.o(.text), UNUSED)

<P><STRONG><a name="[c4]"></a>__aeabi_idivmod</STRONG> (Thumb, 326 bytes, Stack size 8 bytes, aeabi_sdiv.o(.text))
<BR><BR>[Stack]<UL><LI>Max Depth = 8<LI>Call Chain = __aeabi_idivmod
</UL>
<BR>[Called By]<UL><LI><a href="#[9e]">&gt;&gt;</a>&nbsp;&nbsp;&nbsp;_PrintInt
</UL>

<P><STRONG><a name="[119]"></a>__use_two_region_memory</STRONG> (Thumb, 2 bytes, Stack size 0 bytes, heapauxi.o(.text), UNUSED)

<P><STRONG><a name="[5]"></a>__rt_heap_escrow</STRONG> (Thumb, 2 bytes, Stack size 0 bytes, heapauxi.o(.text), UNUSED)

<P><STRONG><a name="[4]"></a>__rt_heap_expand</STRONG> (Thumb, 2 bytes, Stack size 0 bytes, heapauxi.o(.text), UNUSED)

<P><STRONG><a name="[47]"></a>__rt_heap_descriptor</STRONG> (Thumb, 8 bytes, Stack size 0 bytes, rt_heap_descriptor_intlibspace.o(.text))
<BR><BR>[Called By]<UL><LI><a href="#[49]">&gt;&gt;</a>&nbsp;&nbsp;&nbsp;free
<LI><a href="#[46]">&gt;&gt;</a>&nbsp;&nbsp;&nbsp;malloc
<LI><a href="#[3a]">&gt;&gt;</a>&nbsp;&nbsp;&nbsp;_init_alloc
</UL>

<P><STRONG><a name="[11a]"></a>__use_no_heap</STRONG> (Thumb, 2 bytes, Stack size 0 bytes, hguard.o(.text), UNUSED)

<P><STRONG><a name="[11b]"></a>__heap$guard</STRONG> (Thumb, 2 bytes, Stack size 0 bytes, hguard.o(.text), UNUSED)

<P><STRONG><a name="[c]"></a>_terminate_user_alloc</STRONG> (Thumb, 2 bytes, Stack size 0 bytes, init_alloc.o(.text), UNUSED)

<P><STRONG><a name="[8]"></a>_init_user_alloc</STRONG> (Thumb, 2 bytes, Stack size 0 bytes, init_alloc.o(.text), UNUSED)

<P><STRONG><a name="[48]"></a>__Heap_Full</STRONG> (Thumb, 32 bytes, Stack size 16 bytes, init_alloc.o(.text))
<BR><BR>[Stack]<UL><LI>Max Depth = 40<LI>Call Chain = __Heap_Full &rArr; __Heap_ProvideMemory &rArr; free
</UL>
<BR>[Calls]<UL><LI><a href="#[50]">&gt;&gt;</a>&nbsp;&nbsp;&nbsp;__Heap_ProvideMemory
</UL>
<BR>[Called By]<UL><LI><a href="#[46]">&gt;&gt;</a>&nbsp;&nbsp;&nbsp;malloc
</UL>

<P><STRONG><a name="[51]"></a>__Heap_Broken</STRONG> (Thumb, 10 bytes, Stack size 8 bytes, init_alloc.o(.text), UNUSED)
<BR><BR>[Calls]<UL><LI><a href="#[52]">&gt;&gt;</a>&nbsp;&nbsp;&nbsp;__rt_SIGRTMEM
</UL>

<P><STRONG><a name="[3a]"></a>_init_alloc</STRONG> (Thumb, 90 bytes, Stack size 24 bytes, init_alloc.o(.text))
<BR><BR>[Stack]<UL><LI>Max Depth = 64<LI>Call Chain = _init_alloc &rArr; __rt_SIGRTMEM &rArr; __rt_SIGRTMEM_inner &rArr; __default_signal_display &rArr; _ttywrch
</UL>
<BR>[Calls]<UL><LI><a href="#[52]">&gt;&gt;</a>&nbsp;&nbsp;&nbsp;__rt_SIGRTMEM
<LI><a href="#[50]">&gt;&gt;</a>&nbsp;&nbsp;&nbsp;__Heap_ProvideMemory
<LI><a href="#[53]">&gt;&gt;</a>&nbsp;&nbsp;&nbsp;__Heap_Initialize
<LI><a href="#[47]">&gt;&gt;</a>&nbsp;&nbsp;&nbsp;__rt_heap_descriptor
</UL>
<BR>[Called By]<UL><LI><a href="#[39]">&gt;&gt;</a>&nbsp;&nbsp;&nbsp;__rt_lib_init_heap_2
</UL>

<P><STRONG><a name="[53]"></a>__Heap_Initialize</STRONG> (Thumb, 10 bytes, Stack size 0 bytes, h1_init.o(.text))
<BR><BR>[Called By]<UL><LI><a href="#[3a]">&gt;&gt;</a>&nbsp;&nbsp;&nbsp;_init_alloc
</UL>

<P><STRONG><a name="[6]"></a>__Heap_DescSize</STRONG> (Thumb, 4 bytes, Stack size 0 bytes, h1_init.o(.text), UNUSED)

<P><STRONG><a name="[11c]"></a>__user_libspace</STRONG> (Thumb, 8 bytes, Stack size 0 bytes, libspace.o(.text), UNUSED)

<P><STRONG><a name="[56]"></a>__user_perproc_libspace</STRONG> (Thumb, 0 bytes, Stack size 0 bytes, libspace.o(.text))
<BR><BR>[Called By]<UL><LI><a href="#[3c]">&gt;&gt;</a>&nbsp;&nbsp;&nbsp;__user_setup_stackheap
</UL>

<P><STRONG><a name="[11d]"></a>__user_perthread_libspace</STRONG> (Thumb, 0 bytes, Stack size 0 bytes, libspace.o(.text), UNUSED)

<P><STRONG><a name="[50]"></a>__Heap_ProvideMemory</STRONG> (Thumb, 52 bytes, Stack size 8 bytes, h1_extend.o(.text))
<BR><BR>[Stack]<UL><LI>Max Depth = 24<LI>Call Chain = __Heap_ProvideMemory &rArr; free
</UL>
<BR>[Calls]<UL><LI><a href="#[49]">&gt;&gt;</a>&nbsp;&nbsp;&nbsp;free
</UL>
<BR>[Called By]<UL><LI><a href="#[3a]">&gt;&gt;</a>&nbsp;&nbsp;&nbsp;_init_alloc
<LI><a href="#[48]">&gt;&gt;</a>&nbsp;&nbsp;&nbsp;__Heap_Full
</UL>

<P><STRONG><a name="[52]"></a>__rt_SIGRTMEM</STRONG> (Thumb, 12 bytes, Stack size 8 bytes, defsig_rtmem_outer.o(.text))
<BR><BR>[Stack]<UL><LI>Max Depth = 40<LI>Call Chain = __rt_SIGRTMEM &rArr; __rt_SIGRTMEM_inner &rArr; __default_signal_display &rArr; _ttywrch
</UL>
<BR>[Calls]<UL><LI><a href="#[54]">&gt;&gt;</a>&nbsp;&nbsp;&nbsp;__rt_SIGRTMEM_inner
<LI><a href="#[55]">&gt;&gt;</a>&nbsp;&nbsp;&nbsp;__sig_exit
</UL>
<BR>[Called By]<UL><LI><a href="#[3a]">&gt;&gt;</a>&nbsp;&nbsp;&nbsp;_init_alloc
<LI><a href="#[51]">&gt;&gt;</a>&nbsp;&nbsp;&nbsp;__Heap_Broken
</UL>

<P><STRONG><a name="[11e]"></a>__I$use$semihosting</STRONG> (Thumb, 0 bytes, Stack size 0 bytes, use_no_semi.o(.text), UNUSED)

<P><STRONG><a name="[11f]"></a>__use_no_semihosting_swi</STRONG> (Thumb, 2 bytes, Stack size 0 bytes, use_no_semi.o(.text), UNUSED)

<P><STRONG><a name="[120]"></a>__semihosting_library_function</STRONG> (Thumb, 0 bytes, Stack size 8 bytes, indicate_semi.o(.text), UNUSED)

<P><STRONG><a name="[3c]"></a>__user_setup_stackheap</STRONG> (Thumb, 62 bytes, Stack size 8 bytes, sys_stackheap_outer.o(.text))
<BR><BR>[Stack]<UL><LI>Max Depth = 8 + Unknown Stack Size
<LI>Call Chain = __user_setup_stackheap
</UL>
<BR>[Calls]<UL><LI><a href="#[57]">&gt;&gt;</a>&nbsp;&nbsp;&nbsp;__user_initial_stackheap
<LI><a href="#[56]">&gt;&gt;</a>&nbsp;&nbsp;&nbsp;__user_perproc_libspace
</UL>
<BR>[Called By]<UL><LI><a href="#[3b]">&gt;&gt;</a>&nbsp;&nbsp;&nbsp;__rt_entry_sh
</UL>

<P><STRONG><a name="[41]"></a>exit</STRONG> (Thumb, 16 bytes, Stack size 8 bytes, exit.o(.text))
<BR><BR>[Stack]<UL><LI>Max Depth = 8 + Unknown Stack Size
<LI>Call Chain = exit
</UL>
<BR>[Calls]<UL><LI><a href="#[59]">&gt;&gt;</a>&nbsp;&nbsp;&nbsp;__rt_exit
<LI><a href="#[58]">&gt;&gt;</a>&nbsp;&nbsp;&nbsp;_call_atexit_fns (Weak Reference)
</UL>
<BR>[Called By]<UL><LI><a href="#[3f]">&gt;&gt;</a>&nbsp;&nbsp;&nbsp;__rt_entry_main
</UL>

<P><STRONG><a name="[55]"></a>__sig_exit</STRONG> (Thumb, 12 bytes, Stack size 8 bytes, defsig_exit.o(.text))
<BR><BR>[Stack]<UL><LI>Max Depth = 8<LI>Call Chain = __sig_exit
</UL>
<BR>[Calls]<UL><LI><a href="#[45]">&gt;&gt;</a>&nbsp;&nbsp;&nbsp;_sys_exit
</UL>
<BR>[Called By]<UL><LI><a href="#[52]">&gt;&gt;</a>&nbsp;&nbsp;&nbsp;__rt_SIGRTMEM
</UL>

<P><STRONG><a name="[54]"></a>__rt_SIGRTMEM_inner</STRONG> (Thumb, 22 bytes, Stack size 8 bytes, defsig_rtmem_inner.o(.text))
<BR><BR>[Stack]<UL><LI>Max Depth = 32<LI>Call Chain = __rt_SIGRTMEM_inner &rArr; __default_signal_display &rArr; _ttywrch
</UL>
<BR>[Calls]<UL><LI><a href="#[5a]">&gt;&gt;</a>&nbsp;&nbsp;&nbsp;__default_signal_display
</UL>
<BR>[Called By]<UL><LI><a href="#[52]">&gt;&gt;</a>&nbsp;&nbsp;&nbsp;__rt_SIGRTMEM
</UL>

<P><STRONG><a name="[45]"></a>_sys_exit</STRONG> (Thumb, 8 bytes, Stack size 0 bytes, sys_exit.o(.text))
<BR><BR>[Called By]<UL><LI><a href="#[44]">&gt;&gt;</a>&nbsp;&nbsp;&nbsp;__rt_exit_exit
<LI><a href="#[55]">&gt;&gt;</a>&nbsp;&nbsp;&nbsp;__sig_exit
</UL>

<P><STRONG><a name="[5a]"></a>__default_signal_display</STRONG> (Thumb, 52 bytes, Stack size 16 bytes, defsig_general.o(.text))
<BR><BR>[Stack]<UL><LI>Max Depth = 24<LI>Call Chain = __default_signal_display &rArr; _ttywrch
</UL>
<BR>[Calls]<UL><LI><a href="#[5b]">&gt;&gt;</a>&nbsp;&nbsp;&nbsp;_ttywrch
</UL>
<BR>[Called By]<UL><LI><a href="#[54]">&gt;&gt;</a>&nbsp;&nbsp;&nbsp;__rt_SIGRTMEM_inner
</UL>

<P><STRONG><a name="[5b]"></a>_ttywrch</STRONG> (Thumb, 12 bytes, Stack size 8 bytes, sys_wrch.o(.text))
<BR><BR>[Stack]<UL><LI>Max Depth = 8<LI>Call Chain = _ttywrch
</UL>
<BR>[Called By]<UL><LI><a href="#[5a]">&gt;&gt;</a>&nbsp;&nbsp;&nbsp;__default_signal_display
</UL>

<P><STRONG><a name="[121]"></a>__decompress</STRONG> (Thumb, 0 bytes, Stack size unknown bytes, __dczerorl2.o(.text), UNUSED)

<P><STRONG><a name="[122]"></a>__decompress1</STRONG> (Thumb, 86 bytes, Stack size unknown bytes, __dczerorl2.o(.text), UNUSED)

<P><STRONG><a name="[c2]"></a>CRS_AutomaticCalibrationCmd</STRONG> (Thumb, 32 bytes, Stack size 0 bytes, ft32f0xx_crs.o(i.CRS_AutomaticCalibrationCmd))
<BR><BR>[Called By]<UL><LI><a href="#[b9]">&gt;&gt;</a>&nbsp;&nbsp;&nbsp;USB_Init
</UL>

<P><STRONG><a name="[c1]"></a>CRS_FrequencyErrorCounterCmd</STRONG> (Thumb, 32 bytes, Stack size 0 bytes, ft32f0xx_crs.o(i.CRS_FrequencyErrorCounterCmd))
<BR><BR>[Called By]<UL><LI><a href="#[b9]">&gt;&gt;</a>&nbsp;&nbsp;&nbsp;USB_Init
</UL>

<P><STRONG><a name="[5e]"></a>Driver_Check</STRONG> (Thumb, 56 bytes, Stack size 8 bytes, driver.o(i.Driver_Check))
<BR><BR>[Stack]<UL><LI>Max Depth = 616<LI>Call Chain = Driver_Check &rArr; Iap2Link_TransferDone &rArr; SessionMgr_Fsm &rArr; SessionMgr_FsmRxReq &rArr; Iap2Link_TxData &rArr; SwTimer_Start &rArr; SEGGER_RTT_printf &rArr; SEGGER_RTT_vprintf &rArr; _PrintInt &rArr; _PrintUnsigned &rArr; _StoreChar &rArr; SEGGER_RTT_Write &rArr; SEGGER_RTT_WriteNoLock &rArr; _WriteNoCheck &rArr; __aeabi_memcpy
</UL>
<BR>[Calls]<UL><LI><a href="#[5f]">&gt;&gt;</a>&nbsp;&nbsp;&nbsp;Iap2Link_TransferDone
</UL>
<BR>[Called By]<UL><LI><a href="#[40]">&gt;&gt;</a>&nbsp;&nbsp;&nbsp;main
</UL>

<P><STRONG><a name="[60]"></a>Driver_RxDone</STRONG> (Thumb, 82 bytes, Stack size 16 bytes, driver.o(i.Driver_RxDone))
<BR><BR>[Stack]<UL><LI>Max Depth = 440<LI>Call Chain = Driver_RxDone &rArr; SEGGER_RTT_printf &rArr; SEGGER_RTT_vprintf &rArr; _PrintInt &rArr; _PrintUnsigned &rArr; _StoreChar &rArr; SEGGER_RTT_Write &rArr; SEGGER_RTT_WriteNoLock &rArr; _WriteNoCheck &rArr; __aeabi_memcpy
</UL>
<BR>[Calls]<UL><LI><a href="#[5d]">&gt;&gt;</a>&nbsp;&nbsp;&nbsp;SEGGER_RTT_printf
<LI><a href="#[61]">&gt;&gt;</a>&nbsp;&nbsp;&nbsp;__aeabi_uread4
<LI><a href="#[4a]">&gt;&gt;</a>&nbsp;&nbsp;&nbsp;__aeabi_memcpy
</UL>
<BR>[Called By]<UL><LI><a href="#[d9]">&gt;&gt;</a>&nbsp;&nbsp;&nbsp;iAP2PacketParseBuffer
</UL>

<P><STRONG><a name="[34]"></a>Driver_TransferStart</STRONG> (Thumb, 76 bytes, Stack size 16 bytes, driver.o(i.Driver_TransferStart))
<BR><BR>[Stack]<UL><LI>Max Depth = 560<LI>Call Chain = Driver_TransferStart &rArr; usb_send_data_buffer &rArr; USB_EP_Tx &rArr; EndpointBulkIn &rArr; FIFOWrite &rArr; SEGGER_RTT_printf &rArr; SEGGER_RTT_vprintf &rArr; _PrintInt &rArr; _PrintUnsigned &rArr; _StoreChar &rArr; SEGGER_RTT_Write &rArr; SEGGER_RTT_WriteNoLock &rArr; _WriteNoCheck &rArr; __aeabi_memcpy
</UL>
<BR>[Calls]<UL><LI><a href="#[5d]">&gt;&gt;</a>&nbsp;&nbsp;&nbsp;SEGGER_RTT_printf
<LI><a href="#[62]">&gt;&gt;</a>&nbsp;&nbsp;&nbsp;usb_send_data_buffer
<LI><a href="#[61]">&gt;&gt;</a>&nbsp;&nbsp;&nbsp;__aeabi_uread4
</UL>
<BR>[Address Reference Count : 1]<UL><LI> main.o(i.main)
</UL>
<P><STRONG><a name="[63]"></a>EndpointBulkIn</STRONG> (Thumb, 120 bytes, Stack size 32 bytes, usb_core.o(i.EndpointBulkIn))
<BR><BR>[Stack]<UL><LI>Max Depth = 496<LI>Call Chain = EndpointBulkIn &rArr; FIFOWrite &rArr; SEGGER_RTT_printf &rArr; SEGGER_RTT_vprintf &rArr; _PrintInt &rArr; _PrintUnsigned &rArr; _StoreChar &rArr; SEGGER_RTT_Write &rArr; SEGGER_RTT_WriteNoLock &rArr; _WriteNoCheck &rArr; __aeabi_memcpy
</UL>
<BR>[Calls]<UL><LI><a href="#[64]">&gt;&gt;</a>&nbsp;&nbsp;&nbsp;FIFOWrite
<LI><a href="#[5d]">&gt;&gt;</a>&nbsp;&nbsp;&nbsp;SEGGER_RTT_printf
</UL>
<BR>[Called By]<UL><LI><a href="#[b7]">&gt;&gt;</a>&nbsp;&nbsp;&nbsp;USB_Reset
<LI><a href="#[af]">&gt;&gt;</a>&nbsp;&nbsp;&nbsp;USB_EP_Tx
</UL>

<P><STRONG><a name="[65]"></a>EndpointBulkOut</STRONG> (Thumb, 112 bytes, Stack size 32 bytes, usb_core.o(i.EndpointBulkOut))
<BR><BR>[Stack]<UL><LI>Max Depth = 496<LI>Call Chain = EndpointBulkOut &rArr; FIFORead &rArr; SEGGER_RTT_printf &rArr; SEGGER_RTT_vprintf &rArr; _PrintInt &rArr; _PrintUnsigned &rArr; _StoreChar &rArr; SEGGER_RTT_Write &rArr; SEGGER_RTT_WriteNoLock &rArr; _WriteNoCheck &rArr; __aeabi_memcpy
</UL>
<BR>[Calls]<UL><LI><a href="#[66]">&gt;&gt;</a>&nbsp;&nbsp;&nbsp;FIFORead
</UL>
<BR>[Called By]<UL><LI><a href="#[b7]">&gt;&gt;</a>&nbsp;&nbsp;&nbsp;USB_Reset
<LI><a href="#[ae]">&gt;&gt;</a>&nbsp;&nbsp;&nbsp;USB_EP_Rx
</UL>

<P><STRONG><a name="[66]"></a>FIFORead</STRONG> (Thumb, 98 bytes, Stack size 40 bytes, usb_core.o(i.FIFORead))
<BR><BR>[Stack]<UL><LI>Max Depth = 464<LI>Call Chain = FIFORead &rArr; SEGGER_RTT_printf &rArr; SEGGER_RTT_vprintf &rArr; _PrintInt &rArr; _PrintUnsigned &rArr; _StoreChar &rArr; SEGGER_RTT_Write &rArr; SEGGER_RTT_WriteNoLock &rArr; _WriteNoCheck &rArr; __aeabi_memcpy
</UL>
<BR>[Calls]<UL><LI><a href="#[5d]">&gt;&gt;</a>&nbsp;&nbsp;&nbsp;SEGGER_RTT_printf
</UL>
<BR>[Called By]<UL><LI><a href="#[b0]">&gt;&gt;</a>&nbsp;&nbsp;&nbsp;USB_Endpoint0
<LI><a href="#[65]">&gt;&gt;</a>&nbsp;&nbsp;&nbsp;EndpointBulkOut
<LI><a href="#[b3]">&gt;&gt;</a>&nbsp;&nbsp;&nbsp;USB_Endpoint0_Rx
</UL>

<P><STRONG><a name="[64]"></a>FIFOWrite</STRONG> (Thumb, 100 bytes, Stack size 40 bytes, usb_core.o(i.FIFOWrite))
<BR><BR>[Stack]<UL><LI>Max Depth = 464<LI>Call Chain = FIFOWrite &rArr; SEGGER_RTT_printf &rArr; SEGGER_RTT_vprintf &rArr; _PrintInt &rArr; _PrintUnsigned &rArr; _StoreChar &rArr; SEGGER_RTT_Write &rArr; SEGGER_RTT_WriteNoLock &rArr; _WriteNoCheck &rArr; __aeabi_memcpy
</UL>
<BR>[Calls]<UL><LI><a href="#[5d]">&gt;&gt;</a>&nbsp;&nbsp;&nbsp;SEGGER_RTT_printf
</UL>
<BR>[Called By]<UL><LI><a href="#[63]">&gt;&gt;</a>&nbsp;&nbsp;&nbsp;EndpointBulkIn
<LI><a href="#[b2]">&gt;&gt;</a>&nbsp;&nbsp;&nbsp;USB_Endpoint0_Tx
</UL>

<P><STRONG><a name="[eb]"></a>GPIO_Init</STRONG> (Thumb, 144 bytes, Stack size 20 bytes, ft32f0xx_gpio.o(i.GPIO_Init))
<BR><BR>[Stack]<UL><LI>Max Depth = 20<LI>Call Chain = GPIO_Init
</UL>
<BR>[Called By]<UL><LI><a href="#[db]">&gt;&gt;</a>&nbsp;&nbsp;&nbsp;set_IO_PinMode
</UL>

<P><STRONG><a name="[e8]"></a>GPIO_ReadInputDataBit</STRONG> (Thumb, 20 bytes, Stack size 0 bytes, ft32f0xx_gpio.o(i.GPIO_ReadInputDataBit))
<BR><BR>[Called By]<UL><LI><a href="#[e9]">&gt;&gt;</a>&nbsp;&nbsp;&nbsp;scan_row
<LI><a href="#[ea]">&gt;&gt;</a>&nbsp;&nbsp;&nbsp;scan_col
<LI><a href="#[e4]">&gt;&gt;</a>&nbsp;&nbsp;&nbsp;matrix_scan_again
</UL>

<P><STRONG><a name="[d0]"></a>GPIO_WriteBit</STRONG> (Thumb, 12 bytes, Stack size 0 bytes, ft32f0xx_gpio.o(i.GPIO_WriteBit))
<BR><BR>[Called By]<UL><LI><a href="#[dd]">&gt;&gt;</a>&nbsp;&nbsp;&nbsp;init_scan_row
<LI><a href="#[dc]">&gt;&gt;</a>&nbsp;&nbsp;&nbsp;init_scan_col
<LI><a href="#[e4]">&gt;&gt;</a>&nbsp;&nbsp;&nbsp;matrix_scan_again
<LI><a href="#[cf]">&gt;&gt;</a>&nbsp;&nbsp;&nbsp;hotKey
</UL>

<P><STRONG><a name="[a7]"></a>GetTime</STRONG> (Thumb, 6 bytes, Stack size 0 bytes, systick.o(i.GetTime))
<BR><BR>[Called By]<UL><LI><a href="#[a9]">&gt;&gt;</a>&nbsp;&nbsp;&nbsp;SysTick_Delay_Ms
<LI><a href="#[88]">&gt;&gt;</a>&nbsp;&nbsp;&nbsp;SwTimer_isTimerOutEx
<LI><a href="#[86]">&gt;&gt;</a>&nbsp;&nbsp;&nbsp;SwTimer_Start
</UL>

<P><STRONG><a name="[67]"></a>HID_GetIdleEvent</STRONG> (Thumb, 50 bytes, Stack size 16 bytes, usb_core.o(i.HID_GetIdleEvent))
<BR><BR>[Stack]<UL><LI>Max Depth = 16<LI>Call Chain = HID_GetIdleEvent
</UL>
<BR>[Calls]<UL><LI><a href="#[68]">&gt;&gt;</a>&nbsp;&nbsp;&nbsp;__aeabi_uwrite4
</UL>
<BR>[Called By]<UL><LI><a href="#[b5]">&gt;&gt;</a>&nbsp;&nbsp;&nbsp;USB_HID_Class_Req
</UL>

<P><STRONG><a name="[69]"></a>HID_GetProtocolEvent</STRONG> (Thumb, 50 bytes, Stack size 16 bytes, usb_core.o(i.HID_GetProtocolEvent))
<BR><BR>[Stack]<UL><LI>Max Depth = 16<LI>Call Chain = HID_GetProtocolEvent
</UL>
<BR>[Calls]<UL><LI><a href="#[68]">&gt;&gt;</a>&nbsp;&nbsp;&nbsp;__aeabi_uwrite4
</UL>
<BR>[Called By]<UL><LI><a href="#[b5]">&gt;&gt;</a>&nbsp;&nbsp;&nbsp;USB_HID_Class_Req
</UL>

<P><STRONG><a name="[6a]"></a>HID_GetReportEvent</STRONG> (Thumb, 90 bytes, Stack size 16 bytes, usb_core.o(i.HID_GetReportEvent))
<BR><BR>[Stack]<UL><LI>Max Depth = 16<LI>Call Chain = HID_GetReportEvent
</UL>
<BR>[Calls]<UL><LI><a href="#[68]">&gt;&gt;</a>&nbsp;&nbsp;&nbsp;__aeabi_uwrite4
</UL>
<BR>[Called By]<UL><LI><a href="#[b5]">&gt;&gt;</a>&nbsp;&nbsp;&nbsp;USB_HID_Class_Req
</UL>

<P><STRONG><a name="[6b]"></a>HID_SetIdleEvent</STRONG> (Thumb, 46 bytes, Stack size 16 bytes, usb_core.o(i.HID_SetIdleEvent))
<BR><BR>[Stack]<UL><LI>Max Depth = 16<LI>Call Chain = HID_SetIdleEvent
</UL>
<BR>[Calls]<UL><LI><a href="#[68]">&gt;&gt;</a>&nbsp;&nbsp;&nbsp;__aeabi_uwrite4
</UL>
<BR>[Called By]<UL><LI><a href="#[b5]">&gt;&gt;</a>&nbsp;&nbsp;&nbsp;USB_HID_Class_Req
</UL>

<P><STRONG><a name="[6c]"></a>HID_SetProtocolEvent</STRONG> (Thumb, 44 bytes, Stack size 16 bytes, usb_core.o(i.HID_SetProtocolEvent))
<BR><BR>[Stack]<UL><LI>Max Depth = 16<LI>Call Chain = HID_SetProtocolEvent
</UL>
<BR>[Calls]<UL><LI><a href="#[68]">&gt;&gt;</a>&nbsp;&nbsp;&nbsp;__aeabi_uwrite4
</UL>
<BR>[Called By]<UL><LI><a href="#[b5]">&gt;&gt;</a>&nbsp;&nbsp;&nbsp;USB_HID_Class_Req
</UL>

<P><STRONG><a name="[6d]"></a>HID_SetReportEvent</STRONG> (Thumb, 90 bytes, Stack size 16 bytes, usb_core.o(i.HID_SetReportEvent))
<BR><BR>[Stack]<UL><LI>Max Depth = 16<LI>Call Chain = HID_SetReportEvent
</UL>
<BR>[Calls]<UL><LI><a href="#[68]">&gt;&gt;</a>&nbsp;&nbsp;&nbsp;__aeabi_uwrite4
</UL>
<BR>[Called By]<UL><LI><a href="#[b5]">&gt;&gt;</a>&nbsp;&nbsp;&nbsp;USB_HID_Class_Req
</UL>

<P><STRONG><a name="[d6]"></a>I2C_AcknowledgeConfig</STRONG> (Thumb, 28 bytes, Stack size 0 bytes, ft32f0xx_i2c.o(i.I2C_AcknowledgeConfig))
<BR><BR>[Called By]<UL><LI><a href="#[73]">&gt;&gt;</a>&nbsp;&nbsp;&nbsp;i2c_readdata
</UL>

<P><STRONG><a name="[e0]"></a>I2C_Cmd</STRONG> (Thumb, 24 bytes, Stack size 0 bytes, ft32f0xx_i2c.o(i.I2C_Cmd))
<BR><BR>[Called By]<UL><LI><a href="#[40]">&gt;&gt;</a>&nbsp;&nbsp;&nbsp;main
</UL>

<P><STRONG><a name="[6e]"></a>I2C_DeInit</STRONG> (Thumb, 50 bytes, Stack size 8 bytes, ft32f0xx_i2c.o(i.I2C_DeInit))
<BR><BR>[Stack]<UL><LI>Max Depth = 8<LI>Call Chain = I2C_DeInit
</UL>
<BR>[Calls]<UL><LI><a href="#[6f]">&gt;&gt;</a>&nbsp;&nbsp;&nbsp;RCC_APB1PeriphResetCmd
</UL>
<BR>[Called By]<UL><LI><a href="#[40]">&gt;&gt;</a>&nbsp;&nbsp;&nbsp;main
</UL>

<P><STRONG><a name="[d2]"></a>I2C_GenerateSTART</STRONG> (Thumb, 28 bytes, Stack size 0 bytes, ft32f0xx_i2c.o(i.I2C_GenerateSTART))
<BR><BR>[Called By]<UL><LI><a href="#[75]">&gt;&gt;</a>&nbsp;&nbsp;&nbsp;i2c_senddata
<LI><a href="#[73]">&gt;&gt;</a>&nbsp;&nbsp;&nbsp;i2c_readdata
</UL>

<P><STRONG><a name="[d8]"></a>I2C_GenerateSTOP</STRONG> (Thumb, 28 bytes, Stack size 0 bytes, ft32f0xx_i2c.o(i.I2C_GenerateSTOP))
<BR><BR>[Called By]<UL><LI><a href="#[75]">&gt;&gt;</a>&nbsp;&nbsp;&nbsp;i2c_senddata
<LI><a href="#[73]">&gt;&gt;</a>&nbsp;&nbsp;&nbsp;i2c_readdata
</UL>

<P><STRONG><a name="[df]"></a>I2C_Init</STRONG> (Thumb, 98 bytes, Stack size 8 bytes, ft32f0xx_i2c.o(i.I2C_Init))
<BR><BR>[Stack]<UL><LI>Max Depth = 8<LI>Call Chain = I2C_Init
</UL>
<BR>[Called By]<UL><LI><a href="#[40]">&gt;&gt;</a>&nbsp;&nbsp;&nbsp;main
</UL>

<P><STRONG><a name="[d3]"></a>I2C_MasterRequestConfig</STRONG> (Thumb, 28 bytes, Stack size 0 bytes, ft32f0xx_i2c.o(i.I2C_MasterRequestConfig))
<BR><BR>[Called By]<UL><LI><a href="#[75]">&gt;&gt;</a>&nbsp;&nbsp;&nbsp;i2c_senddata
<LI><a href="#[73]">&gt;&gt;</a>&nbsp;&nbsp;&nbsp;i2c_readdata
</UL>

<P><STRONG><a name="[d7]"></a>I2C_ReceiveData</STRONG> (Thumb, 8 bytes, Stack size 0 bytes, ft32f0xx_i2c.o(i.I2C_ReceiveData))
<BR><BR>[Called By]<UL><LI><a href="#[73]">&gt;&gt;</a>&nbsp;&nbsp;&nbsp;i2c_readdata
</UL>

<P><STRONG><a name="[d5]"></a>I2C_SendData</STRONG> (Thumb, 4 bytes, Stack size 0 bytes, ft32f0xx_i2c.o(i.I2C_SendData))
<BR><BR>[Called By]<UL><LI><a href="#[75]">&gt;&gt;</a>&nbsp;&nbsp;&nbsp;i2c_senddata
<LI><a href="#[73]">&gt;&gt;</a>&nbsp;&nbsp;&nbsp;i2c_readdata
</UL>

<P><STRONG><a name="[d4]"></a>I2C_SlaveAddressConfig</STRONG> (Thumb, 20 bytes, Stack size 0 bytes, ft32f0xx_i2c.o(i.I2C_SlaveAddressConfig))
<BR><BR>[Called By]<UL><LI><a href="#[75]">&gt;&gt;</a>&nbsp;&nbsp;&nbsp;i2c_senddata
<LI><a href="#[73]">&gt;&gt;</a>&nbsp;&nbsp;&nbsp;i2c_readdata
</UL>

<P><STRONG><a name="[de]"></a>I2C_StructInit</STRONG> (Thumb, 24 bytes, Stack size 0 bytes, ft32f0xx_i2c.o(i.I2C_StructInit))
<BR><BR>[Called By]<UL><LI><a href="#[40]">&gt;&gt;</a>&nbsp;&nbsp;&nbsp;main
</UL>

<P><STRONG><a name="[70]"></a>Iap2CtrlSessionMsg_AddParam</STRONG> (Thumb, 66 bytes, Stack size 40 bytes, iap2ctrlsession.o(i.Iap2CtrlSessionMsg_AddParam))
<BR><BR>[Stack]<UL><LI>Max Depth = 64<LI>Call Chain = Iap2CtrlSessionMsg_AddParam &rArr; __aeabi_memcpy
</UL>
<BR>[Calls]<UL><LI><a href="#[4a]">&gt;&gt;</a>&nbsp;&nbsp;&nbsp;__aeabi_memcpy
</UL>
<BR>[Called By]<UL><LI><a href="#[32]">&gt;&gt;</a>&nbsp;&nbsp;&nbsp;Iap2CtrlSession_ReqProc
</UL>

<P><STRONG><a name="[71]"></a>Iap2CtrlSessionMsg_Init</STRONG> (Thumb, 40 bytes, Stack size 16 bytes, iap2ctrlsession.o(i.Iap2CtrlSessionMsg_Init))
<BR><BR>[Stack]<UL><LI>Max Depth = 16<LI>Call Chain = Iap2CtrlSessionMsg_Init
</UL>
<BR>[Calls]<UL><LI><a href="#[4e]">&gt;&gt;</a>&nbsp;&nbsp;&nbsp;__aeabi_memclr
</UL>
<BR>[Called By]<UL><LI><a href="#[32]">&gt;&gt;</a>&nbsp;&nbsp;&nbsp;Iap2CtrlSession_ReqProc
</UL>

<P><STRONG><a name="[31]"></a>Iap2CtrlSession_EventProc</STRONG> (Thumb, 108 bytes, Stack size 16 bytes, iap2ctrlsession.o(i.Iap2CtrlSession_EventProc))
<BR><BR>[Stack]<UL><LI>Max Depth = 480<LI>Call Chain = Iap2CtrlSession_EventProc &rArr; SessionMgr_RxReq &rArr; Iap2Link_RcvData &rArr; SEGGER_RTT_printf &rArr; SEGGER_RTT_vprintf &rArr; _PrintInt &rArr; _PrintUnsigned &rArr; _StoreChar &rArr; SEGGER_RTT_Write &rArr; SEGGER_RTT_WriteNoLock &rArr; _WriteNoCheck &rArr; __aeabi_memcpy
</UL>
<BR>[Calls]<UL><LI><a href="#[77]">&gt;&gt;</a>&nbsp;&nbsp;&nbsp;SessionMgr_TxReq
<LI><a href="#[76]">&gt;&gt;</a>&nbsp;&nbsp;&nbsp;SessionMgr_RxReq
</UL>
<BR>[Address Reference Count : 1]<UL><LI> iap2ctrlsession.o(i.Iap2CtrlSession_Init)
</UL>
<P><STRONG><a name="[79]"></a>Iap2CtrlSession_Init</STRONG> (Thumb, 76 bytes, Stack size 16 bytes, iap2ctrlsession.o(i.Iap2CtrlSession_Init))
<BR><BR>[Stack]<UL><LI>Max Depth = 56<LI>Call Chain = Iap2CtrlSession_Init &rArr; Iap2Link_RegSession &rArr; __aeabi_memcpy
</UL>
<BR>[Calls]<UL><LI><a href="#[7b]">&gt;&gt;</a>&nbsp;&nbsp;&nbsp;Iap2Link_RegSession
<LI><a href="#[7a]">&gt;&gt;</a>&nbsp;&nbsp;&nbsp;SessionMgr_Init
<LI><a href="#[68]">&gt;&gt;</a>&nbsp;&nbsp;&nbsp;__aeabi_uwrite4
<LI><a href="#[4e]">&gt;&gt;</a>&nbsp;&nbsp;&nbsp;__aeabi_memclr
</UL>
<BR>[Called By]<UL><LI><a href="#[40]">&gt;&gt;</a>&nbsp;&nbsp;&nbsp;main
</UL>

<P><STRONG><a name="[32]"></a>Iap2CtrlSession_ReqProc</STRONG> (Thumb, 184 bytes, Stack size 40 bytes, iap2ctrlsession.o(i.Iap2CtrlSession_ReqProc))
<BR><BR>[Stack]<UL><LI>Max Depth = 1144<LI>Call Chain = Iap2CtrlSession_ReqProc &rArr; startKeyboardHid &rArr; malloc &rArr; __Heap_Full &rArr; __Heap_ProvideMemory &rArr; free
</UL>
<BR>[Calls]<UL><LI><a href="#[7c]">&gt;&gt;</a>&nbsp;&nbsp;&nbsp;startKeyboardHid
<LI><a href="#[71]">&gt;&gt;</a>&nbsp;&nbsp;&nbsp;Iap2CtrlSessionMsg_Init
<LI><a href="#[70]">&gt;&gt;</a>&nbsp;&nbsp;&nbsp;Iap2CtrlSessionMsg_AddParam
<LI><a href="#[78]">&gt;&gt;</a>&nbsp;&nbsp;&nbsp;Iap2CtrlSession_GetIDInfo
<LI><a href="#[74]">&gt;&gt;</a>&nbsp;&nbsp;&nbsp;Iap2CtrlSession_ChallengeRsp
<LI><a href="#[72]">&gt;&gt;</a>&nbsp;&nbsp;&nbsp;Iap2CtrlSession_AuthenticationCerticate
</UL>
<BR>[Address Reference Count : 1]<UL><LI> iap2ctrlsession.o(i.Iap2CtrlSession_Init)
</UL>
<P><STRONG><a name="[33]"></a>Iap2CtrlSession_RspProc</STRONG> (Thumb, 6 bytes, Stack size 0 bytes, iap2ctrlsession.o(i.Iap2CtrlSession_RspProc))
<BR>[Address Reference Count : 1]<UL><LI> iap2ctrlsession.o(i.Iap2CtrlSession_Init)
</UL>
<P><STRONG><a name="[7d]"></a>Iap2LinkPkt_Init</STRONG> (Thumb, 152 bytes, Stack size 48 bytes, iap2link.o(i.Iap2LinkPkt_Init))
<BR><BR>[Stack]<UL><LI>Max Depth = 72<LI>Call Chain = Iap2LinkPkt_Init &rArr; __aeabi_memcpy
</UL>
<BR>[Calls]<UL><LI><a href="#[49]">&gt;&gt;</a>&nbsp;&nbsp;&nbsp;free
<LI><a href="#[7e]">&gt;&gt;</a>&nbsp;&nbsp;&nbsp;Iap2LinkPkt_GetCheckSum
<LI><a href="#[68]">&gt;&gt;</a>&nbsp;&nbsp;&nbsp;__aeabi_uwrite4
<LI><a href="#[61]">&gt;&gt;</a>&nbsp;&nbsp;&nbsp;__aeabi_uread4
<LI><a href="#[4e]">&gt;&gt;</a>&nbsp;&nbsp;&nbsp;__aeabi_memclr
<LI><a href="#[4a]">&gt;&gt;</a>&nbsp;&nbsp;&nbsp;__aeabi_memcpy
</UL>
<BR>[Called By]<UL><LI><a href="#[89]">&gt;&gt;</a>&nbsp;&nbsp;&nbsp;Iap2Link_SendSyncPkt
<LI><a href="#[7f]">&gt;&gt;</a>&nbsp;&nbsp;&nbsp;Iap2Link_AckInit
<LI><a href="#[a2]">&gt;&gt;</a>&nbsp;&nbsp;&nbsp;SessionMgr_FsmRxReq
</UL>

<P><STRONG><a name="[7f]"></a>Iap2Link_AckInit</STRONG> (Thumb, 52 bytes, Stack size 32 bytes, iap2link.o(i.Iap2Link_AckInit))
<BR><BR>[Stack]<UL><LI>Max Depth = 104<LI>Call Chain = Iap2Link_AckInit &rArr; Iap2LinkPkt_Init &rArr; __aeabi_memcpy
</UL>
<BR>[Calls]<UL><LI><a href="#[7d]">&gt;&gt;</a>&nbsp;&nbsp;&nbsp;Iap2LinkPkt_Init
</UL>
<BR>[Called By]<UL><LI><a href="#[82]">&gt;&gt;</a>&nbsp;&nbsp;&nbsp;Iap2Link_Payload_SyncLink
<LI><a href="#[a4]">&gt;&gt;</a>&nbsp;&nbsp;&nbsp;SessionMgr_FsmRxRsp
<LI><a href="#[a2]">&gt;&gt;</a>&nbsp;&nbsp;&nbsp;SessionMgr_FsmRxReq
</UL>

<P><STRONG><a name="[80]"></a>Iap2Link_Init</STRONG> (Thumb, 72 bytes, Stack size 16 bytes, iap2link.o(i.Iap2Link_Init))
<BR><BR>[Stack]<UL><LI>Max Depth = 16<LI>Call Chain = Iap2Link_Init
</UL>
<BR>[Calls]<UL><LI><a href="#[68]">&gt;&gt;</a>&nbsp;&nbsp;&nbsp;__aeabi_uwrite4
<LI><a href="#[4e]">&gt;&gt;</a>&nbsp;&nbsp;&nbsp;__aeabi_memclr
</UL>
<BR>[Called By]<UL><LI><a href="#[40]">&gt;&gt;</a>&nbsp;&nbsp;&nbsp;main
</UL>

<P><STRONG><a name="[81]"></a>Iap2Link_Notify</STRONG> (Thumb, 42 bytes, Stack size 24 bytes, iap2link.o(i.Iap2Link_Notify))
<BR><BR>[Stack]<UL><LI>Max Depth = 24<LI>Call Chain = Iap2Link_Notify
</UL>
<BR>[Calls]<UL><LI><a href="#[61]">&gt;&gt;</a>&nbsp;&nbsp;&nbsp;__aeabi_uread4
</UL>
<BR>[Called By]<UL><LI><a href="#[89]">&gt;&gt;</a>&nbsp;&nbsp;&nbsp;Iap2Link_SendSyncPkt
<LI><a href="#[82]">&gt;&gt;</a>&nbsp;&nbsp;&nbsp;Iap2Link_Payload_SyncLink
</UL>

<P><STRONG><a name="[91]"></a>Iap2Link_Payload_Eak</STRONG> (Thumb, 6 bytes, Stack size 0 bytes, iap2link.o(i.Iap2Link_Payload_Eak))
<BR><BR>[Called By]<UL><LI><a href="#[5f]">&gt;&gt;</a>&nbsp;&nbsp;&nbsp;Iap2Link_TransferDone
</UL>

<P><STRONG><a name="[82]"></a>Iap2Link_Payload_SyncLink</STRONG> (Thumb, 128 bytes, Stack size 32 bytes, iap2link.o(i.Iap2Link_Payload_SyncLink))
<BR><BR>[Stack]<UL><LI>Max Depth = 528<LI>Call Chain = Iap2Link_Payload_SyncLink &rArr; Iap2Link_TxData &rArr; SwTimer_Start &rArr; SEGGER_RTT_printf &rArr; SEGGER_RTT_vprintf &rArr; _PrintInt &rArr; _PrintUnsigned &rArr; _StoreChar &rArr; SEGGER_RTT_Write &rArr; SEGGER_RTT_WriteNoLock &rArr; _WriteNoCheck &rArr; __aeabi_memcpy
</UL>
<BR>[Calls]<UL><LI><a href="#[81]">&gt;&gt;</a>&nbsp;&nbsp;&nbsp;Iap2Link_Notify
<LI><a href="#[84]">&gt;&gt;</a>&nbsp;&nbsp;&nbsp;Iap2Link_TxData
<LI><a href="#[83]">&gt;&gt;</a>&nbsp;&nbsp;&nbsp;Iap2Link_RcvData
<LI><a href="#[7f]">&gt;&gt;</a>&nbsp;&nbsp;&nbsp;Iap2Link_AckInit
<LI><a href="#[61]">&gt;&gt;</a>&nbsp;&nbsp;&nbsp;__aeabi_uread4
</UL>
<BR>[Called By]<UL><LI><a href="#[5f]">&gt;&gt;</a>&nbsp;&nbsp;&nbsp;Iap2Link_TransferDone
</UL>

<P><STRONG><a name="[83]"></a>Iap2Link_RcvData</STRONG> (Thumb, 86 bytes, Stack size 24 bytes, iap2link.o(i.Iap2Link_RcvData))
<BR><BR>[Stack]<UL><LI>Max Depth = 448<LI>Call Chain = Iap2Link_RcvData &rArr; SEGGER_RTT_printf &rArr; SEGGER_RTT_vprintf &rArr; _PrintInt &rArr; _PrintUnsigned &rArr; _StoreChar &rArr; SEGGER_RTT_Write &rArr; SEGGER_RTT_WriteNoLock &rArr; _WriteNoCheck &rArr; __aeabi_memcpy
</UL>
<BR>[Calls]<UL><LI><a href="#[5d]">&gt;&gt;</a>&nbsp;&nbsp;&nbsp;SEGGER_RTT_printf
<LI><a href="#[68]">&gt;&gt;</a>&nbsp;&nbsp;&nbsp;__aeabi_uwrite4
<LI><a href="#[61]">&gt;&gt;</a>&nbsp;&nbsp;&nbsp;__aeabi_uread4
</UL>
<BR>[Called By]<UL><LI><a href="#[8e]">&gt;&gt;</a>&nbsp;&nbsp;&nbsp;Iap2Link_handShake
<LI><a href="#[82]">&gt;&gt;</a>&nbsp;&nbsp;&nbsp;Iap2Link_Payload_SyncLink
<LI><a href="#[76]">&gt;&gt;</a>&nbsp;&nbsp;&nbsp;SessionMgr_RxReq
<LI><a href="#[a3]">&gt;&gt;</a>&nbsp;&nbsp;&nbsp;SessionMgr_FsmTxRsp
<LI><a href="#[a2]">&gt;&gt;</a>&nbsp;&nbsp;&nbsp;SessionMgr_FsmRxReq
</UL>

<P><STRONG><a name="[85]"></a>Iap2Link_ReTx</STRONG> (Thumb, 84 bytes, Stack size 16 bytes, iap2link.o(i.Iap2Link_ReTx))
<BR><BR>[Stack]<UL><LI>Max Depth = 472<LI>Call Chain = Iap2Link_ReTx &rArr; SwTimer_Start &rArr; SEGGER_RTT_printf &rArr; SEGGER_RTT_vprintf &rArr; _PrintInt &rArr; _PrintUnsigned &rArr; _StoreChar &rArr; SEGGER_RTT_Write &rArr; SEGGER_RTT_WriteNoLock &rArr; _WriteNoCheck &rArr; __aeabi_memcpy
</UL>
<BR>[Calls]<UL><LI><a href="#[5d]">&gt;&gt;</a>&nbsp;&nbsp;&nbsp;SEGGER_RTT_printf
<LI><a href="#[86]">&gt;&gt;</a>&nbsp;&nbsp;&nbsp;SwTimer_Start
<LI><a href="#[61]">&gt;&gt;</a>&nbsp;&nbsp;&nbsp;__aeabi_uread4
</UL>
<BR>[Called By]<UL><LI><a href="#[87]">&gt;&gt;</a>&nbsp;&nbsp;&nbsp;Iap2Link_Run
</UL>

<P><STRONG><a name="[7b]"></a>Iap2Link_RegSession</STRONG> (Thumb, 50 bytes, Stack size 16 bytes, iap2link.o(i.Iap2Link_RegSession))
<BR><BR>[Stack]<UL><LI>Max Depth = 40<LI>Call Chain = Iap2Link_RegSession &rArr; __aeabi_memcpy
</UL>
<BR>[Calls]<UL><LI><a href="#[68]">&gt;&gt;</a>&nbsp;&nbsp;&nbsp;__aeabi_uwrite4
<LI><a href="#[4a]">&gt;&gt;</a>&nbsp;&nbsp;&nbsp;__aeabi_memcpy
</UL>
<BR>[Called By]<UL><LI><a href="#[79]">&gt;&gt;</a>&nbsp;&nbsp;&nbsp;Iap2CtrlSession_Init
</UL>

<P><STRONG><a name="[87]"></a>Iap2Link_Run</STRONG> (Thumb, 98 bytes, Stack size 8 bytes, iap2link.o(i.Iap2Link_Run))
<BR><BR>[Stack]<UL><LI>Max Depth = 480<LI>Call Chain = Iap2Link_Run &rArr; Iap2Link_ReTx &rArr; SwTimer_Start &rArr; SEGGER_RTT_printf &rArr; SEGGER_RTT_vprintf &rArr; _PrintInt &rArr; _PrintUnsigned &rArr; _StoreChar &rArr; SEGGER_RTT_Write &rArr; SEGGER_RTT_WriteNoLock &rArr; _WriteNoCheck &rArr; __aeabi_memcpy
</UL>
<BR>[Calls]<UL><LI><a href="#[5d]">&gt;&gt;</a>&nbsp;&nbsp;&nbsp;SEGGER_RTT_printf
<LI><a href="#[85]">&gt;&gt;</a>&nbsp;&nbsp;&nbsp;Iap2Link_ReTx
<LI><a href="#[88]">&gt;&gt;</a>&nbsp;&nbsp;&nbsp;SwTimer_isTimerOutEx
</UL>
<BR>[Called By]<UL><LI><a href="#[40]">&gt;&gt;</a>&nbsp;&nbsp;&nbsp;main
</UL>

<P><STRONG><a name="[89]"></a>Iap2Link_SendSyncPkt</STRONG> (Thumb, 142 bytes, Stack size 48 bytes, iap2link.o(i.Iap2Link_SendSyncPkt))
<BR><BR>[Stack]<UL><LI>Max Depth = 544<LI>Call Chain = Iap2Link_SendSyncPkt &rArr; Iap2Link_TxData &rArr; SwTimer_Start &rArr; SEGGER_RTT_printf &rArr; SEGGER_RTT_vprintf &rArr; _PrintInt &rArr; _PrintUnsigned &rArr; _StoreChar &rArr; SEGGER_RTT_Write &rArr; SEGGER_RTT_WriteNoLock &rArr; _WriteNoCheck &rArr; __aeabi_memcpy
</UL>
<BR>[Calls]<UL><LI><a href="#[8a]">&gt;&gt;</a>&nbsp;&nbsp;&nbsp;LinkPayload_Init
<LI><a href="#[81]">&gt;&gt;</a>&nbsp;&nbsp;&nbsp;Iap2Link_Notify
<LI><a href="#[84]">&gt;&gt;</a>&nbsp;&nbsp;&nbsp;Iap2Link_TxData
<LI><a href="#[7d]">&gt;&gt;</a>&nbsp;&nbsp;&nbsp;Iap2LinkPkt_Init
<LI><a href="#[61]">&gt;&gt;</a>&nbsp;&nbsp;&nbsp;__aeabi_uread4
<LI><a href="#[4a]">&gt;&gt;</a>&nbsp;&nbsp;&nbsp;__aeabi_memcpy
</UL>
<BR>[Called By]<UL><LI><a href="#[8e]">&gt;&gt;</a>&nbsp;&nbsp;&nbsp;Iap2Link_handShake
<LI><a href="#[5f]">&gt;&gt;</a>&nbsp;&nbsp;&nbsp;Iap2Link_TransferDone
</UL>

<P><STRONG><a name="[90]"></a>Iap2Link_Sleep</STRONG> (Thumb, 2 bytes, Stack size 0 bytes, iap2link.o(i.Iap2Link_Sleep))
<BR><BR>[Called By]<UL><LI><a href="#[5f]">&gt;&gt;</a>&nbsp;&nbsp;&nbsp;Iap2Link_TransferDone
</UL>

<P><STRONG><a name="[8b]"></a>Iap2Link_Start</STRONG> (Thumb, 58 bytes, Stack size 16 bytes, iap2link.o(i.Iap2Link_Start))
<BR><BR>[Stack]<UL><LI>Max Depth = 512<LI>Call Chain = Iap2Link_Start &rArr; Iap2Link_TxData &rArr; SwTimer_Start &rArr; SEGGER_RTT_printf &rArr; SEGGER_RTT_vprintf &rArr; _PrintInt &rArr; _PrintUnsigned &rArr; _StoreChar &rArr; SEGGER_RTT_Write &rArr; SEGGER_RTT_WriteNoLock &rArr; _WriteNoCheck &rArr; __aeabi_memcpy
</UL>
<BR>[Calls]<UL><LI><a href="#[5d]">&gt;&gt;</a>&nbsp;&nbsp;&nbsp;SEGGER_RTT_printf
<LI><a href="#[84]">&gt;&gt;</a>&nbsp;&nbsp;&nbsp;Iap2Link_TxData
</UL>
<BR>[Called By]<UL><LI><a href="#[40]">&gt;&gt;</a>&nbsp;&nbsp;&nbsp;main
</UL>

<P><STRONG><a name="[8c]"></a>Iap2Link_TimerReset</STRONG> (Thumb, 14 bytes, Stack size 8 bytes, iap2link.o(i.Iap2Link_TimerReset))
<BR><BR>[Stack]<UL><LI>Max Depth = 8<LI>Call Chain = Iap2Link_TimerReset
</UL>
<BR>[Calls]<UL><LI><a href="#[8d]">&gt;&gt;</a>&nbsp;&nbsp;&nbsp;SwTimer_Stop
</UL>
<BR>[Called By]<UL><LI><a href="#[a0]">&gt;&gt;</a>&nbsp;&nbsp;&nbsp;SessionMgr_FsmReset
</UL>

<P><STRONG><a name="[5f]"></a>Iap2Link_TransferDone</STRONG> (Thumb, 390 bytes, Stack size 32 bytes, iap2link.o(i.Iap2Link_TransferDone))
<BR><BR>[Stack]<UL><LI>Max Depth = 608<LI>Call Chain = Iap2Link_TransferDone &rArr; SessionMgr_Fsm &rArr; SessionMgr_FsmRxReq &rArr; Iap2Link_TxData &rArr; SwTimer_Start &rArr; SEGGER_RTT_printf &rArr; SEGGER_RTT_vprintf &rArr; _PrintInt &rArr; _PrintUnsigned &rArr; _StoreChar &rArr; SEGGER_RTT_Write &rArr; SEGGER_RTT_WriteNoLock &rArr; _WriteNoCheck &rArr; __aeabi_memcpy
</UL>
<BR>[Calls]<UL><LI><a href="#[5d]">&gt;&gt;</a>&nbsp;&nbsp;&nbsp;SEGGER_RTT_printf
<LI><a href="#[8e]">&gt;&gt;</a>&nbsp;&nbsp;&nbsp;Iap2Link_handShake
<LI><a href="#[8f]">&gt;&gt;</a>&nbsp;&nbsp;&nbsp;Iap2Link_Verify
<LI><a href="#[90]">&gt;&gt;</a>&nbsp;&nbsp;&nbsp;Iap2Link_Sleep
<LI><a href="#[89]">&gt;&gt;</a>&nbsp;&nbsp;&nbsp;Iap2Link_SendSyncPkt
<LI><a href="#[82]">&gt;&gt;</a>&nbsp;&nbsp;&nbsp;Iap2Link_Payload_SyncLink
<LI><a href="#[91]">&gt;&gt;</a>&nbsp;&nbsp;&nbsp;Iap2Link_Payload_Eak
<LI><a href="#[92]">&gt;&gt;</a>&nbsp;&nbsp;&nbsp;SessionMgr_Fsm
<LI><a href="#[61]">&gt;&gt;</a>&nbsp;&nbsp;&nbsp;__aeabi_uread4
</UL>
<BR>[Called By]<UL><LI><a href="#[5e]">&gt;&gt;</a>&nbsp;&nbsp;&nbsp;Driver_Check
</UL>

<P><STRONG><a name="[84]"></a>Iap2Link_TxData</STRONG> (Thumb, 156 bytes, Stack size 40 bytes, iap2link.o(i.Iap2Link_TxData))
<BR><BR>[Stack]<UL><LI>Max Depth = 496<LI>Call Chain = Iap2Link_TxData &rArr; SwTimer_Start &rArr; SEGGER_RTT_printf &rArr; SEGGER_RTT_vprintf &rArr; _PrintInt &rArr; _PrintUnsigned &rArr; _StoreChar &rArr; SEGGER_RTT_Write &rArr; SEGGER_RTT_WriteNoLock &rArr; _WriteNoCheck &rArr; __aeabi_memcpy
</UL>
<BR>[Calls]<UL><LI><a href="#[5d]">&gt;&gt;</a>&nbsp;&nbsp;&nbsp;SEGGER_RTT_printf
<LI><a href="#[86]">&gt;&gt;</a>&nbsp;&nbsp;&nbsp;SwTimer_Start
<LI><a href="#[68]">&gt;&gt;</a>&nbsp;&nbsp;&nbsp;__aeabi_uwrite4
<LI><a href="#[61]">&gt;&gt;</a>&nbsp;&nbsp;&nbsp;__aeabi_uread4
</UL>
<BR>[Called By]<UL><LI><a href="#[8b]">&gt;&gt;</a>&nbsp;&nbsp;&nbsp;Iap2Link_Start
<LI><a href="#[8e]">&gt;&gt;</a>&nbsp;&nbsp;&nbsp;Iap2Link_handShake
<LI><a href="#[89]">&gt;&gt;</a>&nbsp;&nbsp;&nbsp;Iap2Link_SendSyncPkt
<LI><a href="#[82]">&gt;&gt;</a>&nbsp;&nbsp;&nbsp;Iap2Link_Payload_SyncLink
<LI><a href="#[a1]">&gt;&gt;</a>&nbsp;&nbsp;&nbsp;SessionMgr_FsmTxReq
<LI><a href="#[a4]">&gt;&gt;</a>&nbsp;&nbsp;&nbsp;SessionMgr_FsmRxRsp
<LI><a href="#[a2]">&gt;&gt;</a>&nbsp;&nbsp;&nbsp;SessionMgr_FsmRxReq
</UL>

<P><STRONG><a name="[8f]"></a>Iap2Link_Verify</STRONG> (Thumb, 100 bytes, Stack size 32 bytes, iap2link.o(i.Iap2Link_Verify))
<BR><BR>[Stack]<UL><LI>Max Depth = 48<LI>Call Chain = Iap2Link_Verify &rArr; Iap2LinkPkt_GetCheckSum
</UL>
<BR>[Calls]<UL><LI><a href="#[7e]">&gt;&gt;</a>&nbsp;&nbsp;&nbsp;Iap2LinkPkt_GetCheckSum
<LI><a href="#[61]">&gt;&gt;</a>&nbsp;&nbsp;&nbsp;__aeabi_uread4
</UL>
<BR>[Called By]<UL><LI><a href="#[5f]">&gt;&gt;</a>&nbsp;&nbsp;&nbsp;Iap2Link_TransferDone
</UL>

<P><STRONG><a name="[8e]"></a>Iap2Link_handShake</STRONG> (Thumb, 192 bytes, Stack size 24 bytes, iap2link.o(i.Iap2Link_handShake))
<BR><BR>[Stack]<UL><LI>Max Depth = 568<LI>Call Chain = Iap2Link_handShake &rArr; Iap2Link_SendSyncPkt &rArr; Iap2Link_TxData &rArr; SwTimer_Start &rArr; SEGGER_RTT_printf &rArr; SEGGER_RTT_vprintf &rArr; _PrintInt &rArr; _PrintUnsigned &rArr; _StoreChar &rArr; SEGGER_RTT_Write &rArr; SEGGER_RTT_WriteNoLock &rArr; _WriteNoCheck &rArr; __aeabi_memcpy
</UL>
<BR>[Calls]<UL><LI><a href="#[5d]">&gt;&gt;</a>&nbsp;&nbsp;&nbsp;SEGGER_RTT_printf
<LI><a href="#[89]">&gt;&gt;</a>&nbsp;&nbsp;&nbsp;Iap2Link_SendSyncPkt
<LI><a href="#[84]">&gt;&gt;</a>&nbsp;&nbsp;&nbsp;Iap2Link_TxData
<LI><a href="#[83]">&gt;&gt;</a>&nbsp;&nbsp;&nbsp;Iap2Link_RcvData
<LI><a href="#[8d]">&gt;&gt;</a>&nbsp;&nbsp;&nbsp;SwTimer_Stop
<LI><a href="#[61]">&gt;&gt;</a>&nbsp;&nbsp;&nbsp;__aeabi_uread4
<LI><a href="#[93]">&gt;&gt;</a>&nbsp;&nbsp;&nbsp;memcmp
</UL>
<BR>[Called By]<UL><LI><a href="#[5f]">&gt;&gt;</a>&nbsp;&nbsp;&nbsp;Iap2Link_TransferDone
</UL>

<P><STRONG><a name="[8a]"></a>LinkPayload_Init</STRONG> (Thumb, 50 bytes, Stack size 8 bytes, iap2link.o(i.LinkPayload_Init))
<BR><BR>[Stack]<UL><LI>Max Depth = 8<LI>Call Chain = LinkPayload_Init
</UL>
<BR>[Calls]<UL><LI><a href="#[4e]">&gt;&gt;</a>&nbsp;&nbsp;&nbsp;__aeabi_memclr
</UL>
<BR>[Called By]<UL><LI><a href="#[89]">&gt;&gt;</a>&nbsp;&nbsp;&nbsp;Iap2Link_SendSyncPkt
</UL>

<P><STRONG><a name="[b8]"></a>ListUsbData_AddTail</STRONG> (Thumb, 54 bytes, Stack size 0 bytes, listusbdata.o(i.ListUsbData_AddTail))
<BR><BR>[Called By]<UL><LI><a href="#[2e]">&gt;&gt;</a>&nbsp;&nbsp;&nbsp;USB_IRQHandler
</UL>

<P><STRONG><a name="[94]"></a>ListUsbData_Init</STRONG> (Thumb, 14 bytes, Stack size 8 bytes, listusbdata.o(i.ListUsbData_Init))
<BR><BR>[Stack]<UL><LI>Max Depth = 8<LI>Call Chain = ListUsbData_Init
</UL>
<BR>[Calls]<UL><LI><a href="#[95]">&gt;&gt;</a>&nbsp;&nbsp;&nbsp;__aeabi_memclr4
</UL>
<BR>[Called By]<UL><LI><a href="#[40]">&gt;&gt;</a>&nbsp;&nbsp;&nbsp;main
</UL>

<P><STRONG><a name="[e2]"></a>ListUsbData_Remove</STRONG> (Thumb, 66 bytes, Stack size 0 bytes, listusbdata.o(i.ListUsbData_Remove))
<BR><BR>[Called By]<UL><LI><a href="#[40]">&gt;&gt;</a>&nbsp;&nbsp;&nbsp;main
</UL>

<P><STRONG><a name="[c0]"></a>NVIC_Init</STRONG> (Thumb, 106 bytes, Stack size 0 bytes, ft32f0xx_misc.o(i.NVIC_Init))
<BR><BR>[Called By]<UL><LI><a href="#[b9]">&gt;&gt;</a>&nbsp;&nbsp;&nbsp;USB_Init
</UL>

<P><STRONG><a name="[e1]"></a>RCC_AHBPeriphClockCmd</STRONG> (Thumb, 28 bytes, Stack size 0 bytes, ft32f0xx_rcc.o(i.RCC_AHBPeriphClockCmd))
<BR><BR>[Called By]<UL><LI><a href="#[40]">&gt;&gt;</a>&nbsp;&nbsp;&nbsp;main
</UL>

<P><STRONG><a name="[bd]"></a>RCC_APB1PeriphClockCmd</STRONG> (Thumb, 28 bytes, Stack size 0 bytes, ft32f0xx_rcc.o(i.RCC_APB1PeriphClockCmd))
<BR><BR>[Called By]<UL><LI><a href="#[b9]">&gt;&gt;</a>&nbsp;&nbsp;&nbsp;USB_Init
</UL>

<P><STRONG><a name="[6f]"></a>RCC_APB1PeriphResetCmd</STRONG> (Thumb, 28 bytes, Stack size 0 bytes, ft32f0xx_rcc.o(i.RCC_APB1PeriphResetCmd))
<BR><BR>[Called By]<UL><LI><a href="#[6e]">&gt;&gt;</a>&nbsp;&nbsp;&nbsp;I2C_DeInit
</UL>

<P><STRONG><a name="[ba]"></a>RCC_GetFlagStatus</STRONG> (Thumb, 68 bytes, Stack size 8 bytes, ft32f0xx_rcc.o(i.RCC_GetFlagStatus))
<BR><BR>[Stack]<UL><LI>Max Depth = 8<LI>Call Chain = RCC_GetFlagStatus
</UL>
<BR>[Called By]<UL><LI><a href="#[b9]">&gt;&gt;</a>&nbsp;&nbsp;&nbsp;USB_Init
</UL>

<P><STRONG><a name="[bb]"></a>RCC_HSI48Cmd</STRONG> (Thumb, 36 bytes, Stack size 0 bytes, ft32f0xx_rcc.o(i.RCC_HSI48Cmd))
<BR><BR>[Called By]<UL><LI><a href="#[b9]">&gt;&gt;</a>&nbsp;&nbsp;&nbsp;USB_Init
</UL>

<P><STRONG><a name="[bc]"></a>RCC_USBCLKConfig</STRONG> (Thumb, 22 bytes, Stack size 0 bytes, ft32f0xx_rcc.o(i.RCC_USBCLKConfig))
<BR><BR>[Called By]<UL><LI><a href="#[b9]">&gt;&gt;</a>&nbsp;&nbsp;&nbsp;USB_Init
</UL>

<P><STRONG><a name="[96]"></a>SEGGER_RTT_Write</STRONG> (Thumb, 66 bytes, Stack size 24 bytes, segger_rtt.o(i.SEGGER_RTT_Write))
<BR><BR>[Stack]<UL><LI>Max Depth = 128<LI>Call Chain = SEGGER_RTT_Write &rArr; SEGGER_RTT_WriteNoLock &rArr; _WriteNoCheck &rArr; __aeabi_memcpy
</UL>
<BR>[Calls]<UL><LI><a href="#[98]">&gt;&gt;</a>&nbsp;&nbsp;&nbsp;SEGGER_RTT_WriteNoLock
<LI><a href="#[97]">&gt;&gt;</a>&nbsp;&nbsp;&nbsp;_DoInit
</UL>
<BR>[Called By]<UL><LI><a href="#[9c]">&gt;&gt;</a>&nbsp;&nbsp;&nbsp;SEGGER_RTT_vprintf
<LI><a href="#[9d]">&gt;&gt;</a>&nbsp;&nbsp;&nbsp;_StoreChar
</UL>

<P><STRONG><a name="[98]"></a>SEGGER_RTT_WriteNoLock</STRONG> (Thumb, 128 bytes, Stack size 40 bytes, segger_rtt.o(i.SEGGER_RTT_WriteNoLock))
<BR><BR>[Stack]<UL><LI>Max Depth = 104<LI>Call Chain = SEGGER_RTT_WriteNoLock &rArr; _WriteNoCheck &rArr; __aeabi_memcpy
</UL>
<BR>[Calls]<UL><LI><a href="#[9a]">&gt;&gt;</a>&nbsp;&nbsp;&nbsp;_WriteNoCheck
<LI><a href="#[9b]">&gt;&gt;</a>&nbsp;&nbsp;&nbsp;_WriteBlocking
<LI><a href="#[99]">&gt;&gt;</a>&nbsp;&nbsp;&nbsp;_GetAvailWriteSpace
</UL>
<BR>[Called By]<UL><LI><a href="#[96]">&gt;&gt;</a>&nbsp;&nbsp;&nbsp;SEGGER_RTT_Write
</UL>

<P><STRONG><a name="[5d]"></a>SEGGER_RTT_printf</STRONG> (Thumb, 36 bytes, Stack size 32 bytes, segger_rtt_printf.o(i.SEGGER_RTT_printf))
<BR><BR>[Stack]<UL><LI>Max Depth = 424<LI>Call Chain = SEGGER_RTT_printf &rArr; SEGGER_RTT_vprintf &rArr; _PrintInt &rArr; _PrintUnsigned &rArr; _StoreChar &rArr; SEGGER_RTT_Write &rArr; SEGGER_RTT_WriteNoLock &rArr; _WriteNoCheck &rArr; __aeabi_memcpy
</UL>
<BR>[Calls]<UL><LI><a href="#[9c]">&gt;&gt;</a>&nbsp;&nbsp;&nbsp;SEGGER_RTT_vprintf
</UL>
<BR>[Called By]<UL><LI><a href="#[2e]">&gt;&gt;</a>&nbsp;&nbsp;&nbsp;USB_IRQHandler
<LI><a href="#[b0]">&gt;&gt;</a>&nbsp;&nbsp;&nbsp;USB_Endpoint0
<LI><a href="#[64]">&gt;&gt;</a>&nbsp;&nbsp;&nbsp;FIFOWrite
<LI><a href="#[66]">&gt;&gt;</a>&nbsp;&nbsp;&nbsp;FIFORead
<LI><a href="#[63]">&gt;&gt;</a>&nbsp;&nbsp;&nbsp;EndpointBulkIn
<LI><a href="#[b4]">&gt;&gt;</a>&nbsp;&nbsp;&nbsp;USB_StdDev_Req
<LI><a href="#[5c]">&gt;&gt;</a>&nbsp;&nbsp;&nbsp;ConfigureIfs
<LI><a href="#[af]">&gt;&gt;</a>&nbsp;&nbsp;&nbsp;USB_EP_Tx
<LI><a href="#[8b]">&gt;&gt;</a>&nbsp;&nbsp;&nbsp;Iap2Link_Start
<LI><a href="#[87]">&gt;&gt;</a>&nbsp;&nbsp;&nbsp;Iap2Link_Run
<LI><a href="#[34]">&gt;&gt;</a>&nbsp;&nbsp;&nbsp;Driver_TransferStart
<LI><a href="#[60]">&gt;&gt;</a>&nbsp;&nbsp;&nbsp;Driver_RxDone
<LI><a href="#[62]">&gt;&gt;</a>&nbsp;&nbsp;&nbsp;usb_send_data_buffer
<LI><a href="#[40]">&gt;&gt;</a>&nbsp;&nbsp;&nbsp;main
<LI><a href="#[d9]">&gt;&gt;</a>&nbsp;&nbsp;&nbsp;iAP2PacketParseBuffer
<LI><a href="#[8e]">&gt;&gt;</a>&nbsp;&nbsp;&nbsp;Iap2Link_handShake
<LI><a href="#[5f]">&gt;&gt;</a>&nbsp;&nbsp;&nbsp;Iap2Link_TransferDone
<LI><a href="#[85]">&gt;&gt;</a>&nbsp;&nbsp;&nbsp;Iap2Link_ReTx
<LI><a href="#[84]">&gt;&gt;</a>&nbsp;&nbsp;&nbsp;Iap2Link_TxData
<LI><a href="#[83]">&gt;&gt;</a>&nbsp;&nbsp;&nbsp;Iap2Link_RcvData
<LI><a href="#[a3]">&gt;&gt;</a>&nbsp;&nbsp;&nbsp;SessionMgr_FsmTxRsp
<LI><a href="#[a1]">&gt;&gt;</a>&nbsp;&nbsp;&nbsp;SessionMgr_FsmTxReq
<LI><a href="#[a5]">&gt;&gt;</a>&nbsp;&nbsp;&nbsp;SessionMgr_FsmTxAck
<LI><a href="#[a4]">&gt;&gt;</a>&nbsp;&nbsp;&nbsp;SessionMgr_FsmRxRsp
<LI><a href="#[a2]">&gt;&gt;</a>&nbsp;&nbsp;&nbsp;SessionMgr_FsmRxReq
<LI><a href="#[a6]">&gt;&gt;</a>&nbsp;&nbsp;&nbsp;SessionMgr_FsmRxAck
<LI><a href="#[a8]">&gt;&gt;</a>&nbsp;&nbsp;&nbsp;SwTimer_isTimerOut
<LI><a href="#[86]">&gt;&gt;</a>&nbsp;&nbsp;&nbsp;SwTimer_Start
</UL>

<P><STRONG><a name="[9c]"></a>SEGGER_RTT_vprintf</STRONG> (Thumb, 536 bytes, Stack size 136 bytes, segger_rtt_printf.o(i.SEGGER_RTT_vprintf))
<BR><BR>[Stack]<UL><LI>Max Depth = 392<LI>Call Chain = SEGGER_RTT_vprintf &rArr; _PrintInt &rArr; _PrintUnsigned &rArr; _StoreChar &rArr; SEGGER_RTT_Write &rArr; SEGGER_RTT_WriteNoLock &rArr; _WriteNoCheck &rArr; __aeabi_memcpy
</UL>
<BR>[Calls]<UL><LI><a href="#[9d]">&gt;&gt;</a>&nbsp;&nbsp;&nbsp;_StoreChar
<LI><a href="#[9f]">&gt;&gt;</a>&nbsp;&nbsp;&nbsp;_PrintUnsigned
<LI><a href="#[9e]">&gt;&gt;</a>&nbsp;&nbsp;&nbsp;_PrintInt
<LI><a href="#[96]">&gt;&gt;</a>&nbsp;&nbsp;&nbsp;SEGGER_RTT_Write
</UL>
<BR>[Called By]<UL><LI><a href="#[5d]">&gt;&gt;</a>&nbsp;&nbsp;&nbsp;SEGGER_RTT_printf
</UL>

<P><STRONG><a name="[92]"></a>SessionMgr_Fsm</STRONG> (Thumb, 156 bytes, Stack size 24 bytes, iap2session.o(i.SessionMgr_Fsm))
<BR><BR>[Stack]<UL><LI>Max Depth = 576<LI>Call Chain = SessionMgr_Fsm &rArr; SessionMgr_FsmRxReq &rArr; Iap2Link_TxData &rArr; SwTimer_Start &rArr; SEGGER_RTT_printf &rArr; SEGGER_RTT_vprintf &rArr; _PrintInt &rArr; _PrintUnsigned &rArr; _StoreChar &rArr; SEGGER_RTT_Write &rArr; SEGGER_RTT_WriteNoLock &rArr; _WriteNoCheck &rArr; __aeabi_memcpy
</UL>
<BR>[Calls]<UL><LI><a href="#[a3]">&gt;&gt;</a>&nbsp;&nbsp;&nbsp;SessionMgr_FsmTxRsp
<LI><a href="#[a1]">&gt;&gt;</a>&nbsp;&nbsp;&nbsp;SessionMgr_FsmTxReq
<LI><a href="#[a5]">&gt;&gt;</a>&nbsp;&nbsp;&nbsp;SessionMgr_FsmTxAck
<LI><a href="#[a4]">&gt;&gt;</a>&nbsp;&nbsp;&nbsp;SessionMgr_FsmRxRsp
<LI><a href="#[a2]">&gt;&gt;</a>&nbsp;&nbsp;&nbsp;SessionMgr_FsmRxReq
<LI><a href="#[a6]">&gt;&gt;</a>&nbsp;&nbsp;&nbsp;SessionMgr_FsmRxAck
<LI><a href="#[a0]">&gt;&gt;</a>&nbsp;&nbsp;&nbsp;SessionMgr_FsmReset
<LI><a href="#[61]">&gt;&gt;</a>&nbsp;&nbsp;&nbsp;__aeabi_uread4
</UL>
<BR>[Called By]<UL><LI><a href="#[5f]">&gt;&gt;</a>&nbsp;&nbsp;&nbsp;Iap2Link_TransferDone
</UL>

<P><STRONG><a name="[a0]"></a>SessionMgr_FsmReset</STRONG> (Thumb, 18 bytes, Stack size 8 bytes, iap2session.o(i.SessionMgr_FsmReset))
<BR><BR>[Stack]<UL><LI>Max Depth = 16<LI>Call Chain = SessionMgr_FsmReset &rArr; Iap2Link_TimerReset
</UL>
<BR>[Calls]<UL><LI><a href="#[8c]">&gt;&gt;</a>&nbsp;&nbsp;&nbsp;Iap2Link_TimerReset
</UL>
<BR>[Called By]<UL><LI><a href="#[a5]">&gt;&gt;</a>&nbsp;&nbsp;&nbsp;SessionMgr_FsmTxAck
<LI><a href="#[a4]">&gt;&gt;</a>&nbsp;&nbsp;&nbsp;SessionMgr_FsmRxRsp
<LI><a href="#[a6]">&gt;&gt;</a>&nbsp;&nbsp;&nbsp;SessionMgr_FsmRxAck
<LI><a href="#[92]">&gt;&gt;</a>&nbsp;&nbsp;&nbsp;SessionMgr_Fsm
</UL>

<P><STRONG><a name="[a6]"></a>SessionMgr_FsmRxAck</STRONG> (Thumb, 126 bytes, Stack size 24 bytes, iap2session.o(i.SessionMgr_FsmRxAck))
[...]
<LI><a href="#[cd]">&gt;&gt;</a>&nbsp;&nbsp;&nbsp;key_down
<LI><a href="#[ca]">&gt;&gt;</a>&nbsp;&nbsp;&nbsp;key_clear
<LI><a href="#[c9]">&gt;&gt;</a>&nbsp;&nbsp;&nbsp;get_key
<LI><a href="#[61]">&gt;&gt;</a>&nbsp;&nbsp;&nbsp;__aeabi_uread4
<LI><a href="#[95]">&gt;&gt;</a>&nbsp;&nbsp;&nbsp;__aeabi_memclr4
<LI><a href="#[4e]">&gt;&gt;</a>&nbsp;&nbsp;&nbsp;__aeabi_memclr
<LI><a href="#[4a]">&gt;&gt;</a>&nbsp;&nbsp;&nbsp;__aeabi_memcpy
</UL>
<BR>[Called By]<UL><LI><a href="#[40]">&gt;&gt;</a>&nbsp;&nbsp;&nbsp;main
</UL>

<P><STRONG><a name="[e4]"></a>matrix_scan_again</STRONG> (Thumb, 346 bytes, Stack size 32 bytes, matrix.o(i.matrix_scan_again))
<BR><BR>[Stack]<UL><LI>Max Depth = 100<LI>Call Chain = matrix_scan_again &rArr; init_matrix_gpio &rArr; set_IO_PinMode &rArr; GPIO_Init
</UL>
<BR>[Calls]<UL><LI><a href="#[e8]">&gt;&gt;</a>&nbsp;&nbsp;&nbsp;GPIO_ReadInputDataBit
<LI><a href="#[da]">&gt;&gt;</a>&nbsp;&nbsp;&nbsp;init_matrix_gpio
<LI><a href="#[db]">&gt;&gt;</a>&nbsp;&nbsp;&nbsp;set_IO_PinMode
<LI><a href="#[d0]">&gt;&gt;</a>&nbsp;&nbsp;&nbsp;GPIO_WriteBit
<LI><a href="#[61]">&gt;&gt;</a>&nbsp;&nbsp;&nbsp;__aeabi_uread4
</UL>
<BR>[Called By]<UL><LI><a href="#[40]">&gt;&gt;</a>&nbsp;&nbsp;&nbsp;main
</UL>

<P><STRONG><a name="[e3]"></a>matrix_scan_key</STRONG> (Thumb, 192 bytes, Stack size 32 bytes, matrix.o(i.matrix_scan_key))
<BR><BR>[Stack]<UL><LI>Max Depth = 100<LI>Call Chain = matrix_scan_key &rArr; init_scan_row &rArr; set_IO_PinMode &rArr; GPIO_Init
</UL>
<BR>[Calls]<UL><LI><a href="#[e9]">&gt;&gt;</a>&nbsp;&nbsp;&nbsp;scan_row
<LI><a href="#[ea]">&gt;&gt;</a>&nbsp;&nbsp;&nbsp;scan_col
<LI><a href="#[dd]">&gt;&gt;</a>&nbsp;&nbsp;&nbsp;init_scan_row
<LI><a href="#[dc]">&gt;&gt;</a>&nbsp;&nbsp;&nbsp;init_scan_col
<LI><a href="#[da]">&gt;&gt;</a>&nbsp;&nbsp;&nbsp;init_matrix_gpio
<LI><a href="#[61]">&gt;&gt;</a>&nbsp;&nbsp;&nbsp;__aeabi_uread4
</UL>
<BR>[Called By]<UL><LI><a href="#[40]">&gt;&gt;</a>&nbsp;&nbsp;&nbsp;main
</UL>

<P><STRONG><a name="[e7]"></a>send_acpi_media_keycode</STRONG> (Thumb, 72 bytes, Stack size 16 bytes, main.o(i.send_acpi_media_keycode))
<BR><BR>[Stack]<UL><LI>Max Depth = 544<LI>Call Chain = send_acpi_media_keycode &rArr; USB_EP_Tx &rArr; EndpointBulkIn &rArr; FIFOWrite &rArr; SEGGER_RTT_printf &rArr; SEGGER_RTT_vprintf &rArr; _PrintInt &rArr; _PrintUnsigned &rArr; _StoreChar &rArr; SEGGER_RTT_Write &rArr; SEGGER_RTT_WriteNoLock &rArr; _WriteNoCheck &rArr; __aeabi_memcpy
</UL>
<BR>[Calls]<UL><LI><a href="#[af]">&gt;&gt;</a>&nbsp;&nbsp;&nbsp;USB_EP_Tx
<LI><a href="#[cb]">&gt;&gt;</a>&nbsp;&nbsp;&nbsp;build_media_key
</UL>
<BR>[Called By]<UL><LI><a href="#[40]">&gt;&gt;</a>&nbsp;&nbsp;&nbsp;main
</UL>

<P><STRONG><a name="[e6]"></a>send_keycode</STRONG> (Thumb, 96 bytes, Stack size 24 bytes, main.o(i.send_keycode))
<BR><BR>[Stack]<UL><LI>Max Depth = 552<LI>Call Chain = send_keycode &rArr; USB_EP_Tx &rArr; EndpointBulkIn &rArr; FIFOWrite &rArr; SEGGER_RTT_printf &rArr; SEGGER_RTT_vprintf &rArr; _PrintInt &rArr; _PrintUnsigned &rArr; _StoreChar &rArr; SEGGER_RTT_Write &rArr; SEGGER_RTT_WriteNoLock &rArr; _WriteNoCheck &rArr; __aeabi_memcpy
</UL>
<BR>[Calls]<UL><LI><a href="#[af]">&gt;&gt;</a>&nbsp;&nbsp;&nbsp;USB_EP_Tx
<LI><a href="#[4e]">&gt;&gt;</a>&nbsp;&nbsp;&nbsp;__aeabi_memclr
<LI><a href="#[4a]">&gt;&gt;</a>&nbsp;&nbsp;&nbsp;__aeabi_memcpy
</UL>
<BR>[Called By]<UL><LI><a href="#[40]">&gt;&gt;</a>&nbsp;&nbsp;&nbsp;main
</UL>

<P><STRONG><a name="[db]"></a>set_IO_PinMode</STRONG> (Thumb, 206 bytes, Stack size 24 bytes, io.o(i.set_IO_PinMode))
<BR><BR>[Stack]<UL><LI>Max Depth = 44<LI>Call Chain = set_IO_PinMode &rArr; GPIO_Init
</UL>
<BR>[Calls]<UL><LI><a href="#[eb]">&gt;&gt;</a>&nbsp;&nbsp;&nbsp;GPIO_Init
<LI><a href="#[b6]">&gt;&gt;</a>&nbsp;&nbsp;&nbsp;__ARM_common_switch8
</UL>
<BR>[Called By]<UL><LI><a href="#[dd]">&gt;&gt;</a>&nbsp;&nbsp;&nbsp;init_scan_row
<LI><a href="#[dc]">&gt;&gt;</a>&nbsp;&nbsp;&nbsp;init_scan_col
<LI><a href="#[da]">&gt;&gt;</a>&nbsp;&nbsp;&nbsp;init_matrix_gpio
<LI><a href="#[e4]">&gt;&gt;</a>&nbsp;&nbsp;&nbsp;matrix_scan_again
</UL>

<P><STRONG><a name="[7c]"></a>startKeyboardHid</STRONG> (Thumb, 312 bytes, Stack size 1048 bytes, iap2ctrlsession.o(i.startKeyboardHid))
<BR><BR>[Stack]<UL><LI>Max Depth = 1104<LI>Call Chain = startKeyboardHid &rArr; malloc &rArr; __Heap_Full &rArr; __Heap_ProvideMemory &rArr; free
</UL>
<BR>[Calls]<UL><LI><a href="#[46]">&gt;&gt;</a>&nbsp;&nbsp;&nbsp;malloc
<LI><a href="#[68]">&gt;&gt;</a>&nbsp;&nbsp;&nbsp;__aeabi_uwrite4
<LI><a href="#[61]">&gt;&gt;</a>&nbsp;&nbsp;&nbsp;__aeabi_uread4
<LI><a href="#[4a]">&gt;&gt;</a>&nbsp;&nbsp;&nbsp;__aeabi_memcpy
</UL>
<BR>[Called By]<UL><LI><a href="#[32]">&gt;&gt;</a>&nbsp;&nbsp;&nbsp;Iap2CtrlSession_ReqProc
</UL>

<P><STRONG><a name="[62]"></a>usb_send_data_buffer</STRONG> (Thumb, 80 bytes, Stack size 16 bytes, main.o(i.usb_send_data_buffer))
<BR><BR>[Stack]<UL><LI>Max Depth = 544<LI>Call Chain = usb_send_data_buffer &rArr; USB_EP_Tx &rArr; EndpointBulkIn &rArr; FIFOWrite &rArr; SEGGER_RTT_printf &rArr; SEGGER_RTT_vprintf &rArr; _PrintInt &rArr; _PrintUnsigned &rArr; _StoreChar &rArr; SEGGER_RTT_Write &rArr; SEGGER_RTT_WriteNoLock &rArr; _WriteNoCheck &rArr; __aeabi_memcpy
</UL>
<BR>[Calls]<UL><LI><a href="#[af]">&gt;&gt;</a>&nbsp;&nbsp;&nbsp;USB_EP_Tx
<LI><a href="#[5d]">&gt;&gt;</a>&nbsp;&nbsp;&nbsp;SEGGER_RTT_printf
</UL>
<BR>[Called By]<UL><LI><a href="#[34]">&gt;&gt;</a>&nbsp;&nbsp;&nbsp;Driver_TransferStart
</UL>
<P>
<H3>
Local Symbols
</H3>
<P><STRONG><a name="[c7]"></a>handle_super_key</STRONG> (Thumb, 66 bytes, Stack size 16 bytes, main.o(i.handle_super_key))
<BR><BR>[Stack]<UL><LI>Max Depth = 24<LI>Call Chain = handle_super_key &rArr; key_up
</UL>
<BR>[Calls]<UL><LI><a href="#[ce]">&gt;&gt;</a>&nbsp;&nbsp;&nbsp;key_up
<LI><a href="#[c9]">&gt;&gt;</a>&nbsp;&nbsp;&nbsp;get_key
</UL>
<BR>[Called By]<UL><LI><a href="#[c6]">&gt;&gt;</a>&nbsp;&nbsp;&nbsp;build_keycode
</UL>

<P><STRONG><a name="[d1]"></a>remap_fun</STRONG> (Thumb, 62 bytes, Stack size 24 bytes, main.o(i.remap_fun))
<BR><BR>[Stack]<UL><LI>Max Depth = 32<LI>Call Chain = remap_fun &rArr; key_up
</UL>
<BR>[Calls]<UL><LI><a href="#[ce]">&gt;&gt;</a>&nbsp;&nbsp;&nbsp;key_up
<LI><a href="#[cd]">&gt;&gt;</a>&nbsp;&nbsp;&nbsp;key_down
<LI><a href="#[c9]">&gt;&gt;</a>&nbsp;&nbsp;&nbsp;get_key
</UL>
<BR>[Called By]<UL><LI><a href="#[cf]">&gt;&gt;</a>&nbsp;&nbsp;&nbsp;hotKey
</UL>

<P><STRONG><a name="[ac]"></a>NVIC_SetPriority</STRONG> (Thumb, 110 bytes, Stack size 8 bytes, systick.o(i.NVIC_SetPriority))
<BR><BR>[Stack]<UL><LI>Max Depth = 8<LI>Call Chain = NVIC_SetPriority
</UL>
<BR>[Called By]<UL><LI><a href="#[ab]">&gt;&gt;</a>&nbsp;&nbsp;&nbsp;Systick_Init
</UL>

<P><STRONG><a name="[cc]"></a>ghost</STRONG> (Thumb, 234 bytes, Stack size 56 bytes, matrix.o(i.ghost))
<BR><BR>[Stack]<UL><LI>Max Depth = 64<LI>Call Chain = ghost &rArr; key_down
</UL>
<BR>[Calls]<UL><LI><a href="#[cd]">&gt;&gt;</a>&nbsp;&nbsp;&nbsp;key_down
<LI><a href="#[61]">&gt;&gt;</a>&nbsp;&nbsp;&nbsp;__aeabi_uread4
</UL>
<BR>[Called By]<UL><LI><a href="#[e5]">&gt;&gt;</a>&nbsp;&nbsp;&nbsp;matrix_key_handle
</UL>

<P><STRONG><a name="[da]"></a>init_matrix_gpio</STRONG> (Thumb, 134 bytes, Stack size 24 bytes, matrix.o(i.init_matrix_gpio))
<BR><BR>[Stack]<UL><LI>Max Depth = 68<LI>Call Chain = init_matrix_gpio &rArr; set_IO_PinMode &rArr; GPIO_Init
</UL>
<BR>[Calls]<UL><LI><a href="#[db]">&gt;&gt;</a>&nbsp;&nbsp;&nbsp;set_IO_PinMode
<LI><a href="#[61]">&gt;&gt;</a>&nbsp;&nbsp;&nbsp;__aeabi_uread4
</UL>
<BR>[Called By]<UL><LI><a href="#[e3]">&gt;&gt;</a>&nbsp;&nbsp;&nbsp;matrix_scan_key
<LI><a href="#[e4]">&gt;&gt;</a>&nbsp;&nbsp;&nbsp;matrix_scan_again
</UL>

<P><STRONG><a name="[dc]"></a>init_scan_col</STRONG> (Thumb, 184 bytes, Stack size 24 bytes, matrix.o(i.init_scan_col))
<BR><BR>[Stack]<UL><LI>Max Depth = 68<LI>Call Chain = init_scan_col &rArr; set_IO_PinMode &rArr; GPIO_Init
</UL>
<BR>[Calls]<UL><LI><a href="#[db]">&gt;&gt;</a>&nbsp;&nbsp;&nbsp;set_IO_PinMode
<LI><a href="#[d0]">&gt;&gt;</a>&nbsp;&nbsp;&nbsp;GPIO_WriteBit
<LI><a href="#[61]">&gt;&gt;</a>&nbsp;&nbsp;&nbsp;__aeabi_uread4
</UL>
<BR>[Called By]<UL><LI><a href="#[e3]">&gt;&gt;</a>&nbsp;&nbsp;&nbsp;matrix_scan_key
</UL>

<P><STRONG><a name="[dd]"></a>init_scan_row</STRONG> (Thumb, 184 bytes, Stack size 24 bytes, matrix.o(i.init_scan_row))
<BR><BR>[Stack]<UL><LI>Max Depth = 68<LI>Call Chain = init_scan_row &rArr; set_IO_PinMode &rArr; GPIO_Init
</UL>
<BR>[Calls]<UL><LI><a href="#[db]">&gt;&gt;</a>&nbsp;&nbsp;&nbsp;set_IO_PinMode
<LI><a href="#[d0]">&gt;&gt;</a>&nbsp;&nbsp;&nbsp;GPIO_WriteBit
<LI><a href="#[61]">&gt;&gt;</a>&nbsp;&nbsp;&nbsp;__aeabi_uread4
</UL>
<BR>[Called By]<UL><LI><a href="#[e3]">&gt;&gt;</a>&nbsp;&nbsp;&nbsp;matrix_scan_key
</UL>

<P><STRONG><a name="[ea]"></a>scan_col</STRONG> (Thumb, 112 bytes, Stack size 24 bytes, matrix.o(i.scan_col))
<BR><BR>[Stack]<UL><LI>Max Depth = 24<LI>Call Chain = scan_col
</UL>
<BR>[Calls]<UL><LI><a href="#[e8]">&gt;&gt;</a>&nbsp;&nbsp;&nbsp;GPIO_ReadInputDataBit
<LI><a href="#[61]">&gt;&gt;</a>&nbsp;&nbsp;&nbsp;__aeabi_uread4
</UL>
<BR>[Called By]<UL><LI><a href="#[e3]">&gt;&gt;</a>&nbsp;&nbsp;&nbsp;matrix_scan_key
</UL>

<P><STRONG><a name="[e9]"></a>scan_row</STRONG> (Thumb, 114 bytes, Stack size 24 bytes, matrix.o(i.scan_row))
<BR><BR>[Stack]<UL><LI>Max Depth = 24<LI>Call Chain = scan_row
</UL>
<BR>[Calls]<UL><LI><a href="#[e8]">&gt;&gt;</a>&nbsp;&nbsp;&nbsp;GPIO_ReadInputDataBit
<LI><a href="#[61]">&gt;&gt;</a>&nbsp;&nbsp;&nbsp;__aeabi_uread4
</UL>
<BR>[Called By]<UL><LI><a href="#[e3]">&gt;&gt;</a>&nbsp;&nbsp;&nbsp;matrix_scan_key
</UL>

<P><STRONG><a name="[5c]"></a>ConfigureIfs</STRONG> (Thumb, 508 bytes, Stack size 48 bytes, usb_core.o(i.ConfigureIfs))
<BR><BR>[Stack]<UL><LI>Max Depth = 472<LI>Call Chain = ConfigureIfs &rArr; SEGGER_RTT_printf &rArr; SEGGER_RTT_vprintf &rArr; _PrintInt &rArr; _PrintUnsigned &rArr; _StoreChar &rArr; SEGGER_RTT_Write &rArr; SEGGER_RTT_WriteNoLock &rArr; _WriteNoCheck &rArr; __aeabi_memcpy
</UL>
<BR>[Calls]<UL><LI><a href="#[5d]">&gt;&gt;</a>&nbsp;&nbsp;&nbsp;SEGGER_RTT_printf
</UL>
<BR>[Called By]<UL><LI><a href="#[b4]">&gt;&gt;</a>&nbsp;&nbsp;&nbsp;USB_StdDev_Req
</UL>

<P><STRONG><a name="[b1]"></a>USB_Endpoint0_Command</STRONG> (Thumb, 60 bytes, Stack size 16 bytes, usb_core.o(i.USB_Endpoint0_Command))
<BR><BR>[Stack]<UL><LI>Max Depth = 544<LI>Call Chain = USB_Endpoint0_Command &rArr; USB_StdDev_Req &rArr; ConfigureIfs &rArr; SEGGER_RTT_printf &rArr; SEGGER_RTT_vprintf &rArr; _PrintInt &rArr; _PrintUnsigned &rArr; _StoreChar &rArr; SEGGER_RTT_Write &rArr; SEGGER_RTT_WriteNoLock &rArr; _WriteNoCheck &rArr; __aeabi_memcpy
</UL>
<BR>[Calls]<UL><LI><a href="#[b5]">&gt;&gt;</a>&nbsp;&nbsp;&nbsp;USB_HID_Class_Req
<LI><a href="#[b4]">&gt;&gt;</a>&nbsp;&nbsp;&nbsp;USB_StdDev_Req
</UL>
<BR>[Called By]<UL><LI><a href="#[b0]">&gt;&gt;</a>&nbsp;&nbsp;&nbsp;USB_Endpoint0
</UL>

<P><STRONG><a name="[b3]"></a>USB_Endpoint0_Rx</STRONG> (Thumb, 72 bytes, Stack size 24 bytes, usb_core.o(i.USB_Endpoint0_Rx))
<BR><BR>[Stack]<UL><LI>Max Depth = 488<LI>Call Chain = USB_Endpoint0_Rx &rArr; FIFORead &rArr; SEGGER_RTT_printf &rArr; SEGGER_RTT_vprintf &rArr; _PrintInt &rArr; _PrintUnsigned &rArr; _StoreChar &rArr; SEGGER_RTT_Write &rArr; SEGGER_RTT_WriteNoLock &rArr; _WriteNoCheck &rArr; __aeabi_memcpy
</UL>
<BR>[Calls]<UL><LI><a href="#[66]">&gt;&gt;</a>&nbsp;&nbsp;&nbsp;FIFORead
<LI><a href="#[68]">&gt;&gt;</a>&nbsp;&nbsp;&nbsp;__aeabi_uwrite4
<LI><a href="#[61]">&gt;&gt;</a>&nbsp;&nbsp;&nbsp;__aeabi_uread4
</UL>
<BR>[Called By]<UL><LI><a href="#[b0]">&gt;&gt;</a>&nbsp;&nbsp;&nbsp;USB_Endpoint0
</UL>

<P><STRONG><a name="[b2]"></a>USB_Endpoint0_Tx</STRONG> (Thumb, 114 bytes, Stack size 24 bytes, usb_core.o(i.USB_Endpoint0_Tx))
<BR><BR>[Stack]<UL><LI>Max Depth = 488<LI>Call Chain = USB_Endpoint0_Tx &rArr; FIFOWrite &rArr; SEGGER_RTT_printf &rArr; SEGGER_RTT_vprintf &rArr; _PrintInt &rArr; _PrintUnsigned &rArr; _StoreChar &rArr; SEGGER_RTT_Write &rArr; SEGGER_RTT_WriteNoLock &rArr; _WriteNoCheck &rArr; __aeabi_memcpy
</UL>
<BR>[Calls]<UL><LI><a href="#[64]">&gt;&gt;</a>&nbsp;&nbsp;&nbsp;FIFOWrite
<LI><a href="#[68]">&gt;&gt;</a>&nbsp;&nbsp;&nbsp;__aeabi_uwrite4
<LI><a href="#[61]">&gt;&gt;</a>&nbsp;&nbsp;&nbsp;__aeabi_uread4
</UL>
<BR>[Called By]<UL><LI><a href="#[b0]">&gt;&gt;</a>&nbsp;&nbsp;&nbsp;USB_Endpoint0
</UL>

<P><STRONG><a name="[b4]"></a>USB_StdDev_Req</STRONG> (Thumb, 3002 bytes, Stack size 56 bytes, usb_core.o(i.USB_StdDev_Req))
<BR><BR>[Stack]<UL><LI>Max Depth = 528<LI>Call Chain = USB_StdDev_Req &rArr; ConfigureIfs &rArr; SEGGER_RTT_printf &rArr; SEGGER_RTT_vprintf &rArr; _PrintInt &rArr; _PrintUnsigned &rArr; _StoreChar &rArr; SEGGER_RTT_Write &rArr; SEGGER_RTT_WriteNoLock &rArr; _WriteNoCheck &rArr; __aeabi_memcpy
</UL>
<BR>[Calls]<UL><LI><a href="#[5c]">&gt;&gt;</a>&nbsp;&nbsp;&nbsp;ConfigureIfs
<LI><a href="#[5d]">&gt;&gt;</a>&nbsp;&nbsp;&nbsp;SEGGER_RTT_printf
<LI><a href="#[b6]">&gt;&gt;</a>&nbsp;&nbsp;&nbsp;__ARM_common_switch8
<LI><a href="#[68]">&gt;&gt;</a>&nbsp;&nbsp;&nbsp;__aeabi_uwrite4
<LI><a href="#[61]">&gt;&gt;</a>&nbsp;&nbsp;&nbsp;__aeabi_uread4
</UL>
<BR>[Called By]<UL><LI><a href="#[b1]">&gt;&gt;</a>&nbsp;&nbsp;&nbsp;USB_Endpoint0_Command
</UL>

<P><STRONG><a name="[aa]"></a>SetSysClock</STRONG> (Thumb, 198 bytes, Stack size 12 bytes, system_ft32f0xx.o(i.SetSysClock))
<BR><BR>[Stack]<UL><LI>Max Depth = 12<LI>Call Chain = SetSysClock
</UL>
<BR>[Called By]<UL><LI><a href="#[2f]">&gt;&gt;</a>&nbsp;&nbsp;&nbsp;SystemInit
</UL>

<P><STRONG><a name="[97]"></a>_DoInit</STRONG> (Thumb, 74 bytes, Stack size 8 bytes, segger_rtt.o(i._DoInit))
<BR><BR>[Stack]<UL><LI>Max Depth = 24<LI>Call Chain = _DoInit &rArr; strcpy
</UL>
<BR>[Calls]<UL><LI><a href="#[c3]">&gt;&gt;</a>&nbsp;&nbsp;&nbsp;strcpy
</UL>
<BR>[Called By]<UL><LI><a href="#[96]">&gt;&gt;</a>&nbsp;&nbsp;&nbsp;SEGGER_RTT_Write
</UL>

<P><STRONG><a name="[99]"></a>_GetAvailWriteSpace</STRONG> (Thumb, 28 bytes, Stack size 8 bytes, segger_rtt.o(i._GetAvailWriteSpace))
<BR><BR>[Stack]<UL><LI>Max Depth = 8<LI>Call Chain = _GetAvailWriteSpace
</UL>
<BR>[Called By]<UL><LI><a href="#[98]">&gt;&gt;</a>&nbsp;&nbsp;&nbsp;SEGGER_RTT_WriteNoLock
</UL>

<P><STRONG><a name="[9b]"></a>_WriteBlocking</STRONG> (Thumb, 122 bytes, Stack size 40 bytes, segger_rtt.o(i._WriteBlocking))
<BR><BR>[Stack]<UL><LI>Max Depth = 64<LI>Call Chain = _WriteBlocking &rArr; __aeabi_memcpy
</UL>
<BR>[Calls]<UL><LI><a href="#[4a]">&gt;&gt;</a>&nbsp;&nbsp;&nbsp;__aeabi_memcpy
</UL>
<BR>[Called By]<UL><LI><a href="#[98]">&gt;&gt;</a>&nbsp;&nbsp;&nbsp;SEGGER_RTT_WriteNoLock
</UL>

<P><STRONG><a name="[9a]"></a>_WriteNoCheck</STRONG> (Thumb, 74 bytes, Stack size 40 bytes, segger_rtt.o(i._WriteNoCheck))
<BR><BR>[Stack]<UL><LI>Max Depth = 64<LI>Call Chain = _WriteNoCheck &rArr; __aeabi_memcpy
</UL>
<BR>[Calls]<UL><LI><a href="#[4a]">&gt;&gt;</a>&nbsp;&nbsp;&nbsp;__aeabi_memcpy
</UL>
<BR>[Called By]<UL><LI><a href="#[98]">&gt;&gt;</a>&nbsp;&nbsp;&nbsp;SEGGER_RTT_WriteNoLock
</UL>

<P><STRONG><a name="[9e]"></a>_PrintInt</STRONG> (Thumb, 270 bytes, Stack size 56 bytes, segger_rtt_printf.o(i._PrintInt))
<BR><BR>[Stack]<UL><LI>Max Depth = 256<LI>Call Chain = _PrintInt &rArr; _PrintUnsigned &rArr; _StoreChar &rArr; SEGGER_RTT_Write &rArr; SEGGER_RTT_WriteNoLock &rArr; _WriteNoCheck &rArr; __aeabi_memcpy
</UL>
<BR>[Calls]<UL><LI><a href="#[9d]">&gt;&gt;</a>&nbsp;&nbsp;&nbsp;_StoreChar
<LI><a href="#[9f]">&gt;&gt;</a>&nbsp;&nbsp;&nbsp;_PrintUnsigned
<LI><a href="#[c4]">&gt;&gt;</a>&nbsp;&nbsp;&nbsp;__aeabi_idivmod
</UL>
<BR>[Called By]<UL><LI><a href="#[9c]">&gt;&gt;</a>&nbsp;&nbsp;&nbsp;SEGGER_RTT_vprintf
</UL>

<P><STRONG><a name="[9f]"></a>_PrintUnsigned</STRONG> (Thumb, 280 bytes, Stack size 56 bytes, segger_rtt_printf.o(i._PrintUnsigned))
<BR><BR>[Stack]<UL><LI>Max Depth = 200<LI>Call Chain = _PrintUnsigned &rArr; _StoreChar &rArr; SEGGER_RTT_Write &rArr; SEGGER_RTT_WriteNoLock &rArr; _WriteNoCheck &rArr; __aeabi_memcpy
</UL>
<BR>[Calls]<UL><LI><a href="#[9d]">&gt;&gt;</a>&nbsp;&nbsp;&nbsp;_StoreChar
<LI><a href="#[c5]">&gt;&gt;</a>&nbsp;&nbsp;&nbsp;__aeabi_uidivmod
</UL>
<BR>[Called By]<UL><LI><a href="#[9c]">&gt;&gt;</a>&nbsp;&nbsp;&nbsp;SEGGER_RTT_vprintf
<LI><a href="#[9e]">&gt;&gt;</a>&nbsp;&nbsp;&nbsp;_PrintInt
</UL>

<P><STRONG><a name="[9d]"></a>_StoreChar</STRONG> (Thumb, 68 bytes, Stack size 16 bytes, segger_rtt_printf.o(i._StoreChar))
<BR><BR>[Stack]<UL><LI>Max Depth = 144<LI>Call Chain = _StoreChar &rArr; SEGGER_RTT_Write &rArr; SEGGER_RTT_WriteNoLock &rArr; _WriteNoCheck &rArr; __aeabi_memcpy
</UL>
<BR>[Calls]<UL><LI><a href="#[96]">&gt;&gt;</a>&nbsp;&nbsp;&nbsp;SEGGER_RTT_Write
</UL>
<BR>[Called By]<UL><LI><a href="#[9c]">&gt;&gt;</a>&nbsp;&nbsp;&nbsp;SEGGER_RTT_vprintf
<LI><a href="#[9f]">&gt;&gt;</a>&nbsp;&nbsp;&nbsp;_PrintUnsigned
<LI><a href="#[9e]">&gt;&gt;</a>&nbsp;&nbsp;&nbsp;_PrintInt
</UL>

<P><STRONG><a name="[7e]"></a>Iap2LinkPkt_GetCheckSum</STRONG> (Thumb, 36 bytes, Stack size 16 bytes, iap2link.o(i.Iap2LinkPkt_GetCheckSum))
<BR><BR>[Stack]<UL><LI>Max Depth = 16<LI>Call Chain = Iap2LinkPkt_GetCheckSum
</UL>
<BR>[Called By]<UL><LI><a href="#[8f]">&gt;&gt;</a>&nbsp;&nbsp;&nbsp;Iap2Link_Verify
<LI><a href="#[7d]">&gt;&gt;</a>&nbsp;&nbsp;&nbsp;Iap2LinkPkt_Init
</UL>

<P><STRONG><a name="[72]"></a>Iap2CtrlSession_AuthenticationCerticate</STRONG> (Thumb, 290 bytes, Stack size 64 bytes, iap2ctrlsession.o(i.Iap2CtrlSession_AuthenticationCerticate))
<BR><BR>[Stack]<UL><LI>Max Depth = 120<LI>Call Chain = Iap2CtrlSession_AuthenticationCerticate &rArr; malloc &rArr; __Heap_Full &rArr; __Heap_ProvideMemory &rArr; free
</UL>
<BR>[Calls]<UL><LI><a href="#[73]">&gt;&gt;</a>&nbsp;&nbsp;&nbsp;i2c_readdata
<LI><a href="#[49]">&gt;&gt;</a>&nbsp;&nbsp;&nbsp;free
<LI><a href="#[46]">&gt;&gt;</a>&nbsp;&nbsp;&nbsp;malloc
<LI><a href="#[68]">&gt;&gt;</a>&nbsp;&nbsp;&nbsp;__aeabi_uwrite4
<LI><a href="#[61]">&gt;&gt;</a>&nbsp;&nbsp;&nbsp;__aeabi_uread4
<LI><a href="#[4e]">&gt;&gt;</a>&nbsp;&nbsp;&nbsp;__aeabi_memclr
<LI><a href="#[4a]">&gt;&gt;</a>&nbsp;&nbsp;&nbsp;__aeabi_memcpy
</UL>
<BR>[Called By]<UL><LI><a href="#[32]">&gt;&gt;</a>&nbsp;&nbsp;&nbsp;Iap2CtrlSession_ReqProc
</UL>

<P><STRONG><a name="[74]"></a>Iap2CtrlSession_ChallengeRsp</STRONG> (Thumb, 620 bytes, Stack size 80 bytes, iap2ctrlsession.o(i.Iap2CtrlSession_ChallengeRsp))
<BR><BR>[Stack]<UL><LI>Max Depth = 136<LI>Call Chain = Iap2CtrlSession_ChallengeRsp &rArr; malloc &rArr; __Heap_Full &rArr; __Heap_ProvideMemory &rArr; free
</UL>
<BR>[Calls]<UL><LI><a href="#[75]">&gt;&gt;</a>&nbsp;&nbsp;&nbsp;i2c_senddata
<LI><a href="#[73]">&gt;&gt;</a>&nbsp;&nbsp;&nbsp;i2c_readdata
<LI><a href="#[49]">&gt;&gt;</a>&nbsp;&nbsp;&nbsp;free
<LI><a href="#[46]">&gt;&gt;</a>&nbsp;&nbsp;&nbsp;malloc
<LI><a href="#[68]">&gt;&gt;</a>&nbsp;&nbsp;&nbsp;__aeabi_uwrite4
<LI><a href="#[61]">&gt;&gt;</a>&nbsp;&nbsp;&nbsp;__aeabi_uread4
<LI><a href="#[4a]">&gt;&gt;</a>&nbsp;&nbsp;&nbsp;__aeabi_memcpy
</UL>
<BR>[Called By]<UL><LI><a href="#[32]">&gt;&gt;</a>&nbsp;&nbsp;&nbsp;Iap2CtrlSession_ReqProc
</UL>

<P><STRONG><a name="[78]"></a>Iap2CtrlSession_GetIDInfo</STRONG> (Thumb, 90 bytes, Stack size 24 bytes, iap2ctrlsession.o(i.Iap2CtrlSession_GetIDInfo))
<BR><BR>[Stack]<UL><LI>Max Depth = 80<LI>Call Chain = Iap2CtrlSession_GetIDInfo &rArr; malloc &rArr; __Heap_Full &rArr; __Heap_ProvideMemory &rArr; free
</UL>
<BR>[Calls]<UL><LI><a href="#[46]">&gt;&gt;</a>&nbsp;&nbsp;&nbsp;malloc
<LI><a href="#[68]">&gt;&gt;</a>&nbsp;&nbsp;&nbsp;__aeabi_uwrite4
<LI><a href="#[61]">&gt;&gt;</a>&nbsp;&nbsp;&nbsp;__aeabi_uread4
<LI><a href="#[4a]">&gt;&gt;</a>&nbsp;&nbsp;&nbsp;__aeabi_memcpy
</UL>
<BR>[Called By]<UL><LI><a href="#[32]">&gt;&gt;</a>&nbsp;&nbsp;&nbsp;Iap2CtrlSession_ReqProc
</UL>
<P>
<H3>
Undefined Global Symbols
</H3>
<P><STRONG><a name="[58]"></a>_call_atexit_fns</STRONG> (ARM, 0 bytes, Stack size 0 bytes, UNDEFINED)
<BR><BR>[Called By]<UL><LI><a href="#[41]">&gt;&gt;</a>&nbsp;&nbsp;&nbsp;exit
</UL>
<HR></body></html>
