Component: ARM Compiler 5.06 update 7 (build 960) Tool: armlink [4d3601]

==============================================================================

Section Cross References

    main.o(i.build_keycode) refers to rt_memclr.o(.text) for __aeabi_memclr4
    main.o(i.build_keycode) refers to main.o(i.handle_super_key) for handle_super_key
    main.o(i.build_keycode) refers to key_buffer.o(i.get_key_down_list) for get_key_down_list
    main.o(i.build_keycode) refers to main.o(i.__ARM_common_switch8) for __ARM_common_switch8
    main.o(i.build_keycode) refers to key_buffer.o(i.get_key) for get_key
    main.o(i.build_keycode) refers to key_buffer.o(i.key_clear) for key_clear
    main.o(i.build_media_key) refers to main.o(i.__ARM_common_switch8) for __ARM_common_switch8
    main.o(i.handle_super_key) refers to key_buffer.o(i.get_key) for get_key
    main.o(i.handle_super_key) refers to key_buffer.o(i.key_up) for key_up
    main.o(i.hotKey) refers to key_buffer.o(i.get_key) for get_key
    main.o(i.hotKey) refers to key_buffer.o(i.key_up) for key_up
    main.o(i.hotKey) refers to ft32f0xx_gpio.o(i.GPIO_WriteBit) for GPIO_WriteBit
    main.o(i.hotKey) refers to uread4.o(.text) for __aeabi_uread4
    main.o(i.hotKey) refers to main.o(i.remap_fun) for remap_fun
    main.o(i.hotKey) refers to main.o(.data) for lock_flag
    main.o(i.iAP2PacketParseBuffer) refers to segger_rtt_printf.o(i.SEGGER_RTT_printf) for SEGGER_RTT_printf
    main.o(i.iAP2PacketParseBuffer) refers to main.o(i.__ARM_common_switch8) for __ARM_common_switch8
    main.o(i.iAP2PacketParseBuffer) refers to rt_memclr.o(.text) for __aeabi_memclr
    main.o(i.iAP2PacketParseBuffer) refers to driver.o(i.Driver_RxDone) for Driver_RxDone
    main.o(i.iAP2PacketParseBuffer) refers to h1_free.o(.text) for free
    main.o(i.iAP2PacketParseBuffer) refers to h1_alloc.o(.text) for malloc
    main.o(i.iAP2PacketParseBuffer) refers to rt_memcpy.o(.text) for __aeabi_memcpy
    main.o(i.iAP2PacketParseBuffer) refers to main.o(.constdata) for __FUNCTION__
    main.o(i.iAP2PacketParseBuffer) refers to main.o(.data) for g_ParseState_t
    main.o(i.iAP2PacketParseBuffer) refers to main.o(.bss) for g_usbdata_head
    main.o(i.main) refers to systick.o(i.Systick_Init) for Systick_Init
    main.o(i.main) refers to ft32f0xx_i2c.o(i.I2C_DeInit) for I2C_DeInit
    main.o(i.main) refers to ft32f0xx_i2c.o(i.I2C_StructInit) for I2C_StructInit
    main.o(i.main) refers to ft32f0xx_i2c.o(i.I2C_Init) for I2C_Init
    main.o(i.main) refers to ft32f0xx_i2c.o(i.I2C_Cmd) for I2C_Cmd
    main.o(i.main) refers to usb_core.o(i.USB_Init) for USB_Init
    main.o(i.main) refers to ft32f0xx_rcc.o(i.RCC_AHBPeriphClockCmd) for RCC_AHBPeriphClockCmd
    main.o(i.main) refers to segger_rtt_printf.o(i.SEGGER_RTT_printf) for SEGGER_RTT_printf
    main.o(i.main) refers to listusbdata.o(i.ListUsbData_Init) for ListUsbData_Init
    main.o(i.main) refers to systick.o(i.SysTick_Delay_Ms) for SysTick_Delay_Ms
    main.o(i.main) refers to iap2link.o(i.Iap2Link_Init) for Iap2Link_Init
    main.o(i.main) refers to iap2ctrlsession.o(i.Iap2CtrlSession_Init) for Iap2CtrlSession_Init
    main.o(i.main) refers to iap2link.o(i.Iap2Link_Start) for Iap2Link_Start
    main.o(i.main) refers to driver.o(i.Driver_Check) for Driver_Check
    main.o(i.main) refers to rt_memclr.o(.text) for __aeabi_memclr4
    main.o(i.main) refers to iap2link.o(i.Iap2Link_Run) for Iap2Link_Run
    main.o(i.main) refers to listusbdata.o(i.ListUsbData_Remove) for ListUsbData_Remove
    main.o(i.main) refers to main.o(i.iAP2PacketParseBuffer) for iAP2PacketParseBuffer
    main.o(i.main) refers to h1_free.o(.text) for free
    main.o(i.main) refers to matrix.o(i.matrix_scan_key) for matrix_scan_key
    main.o(i.main) refers to matrix.o(i.matrix_scan_again) for matrix_scan_again
    main.o(i.main) refers to matrix.o(i.matrix_key_handle) for matrix_key_handle
    main.o(i.main) refers to main.o(i.hotKey) for hotKey
    main.o(i.main) refers to main.o(i.build_keycode) for build_keycode
    main.o(i.main) refers to main.o(i.send_keycode) for send_keycode
    main.o(i.main) refers to main.o(i.send_acpi_media_keycode) for send_acpi_media_keycode
    main.o(i.main) refers to main.o(.data) for g_usbdata
    main.o(i.main) refers to driver.o(i.Driver_TransferStart) for Driver_TransferStart
    main.o(i.main) refers to iap2link.o(.data) for g_pIap2Link
    main.o(i.main) refers to main.o(.constdata) for __FUNCTION__
    main.o(i.remap_fun) refers to key_buffer.o(i.get_key) for get_key
    main.o(i.remap_fun) refers to key_buffer.o(i.key_up) for key_up
    main.o(i.remap_fun) refers to key_buffer.o(i.key_down) for key_down
    main.o(i.send_acpi_media_keycode) refers to main.o(i.build_media_key) for build_media_key
    main.o(i.send_acpi_media_keycode) refers to usb_core.o(i.USB_EP_Tx) for USB_EP_Tx
    main.o(i.send_keycode) refers to rt_memcpy.o(.text) for __aeabi_memcpy
    main.o(i.send_keycode) refers to usb_core.o(i.USB_EP_Tx) for USB_EP_Tx
[...]
    i.ConfigureIfs                           0x080007c4   Section        0  usb_core.o(i.ConfigureIfs)
    ConfigureIfs                             0x080007c5   Thumb Code   508  usb_core.o(i.ConfigureIfs)
    i.Driver_Check                           0x08000d10   Section        0  driver.o(i.Driver_Check)
    i.Driver_RxDone                          0x08000d54   Section        0  driver.o(i.Driver_RxDone)
    i.Driver_TransferStart                   0x08000dd0   Section        0  driver.o(i.Driver_TransferStart)
    i.EndpointBulkIn                         0x08000e4c   Section        0  usb_core.o(i.EndpointBulkIn)
    i.EndpointBulkOut                        0x08000f3c   Section        0  usb_core.o(i.EndpointBulkOut)
    i.FIFORead                               0x08000fb4   Section        0  usb_core.o(i.FIFORead)
    i.FIFOWrite                              0x08001074   Section        0  usb_core.o(i.FIFOWrite)
    i.GPIO_Init                              0x08001134   Section        0  ft32f0xx_gpio.o(i.GPIO_Init)
    i.GPIO_ReadInputDataBit                  0x080011c4   Section        0  ft32f0xx_gpio.o(i.GPIO_ReadInputDataBit)
    i.GPIO_WriteBit                          0x080011d8   Section        0  ft32f0xx_gpio.o(i.GPIO_WriteBit)
    i.GetTime                                0x080011e4   Section        0  systick.o(i.GetTime)
    i.HID_GetIdleEvent                       0x080011f0   Section        0  usb_core.o(i.HID_GetIdleEvent)
    i.HID_GetProtocolEvent                   0x0800122c   Section        0  usb_core.o(i.HID_GetProtocolEvent)
    i.HID_GetReportEvent                     0x08001268   Section        0  usb_core.o(i.HID_GetReportEvent)
    i.HID_SetIdleEvent                       0x080012d0   Section        0  usb_core.o(i.HID_SetIdleEvent)
    i.HID_SetProtocolEvent                   0x08001308   Section        0  usb_core.o(i.HID_SetProtocolEvent)
    i.HID_SetReportEvent                     0x0800133c   Section        0  usb_core.o(i.HID_SetReportEvent)
    i.I2C_AcknowledgeConfig                  0x080013a0   Section        0  ft32f0xx_i2c.o(i.I2C_AcknowledgeConfig)
    i.I2C_Cmd                                0x080013bc   Section        0  ft32f0xx_i2c.o(i.I2C_Cmd)
    i.I2C_DeInit                             0x080013d4   Section        0  ft32f0xx_i2c.o(i.I2C_DeInit)
    i.I2C_GenerateSTART                      0x0800140c   Section        0  ft32f0xx_i2c.o(i.I2C_GenerateSTART)
    i.I2C_GenerateSTOP                       0x08001428   Section        0  ft32f0xx_i2c.o(i.I2C_GenerateSTOP)
    i.I2C_Init                               0x08001444   Section        0  ft32f0xx_i2c.o(i.I2C_Init)
    i.I2C_MasterRequestConfig                0x080014b0   Section        0  ft32f0xx_i2c.o(i.I2C_MasterRequestConfig)
    i.I2C_ReceiveData                        0x080014cc   Section        0  ft32f0xx_i2c.o(i.I2C_ReceiveData)
    i.I2C_SendData                           0x080014d4   Section        0  ft32f0xx_i2c.o(i.I2C_SendData)
    i.I2C_SlaveAddressConfig                 0x080014d8   Section        0  ft32f0xx_i2c.o(i.I2C_SlaveAddressConfig)
    i.I2C_StructInit                         0x080014ec   Section        0  ft32f0xx_i2c.o(i.I2C_StructInit)
    i.Iap2CtrlSessionMsg_AddParam            0x08001504   Section        0  iap2ctrlsession.o(i.Iap2CtrlSessionMsg_AddParam)
    i.Iap2CtrlSessionMsg_Init                0x08001548   Section        0  iap2ctrlsession.o(i.Iap2CtrlSessionMsg_Init)
    i.Iap2CtrlSession_AuthenticationCerticate 0x08001574   Section        0  iap2ctrlsession.o(i.Iap2CtrlSession_AuthenticationCerticate)
    Iap2CtrlSession_AuthenticationCerticate  0x08001575   Thumb Code   290  iap2ctrlsession.o(i.Iap2CtrlSession_AuthenticationCerticate)
    i.Iap2CtrlSession_ChallengeRsp           0x080016a0   Section        0  iap2ctrlsession.o(i.Iap2CtrlSession_ChallengeRsp)
    Iap2CtrlSession_ChallengeRsp             0x080016a1   Thumb Code   620  iap2ctrlsession.o(i.Iap2CtrlSession_ChallengeRsp)
    i.Iap2CtrlSession_EventProc              0x08001914   Section        0  iap2ctrlsession.o(i.Iap2CtrlSession_EventProc)
    i.Iap2CtrlSession_GetIDInfo              0x08001988   Section        0  iap2ctrlsession.o(i.Iap2CtrlSession_GetIDInfo)
    Iap2CtrlSession_GetIDInfo                0x08001989   Thumb Code    90  iap2ctrlsession.o(i.Iap2CtrlSession_GetIDInfo)
    i.Iap2CtrlSession_Init                   0x080019ec   Section        0  iap2ctrlsession.o(i.Iap2CtrlSession_Init)
    i.Iap2CtrlSession_ReqProc                0x08001a48   Section        0  iap2ctrlsession.o(i.Iap2CtrlSession_ReqProc)
    i.Iap2CtrlSession_RspProc                0x08001b0c   Section        0  iap2ctrlsession.o(i.Iap2CtrlSession_RspProc)
    i.Iap2LinkPkt_GetCheckSum                0x08001b12   Section        0  iap2link.o(i.Iap2LinkPkt_GetCheckSum)
    Iap2LinkPkt_GetCheckSum                  0x08001b13   Thumb Code    36  iap2link.o(i.Iap2LinkPkt_GetCheckSum)
    i.Iap2LinkPkt_Init                       0x08001b36   Section        0  iap2link.o(i.Iap2LinkPkt_Init)
    i.Iap2Link_AckInit                       0x08001bce   Section        0  iap2link.o(i.Iap2Link_AckInit)
    i.Iap2Link_Init                          0x08001c04   Section        0  iap2link.o(i.Iap2Link_Init)
    i.Iap2Link_Notify                        0x08001c50   Section        0  iap2link.o(i.Iap2Link_Notify)
    i.Iap2Link_Payload_Eak                   0x08001c7a   Section        0  iap2link.o(i.Iap2Link_Payload_Eak)
    i.Iap2Link_Payload_SyncLink              0x08001c80   Section        0  iap2link.o(i.Iap2Link_Payload_SyncLink)
    i.Iap2Link_RcvData                       0x08001d04   Section        0  iap2link.o(i.Iap2Link_RcvData)
    i.Iap2Link_ReTx                          0x08001d8c   Section        0  iap2link.o(i.Iap2Link_ReTx)
    i.Iap2Link_RegSession                    0x08001e04   Section        0  iap2link.o(i.Iap2Link_RegSession)
    i.Iap2Link_Run                           0x08001e38   Section        0  iap2link.o(i.Iap2Link_Run)
    i.Iap2Link_SendSyncPkt                   0x08001f0c   Section        0  iap2link.o(i.Iap2Link_SendSyncPkt)
    i.Iap2Link_Sleep                         0x08001fa0   Section        0  iap2link.o(i.Iap2Link_Sleep)
    i.Iap2Link_Start                         0x08001fa4   Section        0  iap2link.o(i.Iap2Link_Start)
    i.Iap2Link_TimerReset                    0x08002054   Section        0  iap2link.o(i.Iap2Link_TimerReset)
    i.Iap2Link_TransferDone                  0x08002068   Section        0  iap2link.o(i.Iap2Link_TransferDone)
    i.Iap2Link_TxData                        0x08002260   Section        0  iap2link.o(i.Iap2Link_TxData)
    i.Iap2Link_Verify                        0x08002384   Section        0  iap2link.o(i.Iap2Link_Verify)
    i.LinkPayload_Init                       0x080023f0   Section        0  iap2link.o(i.LinkPayload_Init)
    i.ListUsbData_AddTail                    0x08002424   Section        0  listusbdata.o(i.ListUsbData_AddTail)
    i.ListUsbData_Init                       0x080024b8   Section        0  listusbdata.o(i.ListUsbData_Init)
    i.ListUsbData_Remove                     0x080024bc   Section        0  listusbdata.o(i.ListUsbData_Remove)
    i.NVIC_Init                              0x080025fc   Section        0  ft32f0xx_misc.o(i.NVIC_Init)
    i.NVIC_SetPriority                       0x0800266c   Section        0  systick.o(i.NVIC_SetPriority)
    NVIC_SetPriority                         0x0800266d   Thumb Code   110  systick.o(i.NVIC_SetPriority)
    i.RCC_AHBPeriphClockCmd                  0x080026e4   Section        0  ft32f0xx_rcc.o(i.RCC_AHBPeriphClockCmd)
    i.RCC_APB1PeriphClockCmd                 0x08002704   Section        0  ft32f0xx_rcc.o(i.RCC_APB1PeriphClockCmd)
    i.RCC_APB1PeriphResetCmd                 0x08002724   Section        0  ft32f0xx_rcc.o(i.RCC_APB1PeriphResetCmd)
    i.RCC_GetFlagStatus                      0x08002744   Section        0  ft32f0xx_rcc.o(i.RCC_GetFlagStatus)
    i.RCC_HSI48Cmd                           0x0800278c   Section        0  ft32f0xx_rcc.o(i.RCC_HSI48Cmd)
    i.RCC_USBCLKConfig                       0x080027b4   Section        0  ft32f0xx_rcc.o(i.RCC_USBCLKConfig)
    i.SEGGER_RTT_Write                       0x080027d0   Section        0  segger_rtt.o(i.SEGGER_RTT_Write)
    i.SEGGER_RTT_WriteNoLock                 0x08002818   Section        0  segger_rtt.o(i.SEGGER_RTT_WriteNoLock)
    i.SEGGER_RTT_printf                      0x0800289c   Section        0  segger_rtt_printf.o(i.SEGGER_RTT_printf)
    i.SEGGER_RTT_vprintf                     0x080028c0   Section        0  segger_rtt_printf.o(i.SEGGER_RTT_vprintf)
    i.SessionMgr_Fsm                         0x08002ad8   Section        0  iap2session.o(i.SessionMgr_Fsm)
    i.SessionMgr_FsmReset                    0x08002b74   Section        0  iap2session.o(i.SessionMgr_FsmReset)
    i.SessionMgr_FsmRxAck                    0x08002b8c   Section        0  iap2session.o(i.SessionMgr_FsmRxAck)
    i.SessionMgr_FsmRxReq                    0x08002c5c   Section        0  iap2session.o(i.SessionMgr_FsmRxReq)
    i.SessionMgr_FsmRxRsp                    0x08002e38   Section        0  iap2session.o(i.SessionMgr_FsmRxRsp)
    i.SessionMgr_FsmTxAck                    0x08002f58   Section        0  iap2session.o(i.SessionMgr_FsmTxAck)
    i.SessionMgr_FsmTxReq                    0x08002fb0   Section        0  iap2session.o(i.SessionMgr_FsmTxReq)
    i.SessionMgr_FsmTxRsp                    0x08003014   Section        0  iap2session.o(i.SessionMgr_FsmTxRsp)
    i.SessionMgr_Init                        0x0800308c   Section        0  iap2session.o(i.SessionMgr_Init)
    i.SessionMgr_RxReq                       0x080030a0   Section        0  iap2session.o(i.SessionMgr_RxReq)
    i.SessionMgr_TxReq                       0x080030d8   Section        0  iap2session.o(i.SessionMgr_TxReq)
    i.SetSysClock                            0x080030ec   Section        0  system_ft32f0xx.o(i.SetSysClock)
    SetSysClock                              0x080030ed   Thumb Code   198  system_ft32f0xx.o(i.SetSysClock)
    i.SwTimer_Start                          0x080031bc   Section        0  swtimer.o(i.SwTimer_Start)
    i.SwTimer_Stop                           0x0800324c   Section        0  swtimer.o(i.SwTimer_Stop)
    i.SwTimer_isTimerOut                     0x08003258   Section        0  swtimer.o(i.SwTimer_isTimerOut)
    i.SwTimer_isTimerOutEx                   0x080032f4   Section        0  swtimer.o(i.SwTimer_isTimerOutEx)
    i.SysTick_CLKSourceConfig                0x0800331c   Section        0  ft32f0xx_misc.o(i.SysTick_CLKSourceConfig)
    i.SysTick_Delay_Ms                       0x08003340   Section        0  systick.o(i.SysTick_Delay_Ms)
    i.SysTick_Handler                        0x08003374   Section        0  systick.o(i.SysTick_Handler)
    i.SystemInit                             0x08003394   Section        0  system_ft32f0xx.o(i.SystemInit)
    i.Systick_Init                           0x08003410   Section        0  systick.o(i.Systick_Init)
    i.USB_EP_Rx                              0x08003458   Section        0  usb_core.o(i.USB_EP_Rx)
    i.USB_EP_Tx                              0x0800347c   Section        0  usb_core.o(i.USB_EP_Tx)
    i.USB_Endpoint0                          0x080035e8   Section        0  usb_core.o(i.USB_Endpoint0)
    i.USB_Endpoint0_Command                  0x080037d8   Section        0  usb_core.o(i.USB_Endpoint0_Command)
    USB_Endpoint0_Command                    0x080037d9   Thumb Code    60  usb_core.o(i.USB_Endpoint0_Command)
    i.USB_Endpoint0_Rx                       0x08003818   Section        0  usb_core.o(i.USB_Endpoint0_Rx)
    USB_Endpoint0_Rx                         0x08003819   Thumb Code    72  usb_core.o(i.USB_Endpoint0_Rx)
    i.USB_Endpoint0_Tx                       0x08003864   Section        0  usb_core.o(i.USB_Endpoint0_Tx)
    USB_Endpoint0_Tx                         0x08003865   Thumb Code   114  usb_core.o(i.USB_Endpoint0_Tx)
    i.USB_HID_Class_Req                      0x080038dc   Section        0  usb_core.o(i.USB_HID_Class_Req)
    i.USB_IRQHandler                         0x08003948   Section        0  usb_core.o(i.USB_IRQHandler)
    i.USB_ITConfig                           0x08003c50   Section        0  usb_core.o(i.USB_ITConfig)
    i.USB_Init                               0x08003cb4   Section        0  usb_core.o(i.USB_Init)
    i.USB_PDCTRLConfig                       0x08003d38   Section        0  usb_core.o(i.USB_PDCTRLConfig)
    i.USB_Reset                              0x08003d54   Section        0  usb_core.o(i.USB_Reset)
    i.USB_StdDev_Req                         0x08003e14   Section        0  usb_core.o(i.USB_StdDev_Req)
    USB_StdDev_Req                           0x08003e15   Thumb Code  3002  usb_core.o(i.USB_StdDev_Req)
    i._DoInit                                0x080049dc   Section        0  segger_rtt.o(i._DoInit)
    _DoInit                                  0x080049dd   Thumb Code    74  segger_rtt.o(i._DoInit)
    i._GetAvailWriteSpace                    0x08004a4c   Section        0  segger_rtt.o(i._GetAvailWriteSpace)
    _GetAvailWriteSpace                      0x08004a4d   Thumb Code    28  segger_rtt.o(i._GetAvailWriteSpace)
    i._PrintInt                              0x08004a68   Section        0  segger_rtt_printf.o(i._PrintInt)
    _PrintInt                                0x08004a69   Thumb Code   270  segger_rtt_printf.o(i._PrintInt)
    i._PrintUnsigned                         0x08004b78   Section        0  segger_rtt_printf.o(i._PrintUnsigned)
    _PrintUnsigned                           0x08004b79   Thumb Code   280  segger_rtt_printf.o(i._PrintUnsigned)
    i._StoreChar                             0x08004c94   Section        0  segger_rtt_printf.o(i._StoreChar)
    _StoreChar                               0x08004c95   Thumb Code    68  segger_rtt_printf.o(i._StoreChar)
    i._WriteBlocking                         0x08004cd8   Section        0  segger_rtt.o(i._WriteBlocking)
    _WriteBlocking                           0x08004cd9   Thumb Code   122  segger_rtt.o(i._WriteBlocking)
    i._WriteNoCheck                          0x08004d52   Section        0  segger_rtt.o(i._WriteNoCheck)
    _WriteNoCheck                            0x08004d53   Thumb Code    74  segger_rtt.o(i._WriteNoCheck)
    i.__ARM_common_switch8                   0x08004d9c   Section        0  main.o(i.__ARM_common_switch8)
    i.build_keycode                          0x08004db8   Section        0  main.o(i.build_keycode)
    i.build_media_key                        0x08004e98   Section        0  main.o(i.build_media_key)
    i.get_key                                0x08004f48   Section        0  key_buffer.o(i.get_key)
    i.get_key_down_list                      0x08004f6a   Section        0  key_buffer.o(i.get_key_down_list)
    i.ghost                                  0x08004fc8   Section        0  matrix.o(i.ghost)
    ghost                                    0x08004fc9   Thumb Code   234  matrix.o(i.ghost)
    i.handle_super_key                       0x080050b2   Section        0  main.o(i.handle_super_key)
    handle_super_key                         0x080050b3   Thumb Code    66  main.o(i.handle_super_key)
    i.hotKey                                 0x080050f4   Section        0  main.o(i.hotKey)
    i.i2c_readdata                           0x080051cc   Section        0  ft32f0xx_i2c.o(i.i2c_readdata)
    i.i2c_senddata                           0x08005248   Section        0  ft32f0xx_i2c.o(i.i2c_senddata)
    i.iAP2PacketParseBuffer                  0x08005298   Section        0  main.o(i.iAP2PacketParseBuffer)
    i.init_matrix_gpio                       0x080055d4   Section        0  matrix.o(i.init_matrix_gpio)
    init_matrix_gpio                         0x080055d5   Thumb Code   134  matrix.o(i.init_matrix_gpio)
    i.init_scan_col                          0x0800565a   Section        0  matrix.o(i.init_scan_col)
    init_scan_col                            0x0800565b   Thumb Code   184  matrix.o(i.init_scan_col)
    i.init_scan_row                          0x08005712   Section        0  matrix.o(i.init_scan_row)
    init_scan_row                            0x08005713   Thumb Code   184  matrix.o(i.init_scan_row)
    i.key_clear                              0x080057ca   Section        0  key_buffer.o(i.key_clear)
    i.key_down                               0x080057d8   Section        0  key_buffer.o(i.key_down)
    i.key_up                                 0x080057f4   Section        0  key_buffer.o(i.key_up)
    i.main                                   0x08005810   Section        0  main.o(i.main)
    i.matrix_key_handle                      0x08005a14   Section        0  matrix.o(i.matrix_key_handle)
    i.matrix_scan_again                      0x08005ae8   Section        0  matrix.o(i.matrix_scan_again)
    i.matrix_scan_key                        0x08005c42   Section        0  matrix.o(i.matrix_scan_key)
    i.remap_fun                              0x08005d02   Section        0  main.o(i.remap_fun)
    remap_fun                                0x08005d03   Thumb Code    62  main.o(i.remap_fun)
    i.scan_col                               0x08005d40   Section        0  matrix.o(i.scan_col)
    scan_col                                 0x08005d41   Thumb Code   112  matrix.o(i.scan_col)
    i.scan_row                               0x08005db0   Section        0  matrix.o(i.scan_row)
    scan_row                                 0x08005db1   Thumb Code   114  matrix.o(i.scan_row)
    i.send_acpi_media_keycode                0x08005e24   Section        0  main.o(i.send_acpi_media_keycode)
    i.send_keycode                           0x08005e70   Section        0  main.o(i.send_keycode)
    i.set_IO_PinMode                         0x08005ed0   Section        0  io.o(i.set_IO_PinMode)
    i.startKeyboardHid                       0x08005fa0   Section        0  iap2ctrlsession.o(i.startKeyboardHid)
    i.usb_send_data_buffer                   0x080060e0   Section        0  main.o(i.usb_send_data_buffer)
    .constdata                               0x080061c0   Section      431  main.o(.constdata)
    __FUNCTION__                             0x08006354   Data          22  main.o(.constdata)
    __FUNCTION__                             0x0800636a   Data           5  main.o(.constdata)
    .constdata                               0x0800636f   Section       15  usb_core.o(.constdata)
    __FUNCTION__                             0x0800636f   Data          15  usb_core.o(.constdata)
    .constdata                               0x0800637e   Section      466  usb_desc.o(.constdata)
    .constdata                               0x08006550   Section       16  segger_rtt_printf.o(.constdata)
    _aV2C                                    0x08006550   Data          16  segger_rtt_printf.o(.constdata)
    .constdata                               0x08006560   Section       19  swtimer.o(.constdata)
    __FUNCTION__                             0x08006560   Data          19  swtimer.o(.constdata)
    .constdata                               0x08006573   Section      120  iap2session.o(.constdata)
    __FUNCTION__                             0x08006573   Data          20  iap2session.o(.constdata)
    __FUNCTION__                             0x08006587   Data          20  iap2session.o(.constdata)
    __FUNCTION__                             0x0800659b   Data          20  iap2session.o(.constdata)
    __FUNCTION__                             0x080065af   Data          20  iap2session.o(.constdata)
    __FUNCTION__                             0x080065c3   Data          20  iap2session.o(.constdata)
    __FUNCTION__                             0x080065d7   Data          20  iap2session.o(.constdata)
    .constdata                               0x080065eb   Section       49  iap2link.o(.constdata)
    __FUNCTION__                             0x080065eb   Data          14  iap2link.o(.constdata)
    __FUNCTION__                             0x080065f9   Data          22  iap2link.o(.constdata)
    __FUNCTION__                             0x0800660f   Data          13  iap2link.o(.constdata)
    .constdata                               0x0800661c   Section       14  driver.o(.constdata)
    __FUNCTION__                             0x0800661c   Data          14  driver.o(.constdata)
    .constdata                               0x0800662a   Section       39  listusbdata.o(.constdata)
    __FUNCTION__                             0x0800662a   Data          20  listusbdata.o(.constdata)
    __FUNCTION__                             0x0800663e   Data          19  listusbdata.o(.constdata)
    .conststring                             0x08006654   Section      369  usb_core.o(.conststring)
    .data                                    0x20000000   Section      249  main.o(.data)
    lock_flag                                0x200000f8   Data           1  main.o(.data)
    .data                                    0x200000fc   Section        4  systick.o(.data)
    .data                                    0x20000100   Section       36  usb_core.o(.data)
    cmd                                      0x2000011c   Data           8  usb_core.o(.data)
    .data                                    0x20000124   Section       28  iap2link.o(.data)
    auth_init_data                           0x20000128   Data           6  iap2link.o(.data)
    lack_of_backward_compatibility           0x2000012e   Data          18  iap2link.o(.data)
    .data                                    0x20000140   Section      329  iap2ctrlsession.o(.data)
    .data                                    0x2000028c   Section        8  driver.o(.data)
    .bss                                     0x20000294   Section      649  main.o(.bss)
    .bss                                     0x2000051d   Section      576  keyboard.o(.bss)
    .bss                                     0x20000760   Section      212  usb_core.o(.bss)
    ep0state                                 0x20000823   Data          17  usb_core.o(.bss)
    .bss                                     0x20000834   Section     1208  segger_rtt.o(.bss)
    _acUpBuffer                              0x200008dc   Data        1024  segger_rtt.o(.bss)
    _acDownBuffer                            0x20000cdc   Data          16  segger_rtt.o(.bss)
    .bss                                     0x20000cec   Section     1285  iap2link.o(.bss)
    g_Iap2Link                               0x20000cec   Data        1285  iap2link.o(.bss)
    .bss                                     0x200011f4   Section       96  libspace.o(.bss)
    HEAP                                     0x20001258   Section     1024  startup_ft32f072xb.o(HEAP)
    Heap_Mem                                 0x20001258   Data        1024  startup_ft32f072xb.o(HEAP)
    STACK                                    0x20001658   Section     1024  startup_ft32f072xb.o(STACK)
    Stack_Mem                                0x20001658   Data        1024  startup_ft32f072xb.o(STACK)
    __initial_sp                             0x20001a58   Data           0  startup_ft32f072xb.o(STACK)

    Global Symbols

    Symbol Name                              Value     Ov Type        Size  Object(Section)

    BuildAttributes$$THM_ISAv3M$S$PE$A:L22$X:L11$S22$IEEE1$IW$USESV6$~STKCKD$USESV7$~SHL$OTIME$ROPI$EBA8$UX$STANDARDLIB$REQ8$PRES8$EABIv2 0x00000000   Number         0  anon$$obj.o ABSOLUTE
    __ARM_use_no_argv                        0x00000000   Number         0  main.o ABSOLUTE
    __ARM_exceptions_init                     - Undefined Weak Reference
    __alloca_initialize                       - Undefined Weak Reference
    __arm_fini_                               - Undefined Weak Reference
    __arm_preinit_                            - Undefined Weak Reference
    __cpp_initialize__aeabi_                  - Undefined Weak Reference
    __cxa_finalize                            - Undefined Weak Reference
    __rt_locale                               - Undefined Weak Reference
    __sigvec_lookup                           - Undefined Weak Reference
    __user_heap_extent                        - Undefined Weak Reference
    _atexit_init                              - Undefined Weak Reference
    _call_atexit_fns                          - Undefined Weak Reference
    _clock_init                               - Undefined Weak Reference
    _fp_trap_init                             - Undefined Weak Reference
    _fp_trap_shutdown                         - Undefined Weak Reference
    _get_lc_collate                           - Undefined Weak Reference
    _get_lc_ctype                             - Undefined Weak Reference
    _get_lc_monetary                          - Undefined Weak Reference
    _get_lc_numeric                           - Undefined Weak Reference
    _get_lc_time                              - Undefined Weak Reference
    _getenv_init                              - Undefined Weak Reference
    _handle_redirection                       - Undefined Weak Reference
    _initio                                   - Undefined Weak Reference
    _mutex_acquire                            - Undefined Weak Reference
    _mutex_free                               - Undefined Weak Reference
    _mutex_release                            - Undefined Weak Reference
    _rand_init                                - Undefined Weak Reference
    _signal_finish                            - Undefined Weak Reference
    _signal_init                              - Undefined Weak Reference
    _terminateio                              - Undefined Weak Reference
    __Vectors_Size                           0x000000c0   Number         0  startup_ft32f072xb.o ABSOLUTE
    __Vectors                                0x08000000   Data           4  startup_ft32f072xb.o(RESET)
    __Vectors_End                            0x080000c0   Data           0  startup_ft32f072xb.o(RESET)
    __main                                   0x080000c1   Thumb Code     8  __main.o(!!!main)
    __scatterload                            0x080000c9   Thumb Code     0  __scatter.o(!!!scatter)
    __scatterload_rt2                        0x080000c9   Thumb Code    52  __scatter.o(!!!scatter)
    __scatterload_rt2_thumb_only             0x080000c9   Thumb Code     0  __scatter.o(!!!scatter)
    __scatterload_null                       0x080000d9   Thumb Code     0  __scatter.o(!!!scatter)
    __scatterload_zeroinit                   0x08000105   Thumb Code    28  __scatter_zi.o(!!handler_zi)
    __rt_lib_init                            0x08000121   Thumb Code     0  libinit.o(.ARM.Collect$$libinit$$00000000)
    __rt_lib_init_fp_1                       0x08000123   Thumb Code     0  libinit2.o(.ARM.Collect$$libinit$$00000002)
    __rt_lib_init_heap_2                     0x08000123   Thumb Code     0  libinit2.o(.ARM.Collect$$libinit$$00000005)
    __rt_lib_init_preinit_1                  0x08000123   Thumb Code     0  libinit2.o(.ARM.Collect$$libinit$$00000004)
    __rt_lib_init_alloca_1                   0x0800012b   Thumb Code     0  libinit2.o(.ARM.Collect$$libinit$$0000002E)
    __rt_lib_init_argv_1                     0x0800012b   Thumb Code     0  libinit2.o(.ARM.Collect$$libinit$$0000002C)
    __rt_lib_init_atexit_1                   0x0800012b   Thumb Code     0  libinit2.o(.ARM.Collect$$libinit$$0000001B)
    __rt_lib_init_clock_1                    0x0800012b   Thumb Code     0  libinit2.o(.ARM.Collect$$libinit$$00000021)
    __rt_lib_init_cpp_1                      0x0800012b   Thumb Code     0  libinit2.o(.ARM.Collect$$libinit$$00000032)
    __rt_lib_init_exceptions_1               0x0800012b   Thumb Code     0  libinit2.o(.ARM.Collect$$libinit$$00000030)
    __rt_lib_init_fp_trap_1                  0x0800012b   Thumb Code     0  libinit2.o(.ARM.Collect$$libinit$$0000001F)
    __rt_lib_init_getenv_1                   0x0800012b   Thumb Code     0  libinit2.o(.ARM.Collect$$libinit$$00000023)
    __rt_lib_init_heap_1                     0x0800012b   Thumb Code     0  libinit2.o(.ARM.Collect$$libinit$$0000000A)
    __rt_lib_init_lc_collate_1               0x0800012b   Thumb Code     0  libinit2.o(.ARM.Collect$$libinit$$00000011)
    __rt_lib_init_lc_ctype_1                 0x0800012b   Thumb Code     0  libinit2.o(.ARM.Collect$$libinit$$00000013)
    __rt_lib_init_lc_monetary_1              0x0800012b   Thumb Code     0  libinit2.o(.ARM.Collect$$libinit$$00000015)
    __rt_lib_init_lc_numeric_1               0x0800012b   Thumb Code     0  libinit2.o(.ARM.Collect$$libinit$$00000017)
    __rt_lib_init_lc_time_1                  0x0800012b   Thumb Code     0  libinit2.o(.ARM.Collect$$libinit$$00000019)
    __rt_lib_init_rand_1                     0x0800012b   Thumb Code     0  libinit2.o(.ARM.Collect$$libinit$$0000000E)
    __rt_lib_init_return                     0x0800012b   Thumb Code     0  libinit2.o(.ARM.Collect$$libinit$$00000033)
    __rt_lib_init_signal_1                   0x0800012b   Thumb Code     0  libinit2.o(.ARM.Collect$$libinit$$0000001D)
    __rt_lib_init_stdio_1                    0x0800012b   Thumb Code     0  libinit2.o(.ARM.Collect$$libinit$$00000025)
    __rt_lib_init_user_alloc_1               0x0800012b   Thumb Code     0  libinit2.o(.ARM.Collect$$libinit$$0000000C)
    __rt_lib_shutdown                        0x0800012d   Thumb Code     0  libshutdown.o(.ARM.Collect$$libshutdown$$00000000)
    __rt_lib_shutdown_cpp_1                  0x0800012f   Thumb Code     0  libshutdown2.o(.ARM.Collect$$libshutdown$$00000004)
    __rt_lib_shutdown_fini_1                 0x0800012f   Thumb Code     0  libshutdown2.o(.ARM.Collect$$libshutdown$$00000002)
    __rt_lib_shutdown_fp_trap_1              0x0800012f   Thumb Code     0  libshutdown2.o(.ARM.Collect$$libshutdown$$00000009)
    __rt_lib_shutdown_heap_1                 0x0800012f   Thumb Code     0  libshutdown2.o(.ARM.Collect$$libshutdown$$00000011)
    __rt_lib_shutdown_return                 0x0800012f   Thumb Code     0  libshutdown2.o(.ARM.Collect$$libshutdown$$00000012)
    __rt_lib_shutdown_signal_1               0x0800012f   Thumb Code     0  libshutdown2.o(.ARM.Collect$$libshutdown$$0000000C)
    __rt_lib_shutdown_stdio_1                0x0800012f   Thumb Code     0  libshutdown2.o(.ARM.Collect$$libshutdown$$00000006)
    __rt_lib_shutdown_user_alloc_1           0x0800012f   Thumb Code     0  libshutdown2.o(.ARM.Collect$$libshutdown$$0000000E)
    __rt_entry                               0x08000131   Thumb Code     0  __rtentry.o(.ARM.Collect$$rtentry$$00000000)
    __rt_entry_presh_1                       0x08000131   Thumb Code     0  __rtentry2.o(.ARM.Collect$$rtentry$$00000002)
    __rt_entry_sh                            0x08000131   Thumb Code     0  __rtentry4.o(.ARM.Collect$$rtentry$$00000004)
    __rt_entry_li                            0x08000137   Thumb Code     0  __rtentry2.o(.ARM.Collect$$rtentry$$0000000A)
    __rt_entry_postsh_1                      0x08000137   Thumb Code     0  __rtentry2.o(.ARM.Collect$$rtentry$$00000009)
    __rt_entry_main                          0x0800013b   Thumb Code     0  __rtentry2.o(.ARM.Collect$$rtentry$$0000000D)
    __rt_entry_postli_1                      0x0800013b   Thumb Code     0  __rtentry2.o(.ARM.Collect$$rtentry$$0000000C)
    __rt_exit                                0x08000143   Thumb Code     0  rtexit.o(.ARM.Collect$$rtexit$$00000000)
    __rt_exit_ls                             0x08000145   Thumb Code     0  rtexit2.o(.ARM.Collect$$rtexit$$00000003)
    __rt_exit_prels_1                        0x08000145   Thumb Code     0  rtexit2.o(.ARM.Collect$$rtexit$$00000002)
    __rt_exit_exit                           0x08000149   Thumb Code     0  rtexit2.o(.ARM.Collect$$rtexit$$00000004)
    __aeabi_memcpy4                          0x08000151   Thumb Code    56  rt_memcpy.o(.emb_text)
    __aeabi_memcpy8                          0x08000151   Thumb Code     0  rt_memcpy.o(.emb_text)
    Reset_Handler                            0x08000189   Thumb Code    38  startup_ft32f072xb.o(.text)
    _maybe_terminate_alloc                   0x08000189   Thumb Code     0  maybetermalloc1.o(.emb_text)
    NMI_Handler                              0x080001af   Thumb Code     2  startup_ft32f072xb.o(.text)
    HardFault_Handler                        0x080001b1   Thumb Code     2  startup_ft32f072xb.o(.text)
    SVC_Handler                              0x080001b3   Thumb Code     2  startup_ft32f072xb.o(.text)
    PendSV_Handler                           0x080001b5   Thumb Code     2  startup_ft32f072xb.o(.text)
    ADC1_IRQHandler                          0x080001b9   Thumb Code     0  startup_ft32f072xb.o(.text)
    DMA1_Channel1_IRQHandler                 0x080001b9   Thumb Code     0  startup_ft32f072xb.o(.text)
    DMA1_Channel2_3_IRQHandler               0x080001b9   Thumb Code     0  startup_ft32f072xb.o(.text)
    DMA1_Channel4_5_IRQHandler               0x080001b9   Thumb Code     0  startup_ft32f072xb.o(.text)
    EXTI0_1_IRQHandler                       0x080001b9   Thumb Code     0  startup_ft32f072xb.o(.text)
    EXTI2_3_IRQHandler                       0x080001b9   Thumb Code     0  startup_ft32f072xb.o(.text)
    EXTI4_15_IRQHandler                      0x080001b9   Thumb Code     0  startup_ft32f072xb.o(.text)
    FLASH_IRQHandler                         0x080001b9   Thumb Code     0  startup_ft32f072xb.o(.text)
    I2C1_IRQHandler                          0x080001b9   Thumb Code     0  startup_ft32f072xb.o(.text)
    I2C2_IRQHandler                          0x080001b9   Thumb Code     0  startup_ft32f072xb.o(.text)
    PVD_VDDIO_IRQHandler                     0x080001b9   Thumb Code     0  startup_ft32f072xb.o(.text)
    RCC_IRQHandler                           0x080001b9   Thumb Code     0  startup_ft32f072xb.o(.text)
    RTC_IRQHandler                           0x080001b9   Thumb Code     0  startup_ft32f072xb.o(.text)
    SPI1_IRQHandler                          0x080001b9   Thumb Code     0  startup_ft32f072xb.o(.text)
    SPI2_IRQHandler                          0x080001b9   Thumb Code     0  startup_ft32f072xb.o(.text)
    TIM14_IRQHandler                         0x080001b9   Thumb Code     0  startup_ft32f072xb.o(.text)
    TIM15_IRQHandler                         0x080001b9   Thumb Code     0  startup_ft32f072xb.o(.text)
    TIM16_IRQHandler                         0x080001b9   Thumb Code     0  startup_ft32f072xb.o(.text)
    TIM17_IRQHandler                         0x080001b9   Thumb Code     0  startup_ft32f072xb.o(.text)
    TIM1_BRK_UP_TRG_COM_IRQHandler           0x080001b9   Thumb Code     0  startup_ft32f072xb.o(.text)
    TIM1_CC_IRQHandler                       0x080001b9   Thumb Code     0  startup_ft32f072xb.o(.text)
    TIM3_IRQHandler                          0x080001b9   Thumb Code     0  startup_ft32f072xb.o(.text)
    TIM6_IRQHandler                          0x080001b9   Thumb Code     0  startup_ft32f072xb.o(.text)
    USART1_IRQHandler                        0x080001b9   Thumb Code     0  startup_ft32f072xb.o(.text)
    USART2_IRQHandler                        0x080001b9   Thumb Code     0  startup_ft32f072xb.o(.text)
    WWDG_IRQHandler                          0x080001b9   Thumb Code     0  startup_ft32f072xb.o(.text)
    __user_initial_stackheap                 0x080001bd   Thumb Code     0  startup_ft32f072xb.o(.text)
    malloc                                   0x080001fd   Thumb Code    98  h1_alloc.o(.text)
    free                                     0x0800025f   Thumb Code    76  h1_free.o(.text)
    strcpy                                   0x080002ad   Thumb Code    70  strcpy.o(.text)
    __aeabi_memcpy                           0x080002f9   Thumb Code   130  rt_memcpy.o(.text)
    __rt_memcpy                              0x080002f9   Thumb Code     0  rt_memcpy.o(.text)
    _memset_w                                0x0800037b   Thumb Code    26  rt_memclr.o(.text)
    _memset                                  0x08000395   Thumb Code    30  rt_memclr.o(.text)
    __aeabi_memclr                           0x080003b3   Thumb Code     4  rt_memclr.o(.text)
    __rt_memclr                              0x080003b3   Thumb Code     0  rt_memclr.o(.text)
    __aeabi_memclr4                          0x080003b7   Thumb Code     0  rt_memclr.o(.text)
    __aeabi_memclr8                          0x080003b7   Thumb Code     0  rt_memclr.o(.text)
    __rt_memclr_w                            0x080003b7   Thumb Code     4  rt_memclr.o(.text)
    __aeabi_uread4                           0x080003bb   Thumb Code    22  uread4.o(.text)
    __rt_uread4                              0x080003bb   Thumb Code     0  uread4.o(.text)
    __aeabi_uwrite4                          0x080003d1   Thumb Code    16  uwrite4.o(.text)
    __rt_uwrite4                             0x080003d1   Thumb Code     0  uwrite4.o(.text)
    __aeabi_uidiv                            0x080003e1   Thumb Code     0  aeabi_sdiv.o(.text)
    __aeabi_uidivmod                         0x080003e1   Thumb Code    20  aeabi_sdiv.o(.text)
    __aeabi_idiv                             0x080003f5   Thumb Code     0  aeabi_sdiv.o(.text)
    __aeabi_idivmod                          0x080003f5   Thumb Code   326  aeabi_sdiv.o(.text)
    __use_two_region_memory                  0x0800053b   Thumb Code     2  heapauxi.o(.text)
    __rt_heap_escrow                         0x0800053d   Thumb Code     2  heapauxi.o(.text)
    __rt_heap_expand                         0x0800053f   Thumb Code     2  heapauxi.o(.text)
    __rt_heap_descriptor                     0x08000541   Thumb Code     8  rt_heap_descriptor_intlibspace.o(.text)
    __use_no_heap                            0x08000549   Thumb Code     2  hguard.o(.text)
    __heap$guard                             0x0800054b   Thumb Code     2  hguard.o(.text)
    _terminate_user_alloc                    0x0800054d   Thumb Code     2  init_alloc.o(.text)
    _init_user_alloc                         0x0800054f   Thumb Code     2  init_alloc.o(.text)
    __Heap_Full                              0x08000551   Thumb Code    32  init_alloc.o(.text)
    __Heap_Broken                            0x08000571   Thumb Code    10  init_alloc.o(.text)
    _init_alloc                              0x0800057b   Thumb Code    90  init_alloc.o(.text)
    __Heap_Initialize                        0x080005d5   Thumb Code    10  h1_init.o(.text)
    __Heap_DescSize                          0x080005df   Thumb Code     4  h1_init.o(.text)
    __user_libspace                          0x080005e5   Thumb Code     8  libspace.o(.text)
    __user_perproc_libspace                  0x080005e5   Thumb Code     0  libspace.o(.text)
    __user_perthread_libspace                0x080005e5   Thumb Code     0  libspace.o(.text)
    __Heap_ProvideMemory                     0x080005ed   Thumb Code    52  h1_extend.o(.text)
    __rt_SIGRTMEM                            0x08000621   Thumb Code    12  defsig_rtmem_outer.o(.text)
    __I$use$semihosting                      0x0800062d   Thumb Code     0  use_no_semi.o(.text)
    __use_no_semihosting_swi                 0x0800062d   Thumb Code     2  use_no_semi.o(.text)
    __semihosting_library_function           0x0800062f   Thumb Code     0  indicate_semi.o(.text)
    __user_setup_stackheap                   0x0800062f   Thumb Code    62  sys_stackheap_outer.o(.text)
    exit                                     0x0800066d   Thumb Code    16  exit.o(.text)
    __sig_exit                               0x0800067d   Thumb Code    12  defsig_exit.o(.text)
    __rt_SIGRTMEM_inner                      0x08000689   Thumb Code    22  defsig_rtmem_inner.o(.text)
    _sys_exit                                0x080006d9   Thumb Code     8  sys_exit.o(.text)
    __default_signal_display                 0x080006e5   Thumb Code    52  defsig_general.o(.text)
    _ttywrch                                 0x08000719   Thumb Code    12  sys_wrch.o(.text)
    __decompress                             0x08000725   Thumb Code     0  __dczerorl2.o(.text)
    __decompress1                            0x08000725   Thumb Code    86  __dczerorl2.o(.text)
    CRS_AutomaticCalibrationCmd              0x0800077d   Thumb Code    32  ft32f0xx_crs.o(i.CRS_AutomaticCalibrationCmd)
    CRS_FrequencyErrorCounterCmd             0x080007a1   Thumb Code    32  ft32f0xx_crs.o(i.CRS_FrequencyErrorCounterCmd)
    Driver_Check                             0x08000d11   Thumb Code    56  driver.o(i.Driver_Check)
    Driver_RxDone                            0x08000d55   Thumb Code    82  driver.o(i.Driver_RxDone)
    Driver_TransferStart                     0x08000dd1   Thumb Code    76  driver.o(i.Driver_TransferStart)
    EndpointBulkIn                           0x08000e4d   Thumb Code   120  usb_core.o(i.EndpointBulkIn)
    EndpointBulkOut                          0x08000f3d   Thumb Code   116  usb_core.o(i.EndpointBulkOut)
    FIFORead                                 0x08000fb5   Thumb Code    98  usb_core.o(i.FIFORead)
    FIFOWrite                                0x08001075   Thumb Code   100  usb_core.o(i.FIFOWrite)
    GPIO_Init                                0x08001135   Thumb Code   144  ft32f0xx_gpio.o(i.GPIO_Init)
    GPIO_ReadInputDataBit                    0x080011c5   Thumb Code    20  ft32f0xx_gpio.o(i.GPIO_ReadInputDataBit)
    GPIO_WriteBit                            0x080011d9   Thumb Code    12  ft32f0xx_gpio.o(i.GPIO_WriteBit)
    GetTime                                  0x080011e5   Thumb Code     6  systick.o(i.GetTime)
    HID_GetIdleEvent                         0x080011f1   Thumb Code    50  usb_core.o(i.HID_GetIdleEvent)
    HID_GetProtocolEvent                     0x0800122d   Thumb Code    50  usb_core.o(i.HID_GetProtocolEvent)
    HID_GetReportEvent                       0x08001269   Thumb Code    90  usb_core.o(i.HID_GetReportEvent)
    HID_SetIdleEvent                         0x080012d1   Thumb Code    46  usb_core.o(i.HID_SetIdleEvent)
    HID_SetProtocolEvent                     0x08001309   Thumb Code    44  usb_core.o(i.HID_SetProtocolEvent)
    HID_SetReportEvent                       0x0800133d   Thumb Code    90  usb_core.o(i.HID_SetReportEvent)
    I2C_AcknowledgeConfig                    0x080013a1   Thumb Code    28  ft32f0xx_i2c.o(i.I2C_AcknowledgeConfig)
    I2C_Cmd                                  0x080013bd   Thumb Code    24  ft32f0xx_i2c.o(i.I2C_Cmd)
    I2C_DeInit                               0x080013d5   Thumb Code    50  ft32f0xx_i2c.o(i.I2C_DeInit)
    I2C_GenerateSTART                        0x0800140d   Thumb Code    28  ft32f0xx_i2c.o(i.I2C_GenerateSTART)
    I2C_GenerateSTOP                         0x08001429   Thumb Code    28  ft32f0xx_i2c.o(i.I2C_GenerateSTOP)
    I2C_Init                                 0x08001445   Thumb Code    98  ft32f0xx_i2c.o(i.I2C_Init)
    I2C_MasterRequestConfig                  0x080014b1   Thumb Code    28  ft32f0xx_i2c.o(i.I2C_MasterRequestConfig)
    I2C_ReceiveData                          0x080014cd   Thumb Code     8  ft32f0xx_i2c.o(i.I2C_ReceiveData)
    I2C_SendData                             0x080014d5   Thumb Code     4  ft32f0xx_i2c.o(i.I2C_SendData)
    I2C_SlaveAddressConfig                   0x080014d9   Thumb Code    20  ft32f0xx_i2c.o(i.I2C_SlaveAddressConfig)
    I2C_StructInit                           0x080014ed   Thumb Code    24  ft32f0xx_i2c.o(i.I2C_StructInit)
    Iap2CtrlSessionMsg_AddParam              0x08001505   Thumb Code    66  iap2ctrlsession.o(i.Iap2CtrlSessionMsg_AddParam)
    Iap2CtrlSessionMsg_Init                  0x08001549   Thumb Code    40  iap2ctrlsession.o(i.Iap2CtrlSessionMsg_Init)
    Iap2CtrlSession_EventProc                0x08001915   Thumb Code   108  iap2ctrlsession.o(i.Iap2CtrlSession_EventProc)
    Iap2CtrlSession_Init                     0x080019ed   Thumb Code    76  iap2ctrlsession.o(i.Iap2CtrlSession_Init)
    Iap2CtrlSession_ReqProc                  0x08001a49   Thumb Code   184  iap2ctrlsession.o(i.Iap2CtrlSession_ReqProc)
    Iap2CtrlSession_RspProc                  0x08001b0d   Thumb Code     6  iap2ctrlsession.o(i.Iap2CtrlSession_RspProc)
    Iap2LinkPkt_Init                         0x08001b37   Thumb Code   152  iap2link.o(i.Iap2LinkPkt_Init)
    Iap2Link_AckInit                         0x08001bcf   Thumb Code    52  iap2link.o(i.Iap2Link_AckInit)
    Iap2Link_Init                            0x08001c05   Thumb Code    72  iap2link.o(i.Iap2Link_Init)
    Iap2Link_Notify                          0x08001c51   Thumb Code    42  iap2link.o(i.Iap2Link_Notify)
    Iap2Link_Payload_Eak                     0x08001c7b   Thumb Code     6  iap2link.o(i.Iap2Link_Payload_Eak)
    Iap2Link_Payload_SyncLink                0x08001c81   Thumb Code   128  iap2link.o(i.Iap2Link_Payload_SyncLink)
    Iap2Link_RcvData                         0x08001d05   Thumb Code    86  iap2link.o(i.Iap2Link_RcvData)
    Iap2Link_ReTx                            0x08001d8d   Thumb Code    84  iap2link.o(i.Iap2Link_ReTx)
    Iap2Link_RegSession                      0x08001e05   Thumb Code    50  iap2link.o(i.Iap2Link_RegSession)
    Iap2Link_Run                             0x08001e39   Thumb Code   118  iap2link.o(i.Iap2Link_Run)
    Iap2Link_SendSyncPkt                     0x08001f0d   Thumb Code   142  iap2link.o(i.Iap2Link_SendSyncPkt)
    Iap2Link_Sleep                           0x08001fa1   Thumb Code     2  iap2link.o(i.Iap2Link_Sleep)
    Iap2Link_Start                           0x08001fa5   Thumb Code    58  iap2link.o(i.Iap2Link_Start)
    Iap2Link_TimerReset                      0x08002055   Thumb Code    14  iap2link.o(i.Iap2Link_TimerReset)
    Iap2Link_TransferDone                    0x08002069   Thumb Code   362  iap2link.o(i.Iap2Link_TransferDone)
    Iap2Link_TxData                          0x08002261   Thumb Code   164  iap2link.o(i.Iap2Link_TxData)
    Iap2Link_Verify                          0x08002385   Thumb Code   100  iap2link.o(i.Iap2Link_Verify)
    LinkPayload_Init                         0x080023f1   Thumb Code    50  iap2link.o(i.LinkPayload_Init)
    ListUsbData_AddTail                      0x08002425   Thumb Code   116  listusbdata.o(i.ListUsbData_AddTail)
    ListUsbData_Init                         0x080024b9   Thumb Code     2  listusbdata.o(i.ListUsbData_Init)
    ListUsbData_Remove                       0x080024bd   Thumb Code   258  listusbdata.o(i.ListUsbData_Remove)
    NVIC_Init                                0x080025fd   Thumb Code   106  ft32f0xx_misc.o(i.NVIC_Init)
    RCC_AHBPeriphClockCmd                    0x080026e5   Thumb Code    28  ft32f0xx_rcc.o(i.RCC_AHBPeriphClockCmd)
    RCC_APB1PeriphClockCmd                   0x08002705   Thumb Code    28  ft32f0xx_rcc.o(i.RCC_APB1PeriphClockCmd)
    RCC_APB1PeriphResetCmd                   0x08002725   Thumb Code    28  ft32f0xx_rcc.o(i.RCC_APB1PeriphResetCmd)
    RCC_GetFlagStatus                        0x08002745   Thumb Code    68  ft32f0xx_rcc.o(i.RCC_GetFlagStatus)
    RCC_HSI48Cmd                             0x0800278d   Thumb Code    36  ft32f0xx_rcc.o(i.RCC_HSI48Cmd)
    RCC_USBCLKConfig                         0x080027b5   Thumb Code    22  ft32f0xx_rcc.o(i.RCC_USBCLKConfig)
    SEGGER_RTT_Write                         0x080027d1   Thumb Code    66  segger_rtt.o(i.SEGGER_RTT_Write)
    SEGGER_RTT_WriteNoLock                   0x08002819   Thumb Code   128  segger_rtt.o(i.SEGGER_RTT_WriteNoLock)
    SEGGER_RTT_printf                        0x0800289d   Thumb Code    36  segger_rtt_printf.o(i.SEGGER_RTT_printf)
    SEGGER_RTT_vprintf                       0x080028c1   Thumb Code   536  segger_rtt_printf.o(i.SEGGER_RTT_vprintf)
    SessionMgr_Fsm                           0x08002ad9   Thumb Code   156  iap2session.o(i.SessionMgr_Fsm)
    SessionMgr_FsmReset                      0x08002b75   Thumb Code    18  iap2session.o(i.SessionMgr_FsmReset)
    SessionMgr_FsmRxAck                      0x08002b8d   Thumb Code   126  iap2session.o(i.SessionMgr_FsmRxAck)
    SessionMgr_FsmRxReq                      0x08002c5d   Thumb Code   406  iap2session.o(i.SessionMgr_FsmRxReq)
    SessionMgr_FsmRxRsp                      0x08002e39   Thumb Code   208  iap2session.o(i.SessionMgr_FsmRxRsp)
    SessionMgr_FsmTxAck                      0x08002f59   Thumb Code    56  iap2session.o(i.SessionMgr_FsmTxAck)
    SessionMgr_FsmTxReq                      0x08002fb1   Thumb Code    62  iap2session.o(i.SessionMgr_FsmTxReq)
    SessionMgr_FsmTxRsp                      0x08003015   Thumb Code    80  iap2session.o(i.SessionMgr_FsmTxRsp)
    SessionMgr_Init                          0x0800308d   Thumb Code    18  iap2session.o(i.SessionMgr_Init)
    SessionMgr_RxReq                         0x080030a1   Thumb Code    48  iap2session.o(i.SessionMgr_RxReq)
    SessionMgr_TxReq                         0x080030d9   Thumb Code    20  iap2session.o(i.SessionMgr_TxReq)
    SwTimer_Start                            0x080031bd   Thumb Code    88  swtimer.o(i.SwTimer_Start)
    SwTimer_Stop                             0x0800324d   Thumb Code    10  swtimer.o(i.SwTimer_Stop)
    SwTimer_isTimerOut                       0x08003259   Thumb Code    74  swtimer.o(i.SwTimer_isTimerOut)
    SwTimer_isTimerOutEx                     0x080032f5   Thumb Code    40  swtimer.o(i.SwTimer_isTimerOutEx)
    SysTick_CLKSourceConfig                  0x0800331d   Thumb Code    32  ft32f0xx_misc.o(i.SysTick_CLKSourceConfig)
    SysTick_Delay_Ms                         0x08003341   Thumb Code    52  systick.o(i.SysTick_Delay_Ms)
    SysTick_Handler                          0x08003375   Thumb Code    28  systick.o(i.SysTick_Handler)
    SystemInit                               0x08003395   Thumb Code   110  system_ft32f0xx.o(i.SystemInit)
    Systick_Init                             0x08003411   Thumb Code    58  systick.o(i.Systick_Init)
    USB_EP_Rx                                0x08003459   Thumb Code    36  usb_core.o(i.USB_EP_Rx)
    USB_EP_Tx                                0x0800347d   Thumb Code   148  usb_core.o(i.USB_EP_Tx)
    USB_Endpoint0                            0x080035e9   Thumb Code   286  usb_core.o(i.USB_Endpoint0)
    USB_HID_Class_Req                        0x080038dd   Thumb Code   102  usb_core.o(i.USB_HID_Class_Req)
    USB_IRQHandler                           0x08003949   Thumb Code   530  usb_core.o(i.USB_IRQHandler)
    USB_ITConfig                             0x08003c51   Thumb Code    96  usb_core.o(i.USB_ITConfig)
    USB_Init                                 0x08003cb5   Thumb Code   128  usb_core.o(i.USB_Init)
    USB_PDCTRLConfig                         0x08003d39   Thumb Code    24  usb_core.o(i.USB_PDCTRLConfig)
    USB_Reset                                0x08003d55   Thumb Code   184  usb_core.o(i.USB_Reset)
    __ARM_common_switch8                     0x08004d9d   Thumb Code    28  main.o(i.__ARM_common_switch8)
    build_keycode                            0x08004db9   Thumb Code   224  main.o(i.build_keycode)
    build_media_key                          0x08004e99   Thumb Code   176  main.o(i.build_media_key)
    get_key                                  0x08004f49   Thumb Code    34  key_buffer.o(i.get_key)
    get_key_down_list                        0x08004f6b   Thumb Code    94  key_buffer.o(i.get_key_down_list)
    hotKey                                   0x080050f5   Thumb Code   208  main.o(i.hotKey)
    i2c_readdata                             0x080051cd   Thumb Code   118  ft32f0xx_i2c.o(i.i2c_readdata)
    i2c_senddata                             0x08005249   Thumb Code    74  ft32f0xx_i2c.o(i.i2c_senddata)
    iAP2PacketParseBuffer                    0x08005299   Thumb Code   676  main.o(i.iAP2PacketParseBuffer)
    key_clear                                0x080057cb   Thumb Code    14  key_buffer.o(i.key_clear)
    key_down                                 0x080057d9   Thumb Code    28  key_buffer.o(i.key_down)
    key_up                                   0x080057f5   Thumb Code    28  key_buffer.o(i.key_up)
    main                                     0x08005811   Thumb Code   410  main.o(i.main)
    matrix_key_handle                        0x08005a15   Thumb Code   212  matrix.o(i.matrix_key_handle)
    matrix_scan_again                        0x08005ae9   Thumb Code   346  matrix.o(i.matrix_scan_again)
    matrix_scan_key                          0x08005c43   Thumb Code   192  matrix.o(i.matrix_scan_key)
    send_acpi_media_keycode                  0x08005e25   Thumb Code    72  main.o(i.send_acpi_media_keycode)
    send_keycode                             0x08005e71   Thumb Code    96  main.o(i.send_keycode)
    set_IO_PinMode                           0x08005ed1   Thumb Code   206  io.o(i.set_IO_PinMode)
    startKeyboardHid                         0x08005fa1   Thumb Code   312  iap2ctrlsession.o(i.startKeyboardHid)
    usb_send_data_buffer                     0x080060e1   Thumb Code    80  main.o(i.usb_send_data_buffer)
    rMap                                     0x080061c0   Data          80  main.o(.constdata)
    cMap                                     0x08006210   Data         180  main.o(.constdata)
    keyMatrix                                0x080062c4   Data         144  main.o(.constdata)
    USB_FSDeviceDescriptor                   0x0800637e   Data          18  usb_desc.o(.constdata)
    USB_FSDeviceDescriptorSize               0x08006390   Data           2  usb_desc.o(.constdata)
    USB_FSConfigDescriptor                   0x08006392   Data          32  usb_desc.o(.constdata)
    USB_FSConfigDescriptorSize               0x080063b2   Data           2  usb_desc.o(.constdata)
    LanguageId                               0x080063b4   Data           4  usb_desc.o(.constdata)
    LanguageIdSize                           0x080063b8   Data           2  usb_desc.o(.constdata)
    ManufacturerStringDescriptor             0x080063ba   Data          12  usb_desc.o(.constdata)
    ManufacturerStringDescriptorSize         0x080063c6   Data           2  usb_desc.o(.constdata)
    ProductStringDescriptor                  0x080063c8   Data          26  usb_desc.o(.constdata)
    ProductStringDescriptorSize              0x080063e2   Data           2  usb_desc.o(.constdata)
    iapStringDescriptor                      0x080063e4   Data          28  usb_desc.o(.constdata)
    iapStringDescriptorSize                  0x08006400   Data           2  usb_desc.o(.constdata)
    SerialNumberSringDescriptor              0x08006402   Data          22  usb_desc.o(.constdata)
    SerialNumberSringDescriptorSize          0x08006418   Data           2  usb_desc.o(.constdata)
    USB_HID_FSReportDescriptor_1             0x0800641a   Data          65  usb_desc.o(.constdata)
    USB_HID_FSReportDescriptor_1Size         0x0800645c   Data           2  usb_desc.o(.constdata)
    USB_HID_FSReportDescriptor_2             0x0800645e   Data         137  usb_desc.o(.constdata)
    USB_HID_FSReportDescriptor_2Size         0x080064e8   Data           2  usb_desc.o(.constdata)
    USB_HID_FSReportDescriptor_3             0x080064ea   Data          23  usb_desc.o(.constdata)
    USB_HID_FSReportDescriptor_3Size         0x08006502   Data           2  usb_desc.o(.constdata)
    USB_HID_FSReportDescriptor_4             0x08006504   Data          35  usb_desc.o(.constdata)
    USB_HID_FSReportDescriptor_4Size         0x08006528   Data           2  usb_desc.o(.constdata)
    USB_HID_FSReportDescriptor_5             0x0800652a   Data          35  usb_desc.o(.constdata)
    USB_HID_FSReportDescriptor_5Size         0x0800654e   Data           2  usb_desc.o(.constdata)
    Region$$Table$$Base                      0x080067c8   Number         0  anon$$obj.o(Region$$Table)
    Region$$Table$$Limit                     0x080067e8   Number         0  anon$$obj.o(Region$$Table)
    g_start_key                              0x20000000   Data           1  main.o(.data)
    g_usbdata                                0x20000004   Data           4  main.o(.data)
    g_usbdata_list                           0x20000008   Data           4  main.o(.data)
    g_hid_report                             0x2000000c   Data           6  main.o(.data)
    qty                                      0x20000012   Data           1  main.o(.data)
    NOW                                      0x20000014   Data           4  main.o(.data)
    remap                                    0x20000018   Data          22  main.o(.data)
    remap2                                   0x2000002e   Data           8  main.o(.data)
    matrix                                   0x20000036   Data         173  main.o(.data)
    g_ParseState_t                           0x200000e4   Data           4  main.o(.data)
    buffer_offset                            0x200000e8   Data           4  main.o(.data)
    g_packets                                0x200000ec   Data           4  main.o(.data)
    g_packetLen                              0x200000f0   Data           2  main.o(.data)
    b_config                                 0x200000f4   Data           4  main.o(.data)
    sysTick                                  0x200000fc   Data           4  systick.o(.data)
    INCSRDATA                                0x20000100   Data           1  usb_core.o(.data)
    usb_state                                0x20000101   Data           1  usb_core.o(.data)
    gnDevState                               0x20000104   Data           4  usb_core.o(.data)
    gpCurCfg                                 0x20000108   Data           4  usb_core.o(.data)
    gbyCurIfVal                              0x2000010c   Data           7  usb_core.o(.data)
    pInformation                             0x20000114   Data           4  usb_core.o(.data)
    flag1                                    0x20000118   Data           4  usb_core.o(.data)
    g_pIap2Link                              0x20000124   Data           4  iap2link.o(.data)
    iAP2_identificationInformation           0x20000140   Data         234  iap2ctrlsession.o(.data)
    keyboard_reportDescriptor                0x2000022a   Data          95  iap2ctrlsession.o(.data)
    g_isTxDone                               0x2000028c   Data           1  driver.o(.data)
    g_isRxDone                               0x2000028d   Data           1  driver.o(.data)
    g_pIrb                                   0x20000290   Data           4  driver.o(.data)
    g_usbdata_head                           0x20000294   Data           9  main.o(.bss)
    receive_data_buf                         0x2000029d   Data         512  main.o(.bss)
    buff                                     0x2000049d   Data         128  main.o(.bss)
    Vendor_data_Buffer                       0x2000051d   Data         512  keyboard.o(.bss)
    ep2_send_buf                             0x2000071d   Data          64  keyboard.o(.bss)
    c_hid_data                               0x20000760   Data          87  usb_core.o(.bss)
    gpCurIf                                  0x200007b8   Data          28  usb_core.o(.bss)
    Device_Info                              0x200007d4   Data          15  usb_core.o(.bss)
    ep1_send_buf                             0x200007e3   Data          64  usb_core.o(.bss)
    _SEGGER_RTT                              0x20000834   Data         168  segger_rtt.o(.bss)
    __libspace_start                         0x200011f4   Data          96  libspace.o(.bss)
    __temporary_stack_top$libspace           0x20001254   Data           0  libspace.o(.bss)



==============================================================================

Memory Map of the image

  Image Entry point : 0x080000c1

  Load Region LR_IROM1 (Base: 0x08000000, Size: 0x00006a7c, Max: 0x00010000, ABSOLUTE, COMPRESSED[0x00006960])

    Execution Region ER_IROM1 (Exec base: 0x08000000, Load base: 0x08000000, Size: 0x000067e8, Max: 0x00010000, ABSOLUTE)

    Exec Addr    Load Addr    Size         Type   Attr      Idx    E Section Name        Object

    0x08000000   0x08000000   0x000000c0   Data   RO         3874    RESET               startup_ft32f072xb.o
    0x080000c0   0x080000c0   0x00000008   Code   RO         4879  * !!!main             c_p.l(__main.o)
    0x080000c8   0x080000c8   0x0000003c   Code   RO         5096    !!!scatter          c_p.l(__scatter.o)
    0x08000104   0x08000104   0x0000001c   Code   RO         5098    !!handler_zi        c_p.l(__scatter_zi.o)
    0x08000120   0x08000120   0x00000002   Code   RO         5030    .ARM.Collect$$libinit$$00000000  c_p.l(libinit.o)
    0x08000122   0x08000122   0x00000000   Code   RO         4916    .ARM.Collect$$libinit$$00000002  c_p.l(libinit2.o)
    0x08000122   0x08000122   0x00000000   Code   RO         4918    .ARM.Collect$$libinit$$00000004  c_p.l(libinit2.o)
    0x08000122   0x08000122   0x00000008   Code   RO         4919    .ARM.Collect$$libinit$$00000005  c_p.l(libinit2.o)
    0x0800012a   0x0800012a   0x00000000   Code   RO         4921    .ARM.Collect$$libinit$$0000000A  c_p.l(libinit2.o)
    0x0800012a   0x0800012a   0x00000000   Code   RO         4923    .ARM.Collect$$libinit$$0000000C  c_p.l(libinit2.o)
    0x0800012a   0x0800012a   0x00000000   Code   RO         4925    .ARM.Collect$$libinit$$0000000E  c_p.l(libinit2.o)
    0x0800012a   0x0800012a   0x00000000   Code   RO         4928    .ARM.Collect$$libinit$$00000011  c_p.l(libinit2.o)
    0x0800012a   0x0800012a   0x00000000   Code   RO         4930    .ARM.Collect$$libinit$$00000013  c_p.l(libinit2.o)
    0x0800012a   0x0800012a   0x00000000   Code   RO         4932    .ARM.Collect$$libinit$$00000015  c_p.l(libinit2.o)
    0x0800012a   0x0800012a   0x00000000   Code   RO         4934    .ARM.Collect$$libinit$$00000017  c_p.l(libinit2.o)
    0x0800012a   0x0800012a   0x00000000   Code   RO         4936    .ARM.Collect$$libinit$$00000019  c_p.l(libinit2.o)
    0x0800012a   0x0800012a   0x00000000   Code   RO         4938    .ARM.Collect$$libinit$$0000001B  c_p.l(libinit2.o)
    0x0800012a   0x0800012a   0x00000000   Code   RO         4940    .ARM.Collect$$libinit$$0000001D  c_p.l(libinit2.o)
    0x0800012a   0x0800012a   0x00000000   Code   RO         4942    .ARM.Collect$$libinit$$0000001F  c_p.l(libinit2.o)
    0x0800012a   0x0800012a   0x00000000   Code   RO         4944    .ARM.Collect$$libinit$$00000021  c_p.l(libinit2.o)
    0x0800012a   0x0800012a   0x00000000   Code   RO         4946    .ARM.Collect$$libinit$$00000023  c_p.l(libinit2.o)
    0x0800012a   0x0800012a   0x00000000   Code   RO         4948    .ARM.Collect$$libinit$$00000025  c_p.l(libinit2.o)
    0x0800012a   0x0800012a   0x00000000   Code   RO         4952    .ARM.Collect$$libinit$$0000002C  c_p.l(libinit2.o)
    0x0800012a   0x0800012a   0x00000000   Code   RO         4954    .ARM.Collect$$libinit$$0000002E  c_p.l(libinit2.o)
    0x0800012a   0x0800012a   0x00000000   Code   RO         4956    .ARM.Collect$$libinit$$00000030  c_p.l(libinit2.o)
    0x0800012a   0x0800012a   0x00000000   Code   RO         4958    .ARM.Collect$$libinit$$00000032  c_p.l(libinit2.o)
    0x0800012a   0x0800012a   0x00000002   Code   RO         4959    .ARM.Collect$$libinit$$00000033  c_p.l(libinit2.o)
    0x0800012c   0x0800012c   0x00000002   Code   RO         5091    .ARM.Collect$$libshutdown$$00000000  c_p.l(libshutdown.o)
    0x0800012e   0x0800012e   0x00000000   Code   RO         5047    .ARM.Collect$$libshutdown$$00000002  c_p.l(libshutdown2.o)
    0x0800012e   0x0800012e   0x00000000   Code   RO         5049    .ARM.Collect$$libshutdown$$00000004  c_p.l(libshutdown2.o)
    0x0800012e   0x0800012e   0x00000000   Code   RO         5051    .ARM.Collect$$libshutdown$$00000006  c_p.l(libshutdown2.o)
    0x0800012e   0x0800012e   0x00000000   Code   RO         5054    .ARM.Collect$$libshutdown$$00000009  c_p.l(libshutdown2.o)
    0x0800012e   0x0800012e   0x00000000   Code   RO         5057    .ARM.Collect$$libshutdown$$0000000C  c_p.l(libshutdown2.o)
    0x0800012e   0x0800012e   0x00000000   Code   RO         5059    .ARM.Collect$$libshutdown$$0000000E  c_p.l(libshutdown2.o)
    0x0800012e   0x0800012e   0x00000000   Code   RO         5062    .ARM.Collect$$libshutdown$$00000011  c_p.l(libshutdown2.o)
    0x0800012e   0x0800012e   0x00000002   Code   RO         5063    .ARM.Collect$$libshutdown$$00000012  c_p.l(libshutdown2.o)
    0x08000130   0x08000130   0x00000000   Code   RO         4883    .ARM.Collect$$rtentry$$00000000  c_p.l(__rtentry.o)
    0x08000130   0x08000130   0x00000000   Code   RO         4966    .ARM.Collect$$rtentry$$00000002  c_p.l(__rtentry2.o)
    0x08000130   0x08000130   0x00000006   Code   RO         4978    .ARM.Collect$$rtentry$$00000004  c_p.l(__rtentry4.o)
    0x08000136   0x08000136   0x00000000   Code   RO         4968    .ARM.Collect$$rtentry$$00000009  c_p.l(__rtentry2.o)
    0x08000136   0x08000136   0x00000004   Code   RO         4969    .ARM.Collect$$rtentry$$0000000A  c_p.l(__rtentry2.o)
    0x0800013a   0x0800013a   0x00000000   Code   RO         4971    .ARM.Collect$$rtentry$$0000000C  c_p.l(__rtentry2.o)
    0x0800013a   0x0800013a   0x00000008   Code   RO         4972    .ARM.Collect$$rtentry$$0000000D  c_p.l(__rtentry2.o)
    0x08000142   0x08000142   0x00000002   Code   RO         5034    .ARM.Collect$$rtexit$$00000000  c_p.l(rtexit.o)
    0x08000144   0x08000144   0x00000000   Code   RO         5067    .ARM.Collect$$rtexit$$00000002  c_p.l(rtexit2.o)
    0x08000144   0x08000144   0x00000004   Code   RO         5068    .ARM.Collect$$rtexit$$00000003  c_p.l(rtexit2.o)
    0x08000148   0x08000148   0x00000006   Code   RO         5069    .ARM.Collect$$rtexit$$00000004  c_p.l(rtexit2.o)
    0x0800014e   0x0800014e   0x00000002   PAD
    0x08000150   0x08000150   0x00000038   Code   RO         4863    .emb_text           c_p.l(rt_memcpy.o)
    0x08000188   0x08000188   0x00000000   Code   RO         4984    .emb_text           c_p.l(maybetermalloc1.o)
    0x08000188   0x08000188   0x00000074   Code   RO         3875    .text               startup_ft32f072xb.o
    0x080001fc   0x080001fc   0x00000062   Code   RO         4799    .text               c_p.l(h1_alloc.o)
    0x0800025e   0x0800025e   0x0000004c   Code   RO         4801    .text               c_p.l(h1_free.o)
    0x080002aa   0x080002aa   0x00000002   PAD
    0x080002ac   0x080002ac   0x0000004c   Code   RO         4859    .text               c_p.l(strcpy.o)
    0x080002f8   0x080002f8   0x00000082   Code   RO         4864    .text               c_p.l(rt_memcpy.o)
    0x0800037a   0x0800037a   0x00000040   Code   RO         4867    .text               c_p.l(rt_memclr.o)
    0x080003ba   0x080003ba   0x00000016   Code   RO         4869    .text               c_p.l(uread4.o)
    0x080003d0   0x080003d0   0x00000010   Code   RO         4871    .text               c_p.l(uwrite4.o)
    0x080003e0   0x080003e0   0x0000015a   Code   RO         4873    .text               c_p.l(aeabi_sdiv.o)
    0x0800053a   0x0800053a   0x00000006   Code   RO         4877    .text               c_p.l(heapauxi.o)
    0x08000540   0x08000540   0x00000008   Code   RO         4891    .text               c_p.l(rt_heap_descriptor_intlibspace.o)
    0x08000548   0x08000548   0x00000004   Code   RO         4893    .text               c_p.l(hguard.o)
    0x0800054c   0x0800054c   0x00000088   Code   RO         4895    .text               c_p.l(init_alloc.o)
    0x080005d4   0x080005d4   0x0000000e   Code   RO         4899    .text               c_p.l(h1_init.o)
    0x080005e2   0x080005e2   0x00000002   PAD
    0x080005e4   0x080005e4   0x00000008   Code   RO         4962    .text               c_p.l(libspace.o)
    0x080005ec   0x080005ec   0x00000034   Code   RO         4986    .text               c_p.l(h1_extend.o)
    0x08000620   0x08000620   0x0000000c   Code   RO         4990    .text               c_p.l(defsig_rtmem_outer.o)
    0x0800062c   0x0800062c   0x00000002   Code   RO         5001    .text               c_p.l(use_no_semi.o)
    0x0800062e   0x0800062e   0x00000000   Code   RO         5003    .text               c_p.l(indicate_semi.o)
    0x0800062e   0x0800062e   0x0000003e   Code   RO         5004    .text               c_p.l(sys_stackheap_outer.o)
    0x0800066c   0x0800066c   0x00000010   Code   RO         5011    .text               c_p.l(exit.o)
    0x0800067c   0x0800067c   0x0000000c   Code   RO         5013    .text               c_p.l(defsig_exit.o)
    0x08000688   0x08000688   0x00000050   Code   RO         5019    .text               c_p.l(defsig_rtmem_inner.o)
    0x080006d8   0x080006d8   0x0000000c   Code   RO         5031    .text               c_p.l(sys_exit.o)
    0x080006e4   0x080006e4   0x00000034   Code   RO         5042    .text               c_p.l(defsig_general.o)
    0x08000718   0x08000718   0x0000000c   Code   RO         5064    .text               c_p.l(sys_wrch.o)
    0x08000724   0x08000724   0x00000056   Code   RO         5094    .text               c_p.l(__dczerorl2.o)
    0x0800077a   0x0800077a   0x00000002   PAD
    0x0800077c   0x0800077c   0x00000024   Code   RO         1062    i.CRS_AutomaticCalibrationCmd  ft32f0xx_crs.o
    0x080007a0   0x080007a0   0x00000024   Code   RO         1066    i.CRS_FrequencyErrorCounterCmd  ft32f0xx_crs.o
    0x080007c4   0x080007c4   0x0000054c   Code   RO          482    i.ConfigureIfs      usb_core.o
    0x08000d10   0x08000d10   0x00000044   Code   RO         4657    i.Driver_Check      driver.o
    0x08000d54   0x08000d54   0x0000007c   Code   RO         4658    i.Driver_RxDone     driver.o
    0x08000dd0   0x08000dd0   0x0000007c   Code   RO         4659    i.Driver_TransferStart  driver.o
    0x08000e4c   0x08000e4c   0x000000f0   Code   RO          483    i.EndpointBulkIn    usb_core.o
    0x08000f3c   0x08000f3c   0x00000078   Code   RO          484    i.EndpointBulkOut   usb_core.o
    0x08000fb4   0x08000fb4   0x000000c0   Code   RO          485    i.FIFORead          usb_core.o
    0x08001074   0x08001074   0x000000c0   Code   RO          486    i.FIFOWrite         usb_core.o
    0x08001134   0x08001134   0x00000090   Code   RO         1602    i.GPIO_Init         ft32f0xx_gpio.o
    0x080011c4   0x080011c4   0x00000014   Code   RO         1607    i.GPIO_ReadInputDataBit  ft32f0xx_gpio.o
    0x080011d8   0x080011d8   0x0000000c   Code   RO         1614    i.GPIO_WriteBit     ft32f0xx_gpio.o
    0x080011e4   0x080011e4   0x0000000c   Code   RO          299    i.GetTime           systick.o
    0x080011f0   0x080011f0   0x0000003c   Code   RO          487    i.HID_GetIdleEvent  usb_core.o
    0x0800122c   0x0800122c   0x0000003c   Code   RO          488    i.HID_GetProtocolEvent  usb_core.o
    0x08001268   0x08001268   0x00000068   Code   RO          489    i.HID_GetReportEvent  usb_core.o
    0x080012d0   0x080012d0   0x00000038   Code   RO          490    i.HID_SetIdleEvent  usb_core.o
    0x08001308   0x08001308   0x00000034   Code   RO          491    i.HID_SetProtocolEvent  usb_core.o
    0x0800133c   0x0800133c   0x00000064   Code   RO          492    i.HID_SetReportEvent  usb_core.o
    0x080013a0   0x080013a0   0x0000001c   Code   RO         1701    i.I2C_AcknowledgeConfig  ft32f0xx_i2c.o
    0x080013bc   0x080013bc   0x00000018   Code   RO         1707    i.I2C_Cmd           ft32f0xx_i2c.o
    0x080013d4   0x080013d4   0x00000038   Code   RO         1709    i.I2C_DeInit        ft32f0xx_i2c.o
    0x0800140c   0x0800140c   0x0000001c   Code   RO         1713    i.I2C_GenerateSTART  ft32f0xx_i2c.o
    0x08001428   0x08001428   0x0000001c   Code   RO         1714    i.I2C_GenerateSTOP  ft32f0xx_i2c.o
    0x08001444   0x08001444   0x0000006c   Code   RO         1722    i.I2C_Init          ft32f0xx_i2c.o
    0x080014b0   0x080014b0   0x0000001c   Code   RO         1723    i.I2C_MasterRequestConfig  ft32f0xx_i2c.o
    0x080014cc   0x080014cc   0x00000008   Code   RO         1728    i.I2C_ReceiveData   ft32f0xx_i2c.o
    0x080014d4   0x080014d4   0x00000004   Code   RO         1731    i.I2C_SendData      ft32f0xx_i2c.o
    0x080014d8   0x080014d8   0x00000014   Code   RO         1732    i.I2C_SlaveAddressConfig  ft32f0xx_i2c.o
    0x080014ec   0x080014ec   0x00000018   Code   RO         1736    i.I2C_StructInit    ft32f0xx_i2c.o
    0x08001504   0x08001504   0x00000042   Code   RO         4558    i.Iap2CtrlSessionMsg_AddParam  iap2ctrlsession.o
    0x08001546   0x08001546   0x00000002   PAD
    0x08001548   0x08001548   0x0000002c   Code   RO         4559    i.Iap2CtrlSessionMsg_Init  iap2ctrlsession.o
    0x08001574   0x08001574   0x0000012c   Code   RO         4561    i.Iap2CtrlSession_AuthenticationCerticate  iap2ctrlsession.o
    0x080016a0   0x080016a0   0x00000274   Code   RO         4562    i.Iap2CtrlSession_ChallengeRsp  iap2ctrlsession.o
    0x08001914   0x08001914   0x00000074   Code   RO         4563    i.Iap2CtrlSession_EventProc  iap2ctrlsession.o
    0x08001988   0x08001988   0x00000064   Code   RO         4564    i.Iap2CtrlSession_GetIDInfo  iap2ctrlsession.o
    0x080019ec   0x080019ec   0x0000005c   Code   RO         4565    i.Iap2CtrlSession_Init  iap2ctrlsession.o
    0x08001a48   0x08001a48   0x000000c4   Code   RO         4566    i.Iap2CtrlSession_ReqProc  iap2ctrlsession.o
    0x08001b0c   0x08001b0c   0x00000006   Code   RO         4567    i.Iap2CtrlSession_RspProc  iap2ctrlsession.o
    0x08001b12   0x08001b12   0x00000024   Code   RO         4408    i.Iap2LinkPkt_GetCheckSum  iap2link.o
    0x08001b36   0x08001b36   0x00000098   Code   RO         4409    i.Iap2LinkPkt_Init  iap2link.o
    0x08001bce   0x08001bce   0x00000034   Code   RO         4410    i.Iap2Link_AckInit  iap2link.o
    0x08001c02   0x08001c02   0x00000002   PAD
    0x08001c04   0x08001c04   0x0000004c   Code   RO         4411    i.Iap2Link_Init     iap2link.o
    0x08001c50   0x08001c50   0x0000002a   Code   RO         4412    i.Iap2Link_Notify   iap2link.o
    0x08001c7a   0x08001c7a   0x00000006   Code   RO         4413    i.Iap2Link_Payload_Eak  iap2link.o
    0x08001c80   0x08001c80   0x00000084   Code   RO         4414    i.Iap2Link_Payload_SyncLink  iap2link.o
    0x08001d04   0x08001d04   0x00000088   Code   RO         4415    i.Iap2Link_RcvData  iap2link.o
    0x08001d8c   0x08001d8c   0x00000078   Code   RO         4416    i.Iap2Link_ReTx     iap2link.o
    0x08001e04   0x08001e04   0x00000032   Code   RO         4417    i.Iap2Link_RegSession  iap2link.o
    0x08001e36   0x08001e36   0x00000002   PAD
    0x08001e38   0x08001e38   0x000000d4   Code   RO         4418    i.Iap2Link_Run      iap2link.o
    0x08001f0c   0x08001f0c   0x00000094   Code   RO         4419    i.Iap2Link_SendSyncPkt  iap2link.o
    0x08001fa0   0x08001fa0   0x00000002   Code   RO         4420    i.Iap2Link_Sleep    iap2link.o
    0x08001fa2   0x08001fa2   0x00000002   PAD
    0x08001fa4   0x08001fa4   0x000000b0   Code   RO         4421    i.Iap2Link_Start    iap2link.o
    0x08002054   0x08002054   0x00000014   Code   RO         4423    i.Iap2Link_TimerReset  iap2link.o
    0x08002068   0x08002068   0x000001f8   Code   RO         4424    i.Iap2Link_TransferDone  iap2link.o
    0x08002260   0x08002260   0x00000124   Code   RO         4425    i.Iap2Link_TxData   iap2link.o
    0x08002384   0x08002384   0x0000006c   Code   RO         4426    i.Iap2Link_Verify   iap2link.o
    0x080023f0   0x080023f0   0x00000032   Code   RO         4429    i.LinkPayload_Init  iap2link.o
    0x08002422   0x08002422   0x00000002   PAD
    0x08002424   0x08002424   0x00000094   Code   RO         4701    i.ListUsbData_AddTail  listusbdata.o
    0x080024b8   0x080024b8   0x00000002   Code   RO         4703    i.ListUsbData_Init  listusbdata.o
    0x080024ba   0x080024ba   0x00000002   PAD
    0x080024bc   0x080024bc   0x00000140   Code   RO         4704    i.ListUsbData_Remove  listusbdata.o
    0x080025fc   0x080025fc   0x00000070   Code   RO         2027    i.NVIC_Init         ft32f0xx_misc.o
    0x0800266c   0x0800266c   0x00000078   Code   RO          300    i.NVIC_SetPriority  systick.o
    0x080026e4   0x080026e4   0x00000020   Code   RO         2184    i.RCC_AHBPeriphClockCmd  ft32f0xx_rcc.o
    0x08002704   0x08002704   0x00000020   Code   RO         2186    i.RCC_APB1PeriphClockCmd  ft32f0xx_rcc.o
    0x08002724   0x08002724   0x00000020   Code   RO         2187    i.RCC_APB1PeriphResetCmd  ft32f0xx_rcc.o
    0x08002744   0x08002744   0x00000048   Code   RO         2198    i.RCC_GetFlagStatus  ft32f0xx_rcc.o
    0x0800278c   0x0800278c   0x00000028   Code   RO         2205    i.RCC_HSI48Cmd      ft32f0xx_rcc.o
    0x080027b4   0x080027b4   0x0000001c   Code   RO         2221    i.RCC_USBCLKConfig  ft32f0xx_rcc.o
    0x080027d0   0x080027d0   0x00000048   Code   RO         3904    i.SEGGER_RTT_Write  segger_rtt.o
    0x08002818   0x08002818   0x00000084   Code   RO         3907    i.SEGGER_RTT_WriteNoLock  segger_rtt.o
    0x0800289c   0x0800289c   0x00000024   Code   RO         4115    i.SEGGER_RTT_printf  segger_rtt_printf.o
    0x080028c0   0x080028c0   0x00000218   Code   RO         4116    i.SEGGER_RTT_vprintf  segger_rtt_printf.o
    0x08002ad8   0x08002ad8   0x0000009c   Code   RO         4308    i.SessionMgr_Fsm    iap2session.o
    0x08002b74   0x08002b74   0x00000018   Code   RO         4309    i.SessionMgr_FsmReset  iap2session.o
    0x08002b8c   0x08002b8c   0x000000d0   Code   RO         4310    i.SessionMgr_FsmRxAck  iap2session.o
    0x08002c5c   0x08002c5c   0x000001dc   Code   RO         4311    i.SessionMgr_FsmRxReq  iap2session.o
    0x08002e38   0x08002e38   0x00000120   Code   RO         4312    i.SessionMgr_FsmRxRsp  iap2session.o
    0x08002f58   0x08002f58   0x00000058   Code   RO         4313    i.SessionMgr_FsmTxAck  iap2session.o
    0x08002fb0   0x08002fb0   0x00000064   Code   RO         4314    i.SessionMgr_FsmTxReq  iap2session.o
    0x08003014   0x08003014   0x00000078   Code   RO         4315    i.SessionMgr_FsmTxRsp  iap2session.o
    0x0800308c   0x0800308c   0x00000012   Code   RO         4316    i.SessionMgr_Init   iap2session.o
    0x0800309e   0x0800309e   0x00000002   PAD
    0x080030a0   0x080030a0   0x00000038   Code   RO         4318    i.SessionMgr_RxReq  iap2session.o
    0x080030d8   0x080030d8   0x00000014   Code   RO         4319    i.SessionMgr_TxReq  iap2session.o
    0x080030ec   0x080030ec   0x000000d0   Code   RO         3837    i.SetSysClock       system_ft32f0xx.o
    0x080031bc   0x080031bc   0x00000090   Code   RO         4156    i.SwTimer_Start     swtimer.o
    0x0800324c   0x0800324c   0x0000000a   Code   RO         4157    i.SwTimer_Stop      swtimer.o
    0x08003256   0x08003256   0x00000002   PAD
    0x08003258   0x08003258   0x0000009c   Code   RO         4160    i.SwTimer_isTimerOut  swtimer.o
    0x080032f4   0x080032f4   0x00000028   Code   RO         4161    i.SwTimer_isTimerOutEx  swtimer.o
    0x0800331c   0x0800331c   0x00000024   Code   RO         2029    i.SysTick_CLKSourceConfig  ft32f0xx_misc.o
    0x08003340   0x08003340   0x00000034   Code   RO          301    i.SysTick_Delay_Ms  systick.o
    0x08003374   0x08003374   0x00000020   Code   RO          302    i.SysTick_Handler   systick.o
    0x08003394   0x08003394   0x0000007c   Code   RO         3839    i.SystemInit        system_ft32f0xx.o
    0x08003410   0x08003410   0x00000048   Code   RO          303    i.Systick_Init      systick.o
    0x08003458   0x08003458   0x00000024   Code   RO          493    i.USB_EP_Rx         usb_core.o
    0x0800347c   0x0800347c   0x0000016c   Code   RO          494    i.USB_EP_Tx         usb_core.o
    0x080035e8   0x080035e8   0x000001f0   Code   RO          495    i.USB_Endpoint0     usb_core.o
    0x080037d8   0x080037d8   0x00000040   Code   RO          496    i.USB_Endpoint0_Command  usb_core.o
    0x08003818   0x08003818   0x0000004c   Code   RO          497    i.USB_Endpoint0_Rx  usb_core.o
    0x08003864   0x08003864   0x00000078   Code   RO          498    i.USB_Endpoint0_Tx  usb_core.o
    0x080038dc   0x080038dc   0x0000006c   Code   RO          500    i.USB_HID_Class_Req  usb_core.o
    0x08003948   0x08003948   0x00000308   Code   RO          501    i.USB_IRQHandler    usb_core.o
    0x08003c50   0x08003c50   0x00000064   Code   RO          502    i.USB_ITConfig      usb_core.o
    0x08003cb4   0x08003cb4   0x00000084   Code   RO          503    i.USB_Init          usb_core.o
    0x08003d38   0x08003d38   0x0000001c   Code   RO          504    i.USB_PDCTRLConfig  usb_core.o
    0x08003d54   0x08003d54   0x000000c0   Code   RO          507    i.USB_Reset         usb_core.o
    0x08003e14   0x08003e14   0x00000bc8   Code   RO          508    i.USB_StdDev_Req    usb_core.o
    0x080049dc   0x080049dc   0x00000070   Code   RO         3911    i._DoInit           segger_rtt.o
    0x08004a4c   0x08004a4c   0x0000001c   Code   RO         3912    i._GetAvailWriteSpace  segger_rtt.o
    0x08004a68   0x08004a68   0x0000010e   Code   RO         4117    i._PrintInt         segger_rtt_printf.o
    0x08004b76   0x08004b76   0x00000002   PAD
    0x08004b78   0x08004b78   0x0000011c   Code   RO         4118    i._PrintUnsigned    segger_rtt_printf.o
    0x08004c94   0x08004c94   0x00000044   Code   RO         4119    i._StoreChar        segger_rtt_printf.o
    0x08004cd8   0x08004cd8   0x0000007a   Code   RO         3914    i._WriteBlocking    segger_rtt.o
    0x08004d52   0x08004d52   0x0000004a   Code   RO         3915    i._WriteNoCheck     segger_rtt.o
    0x08004d9c   0x08004d9c   0x0000001c   Code   RO           76    i.__ARM_common_switch8  main.o
    0x08004db8   0x08004db8   0x000000e0   Code   RO            3    i.build_keycode     main.o
    0x08004e98   0x08004e98   0x000000b0   Code   RO            4    i.build_media_key   main.o
    0x08004f48   0x08004f48   0x00000022   Code   RO          372    i.get_key           key_buffer.o
    0x08004f6a   0x08004f6a   0x0000005e   Code   RO          373    i.get_key_down_list  key_buffer.o
    0x08004fc8   0x08004fc8   0x000000ea   Code   RO          414    i.ghost             matrix.o
    0x080050b2   0x080050b2   0x00000042   Code   RO            5    i.handle_super_key  main.o
    0x080050f4   0x080050f4   0x000000d8   Code   RO            6    i.hotKey            main.o
    0x080051cc   0x080051cc   0x0000007c   Code   RO         1740    i.i2c_readdata      ft32f0xx_i2c.o
    0x08005248   0x08005248   0x00000050   Code   RO         1741    i.i2c_senddata      ft32f0xx_i2c.o
    0x08005298   0x08005298   0x0000033c   Code   RO            7    i.iAP2PacketParseBuffer  main.o
    0x080055d4   0x080055d4   0x00000086   Code   RO          415    i.init_matrix_gpio  matrix.o
    0x0800565a   0x0800565a   0x000000b8   Code   RO          416    i.init_scan_col     matrix.o
    0x08005712   0x08005712   0x000000b8   Code   RO          417    i.init_scan_row     matrix.o
    0x080057ca   0x080057ca   0x0000000e   Code   RO          374    i.key_clear         key_buffer.o
    0x080057d8   0x080057d8   0x0000001c   Code   RO          375    i.key_down          key_buffer.o
    0x080057f4   0x080057f4   0x0000001c   Code   RO          376    i.key_up            key_buffer.o
    0x08005810   0x08005810   0x00000204   Code   RO            8    i.main              main.o
    0x08005a14   0x08005a14   0x000000d4   Code   RO          418    i.matrix_key_handle  matrix.o
    0x08005ae8   0x08005ae8   0x0000015a   Code   RO          419    i.matrix_scan_again  matrix.o
    0x08005c42   0x08005c42   0x000000c0   Code   RO          420    i.matrix_scan_key   matrix.o
    0x08005d02   0x08005d02   0x0000003e   Code   RO            9    i.remap_fun         main.o
    0x08005d40   0x08005d40   0x00000070   Code   RO          421    i.scan_col          matrix.o
    0x08005db0   0x08005db0   0x00000072   Code   RO          422    i.scan_row          matrix.o
    0x08005e22   0x08005e22   0x00000002   PAD
    0x08005e24   0x08005e24   0x0000004c   Code   RO           10    i.send_acpi_media_keycode  main.o
    0x08005e70   0x08005e70   0x00000060   Code   RO           11    i.send_keycode      main.o
    0x08005ed0   0x08005ed0   0x000000ce   Code   RO          349    i.set_IO_PinMode    io.o
    0x08005f9e   0x08005f9e   0x00000002   PAD
    0x08005fa0   0x08005fa0   0x00000140   Code   RO         4569    i.startKeyboardHid  iap2ctrlsession.o
    0x080060e0   0x080060e0   0x000000e0   Code   RO           12    i.usb_send_data_buffer  main.o
    0x080061c0   0x080061c0   0x000001af   Data   RO           14    .constdata          main.o
    0x0800636f   0x0800636f   0x0000000f   Data   RO          511    .constdata          usb_core.o
    0x0800637e   0x0800637e   0x000001d2   Data   RO          692    .constdata          usb_desc.o
    0x08006550   0x08006550   0x00000010   Data   RO         4120    .constdata          segger_rtt_printf.o
    0x08006560   0x08006560   0x00000013   Data   RO         4169    .constdata          swtimer.o
    0x08006573   0x08006573   0x00000078   Data   RO         4320    .constdata          iap2session.o
    0x080065eb   0x080065eb   0x00000031   Data   RO         4431    .constdata          iap2link.o
    0x0800661c   0x0800661c   0x0000000e   Data   RO         4661    .constdata          driver.o
    0x0800662a   0x0800662a   0x00000027   Data   RO         4707    .constdata          listusbdata.o
    0x08006651   0x08006651   0x00000003   PAD
    0x08006654   0x08006654   0x00000171   Data   RO          512    .conststring        usb_core.o
    0x080067c5   0x080067c5   0x00000003   PAD
    0x080067c8   0x080067c8   0x00000020   Data   RO         5092    Region$$Table       anon$$obj.o


    Execution Region RW_IRAM1 (Exec base: 0x20000000, Load base: 0x080067e8, Size: 0x00001a58, Max: 0x00002000, ABSOLUTE, COMPRESSED[0x00000178])

    Exec Addr    Load Addr    Size         Type   Attr      Idx    E Section Name        Object

    0x20000000   COMPRESSED   0x000000f9   Data   RW           15    .data               main.o
    0x200000f9   COMPRESSED   0x00000003   PAD
    0x200000fc   COMPRESSED   0x00000004   Data   RW          304    .data               systick.o
    0x20000100   COMPRESSED   0x00000024   Data   RW          513    .data               usb_core.o
    0x20000124   COMPRESSED   0x0000001c   Data   RW         4432    .data               iap2link.o
    0x20000140   COMPRESSED   0x00000149   Data   RW         4570    .data               iap2ctrlsession.o
    0x20000289   COMPRESSED   0x00000003   PAD
    0x2000028c   COMPRESSED   0x00000008   Data   RW         4662    .data               driver.o
    0x20000294        -       0x00000289   Zero   RW           13    .bss                main.o
    0x2000051d        -       0x00000240   Zero   RW          254    .bss                keyboard.o
    0x2000075d   COMPRESSED   0x00000003   PAD
    0x20000760        -       0x000000d4   Zero   RW          510    .bss                usb_core.o
    0x20000834        -       0x000004b8   Zero   RW         3916    .bss                segger_rtt.o
    0x20000cec        -       0x00000505   Zero   RW         4430    .bss                iap2link.o
    0x200011f1   COMPRESSED   0x00000003   PAD
    0x200011f4        -       0x00000060   Zero   RW         4963    .bss                c_p.l(libspace.o)
    0x20001254   COMPRESSED   0x00000004   PAD
    0x20001258        -       0x00000400   Zero   RW         3873    HEAP                startup_ft32f072xb.o
    0x20001658        -       0x00000400   Zero   RW         3872    STACK               startup_ft32f072xb.o


==============================================================================

Image component sizes


      Code (inc. data)   RO Data    RW Data    ZI Data      Debug   Object Name

       316        102         14          8          0       5121   driver.o
        72          8          0          0          0        957   ft32f0xx_crs.o
       176          0          0          0          0       2180   ft32f0xx_gpio.o
       560         28          0          0          0       7592   ft32f0xx_i2c.o
       148         10          0          0          0       1390   ft32f0xx_misc.o
       236         26          0          0          0       3060   ft32f0xx_rcc.o
      1868         76          0        329          0      14639   iap2ctrlsession.o
      2314        596         49         28       1285      13380   iap2link.o
      1554        356        120          0          0      14165   iap2session.o
       206         10          0          0          0       1077   io.o
       198          0          0          0          0       3114   key_buffer.o
         0          0          0          0        576        630   keyboard.o
       470         94         39          0          0       2367   listusbdata.o
      2512        450        431        249        649     135408   main.o
      1712          0          0          0          0       6062   matrix.o
       540         48          0          0       1208       7914   segger_rtt.o
      1194          4         16          0          0       5505   segger_rtt_printf.o
       116         56        192          0       2048        640   startup_ft32f072xb.o
       350        138         19          0          0       5247   swtimer.o
       332         24          0          0          0       1481   system_ft32f0xx.o
       288         34          0          4          0       8436   systick.o
      8040       2568        384         36        212      26019   usb_core.o
         0          0        466          0          0       2372   usb_desc.o

    ----------------------------------------------------------------------
     23224       4628       1768        660       5984     268756   Object Totals
         0          0         32          0          0          0   (incl. Generated)
        22          0          6          6          6          0   (incl. Padding)

    ----------------------------------------------------------------------

      Code (inc. data)   RO Data    RW Data    ZI Data      Debug   Library Member Name

        86          0          0          0          0          0   __dczerorl2.o
         8          0          0          0          0         68   __main.o
         0          0          0          0          0          0   __rtentry.o
        12          0          0          0          0          0   __rtentry2.o
         6          0          0          0          0          0   __rtentry4.o
        60          8          0          0          0          0   __scatter.o
        28          0          0          0          0          0   __scatter_zi.o
       346          0          0          0          0         92   aeabi_sdiv.o
        12          0          0          0          0         68   defsig_exit.o
        52          0          0          0          0         72   defsig_general.o
        80         58          0          0          0         68   defsig_rtmem_inner.o
        12          0          0          0          0         68   defsig_rtmem_outer.o
        16          0          0          0          0         68   exit.o
        98          0          0          0          0         72   h1_alloc.o
        52          0          0          0          0         68   h1_extend.o
        76          0          0          0          0         72   h1_free.o
        14          0          0          0          0         76   h1_init.o
         6          0          0          0          0        136   heapauxi.o
         4          0          0          0          0        120   hguard.o
         0          0          0          0          0          0   indicate_semi.o
       136          0          0          0          0        160   init_alloc.o
         2          0          0          0          0          0   libinit.o
        10          0          0          0          0          0   libinit2.o
         2          0          0          0          0          0   libshutdown.o
         2          0          0          0          0          0   libshutdown2.o
         8          4          0          0         96         68   libspace.o
         0          0          0          0          0          0   maybetermalloc1.o
         8          4          0          0          0         68   rt_heap_descriptor_intlibspace.o
        64          0          0          0          0        108   rt_memclr.o
       186          0          0          0          0        144   rt_memcpy.o
         2          0          0          0          0          0   rtexit.o
        10          0          0          0          0          0   rtexit2.o
        76          6          0          0          0         72   strcpy.o
        12          4          0          0          0         60   sys_exit.o
        62          0          0          0          0         80   sys_stackheap_outer.o
        12          0          0          0          0         68   sys_wrch.o
        22          0          0          0          0         60   uread4.o
         2          0          0          0          0         68   use_no_semi.o
        16          0          0          0          0         60   uwrite4.o

    ----------------------------------------------------------------------
      1608         84          0          0        100       2064   Library Totals
         8          0          0          0          4          0   (incl. Padding)

    ----------------------------------------------------------------------

      Code (inc. data)   RO Data    RW Data    ZI Data      Debug   Library Name

      1600         84          0          0         96       2064   c_p.l

    ----------------------------------------------------------------------
      1608         84          0          0        100       2064   Library Totals

    ----------------------------------------------------------------------

==============================================================================


      Code (inc. data)   RO Data    RW Data    ZI Data      Debug   

     24832       4712       1768        660       6084     263624   Grand Totals
     24832       4712       1768        376       6084     263624   ELF Image Totals (compressed)
     24832       4712       1768        376          0          0   ROM Totals

==============================================================================

    Total RO  Size (Code + RO Data)                26600 (  25.98kB)
    Total RW  Size (RW Data + ZI Data)              6744 (   6.59kB)
    Total ROM Size (Code + RO Data + RW Data)      26976 (  26.34kB)

==============================================================================

