Component: ARM Compiler 5.06 update 7 (build 960) Tool: armlink [4d3601]

==============================================================================

Section Cross References

    main.o(i.build_keycode) refers to rt_memclr.o(.text) for __aeabi_memclr4
    main.o(i.build_keycode) refers to main.o(i.handle_super_key) for handle_super_key
    main.o(i.build_keycode) refers to key_buffer.o(i.get_key_down_list) for get_key_down_list
    main.o(i.build_keycode) refers to main.o(i.__ARM_common_switch8) for __ARM_common_switch8
    main.o(i.build_keycode) refers to key_buffer.o(i.get_key) for get_key
    main.o(i.build_keycode) refers to key_buffer.o(i.key_clear) for key_clear
    main.o(i.build_media_key) refers to main.o(i.__ARM_common_switch8) for __ARM_common_switch8
    main.o(i.handle_super_key) refers to key_buffer.o(i.get_key) for get_key
    main.o(i.handle_super_key) refers to key_buffer.o(i.key_up) for key_up
    main.o(i.hotKey) refers to key_buffer.o(i.get_key) for get_key
    main.o(i.hotKey) refers to key_buffer.o(i.key_up) for key_up
    main.o(i.hotKey) refers to ft32f0xx_gpio.o(i.GPIO_WriteBit) for GPIO_WriteBit
    main.o(i.hotKey) refers to uread4.o(.text) for __aeabi_uread4
    main.o(i.hotKey) refers to main.o(i.remap_fun) for remap_fun
    main.o(i.hotKey) refers to main.o(.data) for lock_flag
    main.o(i.iAP2PacketParseBuffer) refers to segger_rtt_printf.o(i.SEGGER_RTT_printf) for SEGGER_RTT_printf
    main.o(i.iAP2PacketParseBuffer) refers to main.o(i.__ARM_common_switch8) for __ARM_common_switch8
    main.o(i.iAP2PacketParseBuffer) refers to rt_memclr.o(.text) for __aeabi_memclr
    main.o(i.iAP2PacketParseBuffer) refers to driver.o(i.Driver_RxDone) for Driver_RxDone
    main.o(i.iAP2PacketParseBuffer) refers to h1_free.o(.text) for free
    main.o(i.iAP2PacketParseBuffer) refers to h1_alloc.o(.text) for malloc
    main.o(i.iAP2PacketParseBuffer) refers to rt_memcpy.o(.text) for __aeabi_memcpy
    main.o(i.iAP2PacketParseBuffer) refers to main.o(.constdata) for __FUNCTION__
    main.o(i.iAP2PacketParseBuffer) refers to main.o(.data) for g_ParseState_t
    main.o(i.iAP2PacketParseBuffer) refers to main.o(.bss) for g_usbdata_head
    main.o(i.main) refers to systick.o(i.Systick_Init) for Systick_Init
    main.o(i.main) refers to ft32f0xx_i2c.o(i.I2C_DeInit) for I2C_DeInit
    main.o(i.main) refers to ft32f0xx_i2c.o(i.I2C_StructInit) for I2C_StructInit
    main.o(i.main) refers to ft32f0xx_i2c.o(i.I2C_Init) for I2C_Init
    main.o(i.main) refers to ft32f0xx_i2c.o(i.I2C_Cmd) for I2C_Cmd
    main.o(i.main) refers to usb_core.o(i.USB_Init) for USB_Init
    main.o(i.main) refers to ft32f0xx_rcc.o(i.RCC_AHBPeriphClockCmd) for RCC_AHBPeriphClockCmd
    main.o(i.main) refers to segger_rtt_printf.o(i.SEGGER_RTT_printf) for SEGGER_RTT_printf
    main.o(i.main) refers to listusbdata.o(i.ListUsbData_Init) for ListUsbData_Init
    main.o(i.main) refers to systick.o(i.SysTick_Delay_Ms) for SysTick_Delay_Ms
    main.o(i.main) refers to iap2link.o(i.Iap2Link_Init) for Iap2Link_Init
    main.o(i.main) refers to iap2ctrlsession.o(i.Iap2CtrlSession_Init) for Iap2CtrlSession_Init
    main.o(i.main) refers to iap2link.o(i.Iap2Link_Start) for Iap2Link_Start
    main.o(i.main) refers to driver.o(i.Driver_Check) for Driver_Check
    main.o(i.main) refers to rt_memclr.o(.text) for __aeabi_memclr4
    main.o(i.main) refers to iap2link.o(i.Iap2Link_Run) for Iap2Link_Run
    main.o(i.main) refers to listusbdata.o(i.ListUsbData_Remove) for ListUsbData_Remove
    main.o(i.main) refers to main.o(i.iAP2PacketParseBuffer) for iAP2PacketParseBuffer
    main.o(i.main) refers to h1_free.o(.text) for free
    main.o(i.main) refers to matrix.o(i.matrix_scan_key) for matrix_scan_key
    main.o(i.main) refers to matrix.o(i.matrix_scan_again) for matrix_scan_again
    main.o(i.main) refers to matrix.o(i.matrix_key_handle) for matrix_key_handle
    main.o(i.main) refers to main.o(i.hotKey) for hotKey
    main.o(i.main) refers to main.o(i.build_keycode) for build_keycode
    main.o(i.main) refers to main.o(i.send_keycode) for send_keycode
    main.o(i.main) refers to main.o(i.send_acpi_media_keycode) for send_acpi_media_keycode
    main.o(i.main) refers to main.o(.data) for g_usbdata
    main.o(i.main) refers to driver.o(i.Driver_TransferStart) for Driver_TransferStart
    main.o(i.main) refers to iap2link.o(.data) for g_pIap2Link
    main.o(i.main) refers to main.o(.constdata) for __FUNCTION__
    main.o(i.remap_fun) refers to key_buffer.o(i.get_key) for get_key
    main.o(i.remap_fun) refers to key_buffer.o(i.key_up) for key_up
    main.o(i.remap_fun) refers to key_buffer.o(i.key_down) for key_down
    main.o(i.send_acpi_media_keycode) refers to main.o(i.build_media_key) for build_media_key
    main.o(i.send_acpi_media_keycode) refers to usb_core.o(i.USB_EP_Tx) for USB_EP_Tx
    main.o(i.send_keycode) refers to rt_memcpy.o(.text) for __aeabi_memcpy
    main.o(i.send_keycode) refers to usb_core.o(i.USB_EP_Tx) for USB_EP_Tx
[...]
    ConfigureIfs                             0x0800081d   Thumb Code   508  usb_core.o(i.ConfigureIfs)
    i.Driver_Check                           0x08000d68   Section        0  driver.o(i.Driver_Check)
    i.Driver_RxDone                          0x08000dac   Section        0  driver.o(i.Driver_RxDone)
    i.Driver_TransferStart                   0x08000e28   Section        0  driver.o(i.Driver_TransferStart)
    i.EndpointBulkIn                         0x08000ea4   Section        0  usb_core.o(i.EndpointBulkIn)
    i.EndpointBulkOut                        0x08000f94   Section        0  usb_core.o(i.EndpointBulkOut)
    i.FIFORead                               0x08001008   Section        0  usb_core.o(i.FIFORead)
    i.FIFOWrite                              0x080010c8   Section        0  usb_core.o(i.FIFOWrite)
    i.GPIO_Init                              0x08001188   Section        0  ft32f0xx_gpio.o(i.GPIO_Init)
    i.GPIO_ReadInputDataBit                  0x08001218   Section        0  ft32f0xx_gpio.o(i.GPIO_ReadInputDataBit)
    i.GPIO_WriteBit                          0x0800122c   Section        0  ft32f0xx_gpio.o(i.GPIO_WriteBit)
    i.GetTime                                0x08001238   Section        0  systick.o(i.GetTime)
    i.HID_GetIdleEvent                       0x08001244   Section        0  usb_core.o(i.HID_GetIdleEvent)
    i.HID_GetProtocolEvent                   0x08001280   Section        0  usb_core.o(i.HID_GetProtocolEvent)
    i.HID_GetReportEvent                     0x080012bc   Section        0  usb_core.o(i.HID_GetReportEvent)
    i.HID_SetIdleEvent                       0x08001324   Section        0  usb_core.o(i.HID_SetIdleEvent)
    i.HID_SetProtocolEvent                   0x0800135c   Section        0  usb_core.o(i.HID_SetProtocolEvent)
    i.HID_SetReportEvent                     0x08001390   Section        0  usb_core.o(i.HID_SetReportEvent)
    i.I2C_AcknowledgeConfig                  0x080013f4   Section        0  ft32f0xx_i2c.o(i.I2C_AcknowledgeConfig)
    i.I2C_Cmd                                0x08001410   Section        0  ft32f0xx_i2c.o(i.I2C_Cmd)
    i.I2C_DeInit                             0x08001428   Section        0  ft32f0xx_i2c.o(i.I2C_DeInit)
    i.I2C_GenerateSTART                      0x08001460   Section        0  ft32f0xx_i2c.o(i.I2C_GenerateSTART)
    i.I2C_GenerateSTOP                       0x0800147c   Section        0  ft32f0xx_i2c.o(i.I2C_GenerateSTOP)
    i.I2C_Init                               0x08001498   Section        0  ft32f0xx_i2c.o(i.I2C_Init)
    i.I2C_MasterRequestConfig                0x08001504   Section        0  ft32f0xx_i2c.o(i.I2C_MasterRequestConfig)
    i.I2C_ReceiveData                        0x08001520   Section        0  ft32f0xx_i2c.o(i.I2C_ReceiveData)
    i.I2C_SendData                           0x08001528   Section        0  ft32f0xx_i2c.o(i.I2C_SendData)
    i.I2C_SlaveAddressConfig                 0x0800152c   Section        0  ft32f0xx_i2c.o(i.I2C_SlaveAddressConfig)
    i.I2C_StructInit                         0x08001540   Section        0  ft32f0xx_i2c.o(i.I2C_StructInit)
    i.Iap2CtrlSessionMsg_AddParam            0x08001558   Section        0  iap2ctrlsession.o(i.Iap2CtrlSessionMsg_AddParam)
    i.Iap2CtrlSessionMsg_Init                0x0800159c   Section        0  iap2ctrlsession.o(i.Iap2CtrlSessionMsg_Init)
    i.Iap2CtrlSession_AuthenticationCerticate 0x080015c8   Section        0  iap2ctrlsession.o(i.Iap2CtrlSession_AuthenticationCerticate)
    Iap2CtrlSession_AuthenticationCerticate  0x080015c9   Thumb Code   290  iap2ctrlsession.o(i.Iap2CtrlSession_AuthenticationCerticate)
    i.Iap2CtrlSession_ChallengeRsp           0x080016f4   Section        0  iap2ctrlsession.o(i.Iap2CtrlSession_ChallengeRsp)
    Iap2CtrlSession_ChallengeRsp             0x080016f5   Thumb Code   620  iap2ctrlsession.o(i.Iap2CtrlSession_ChallengeRsp)
    i.Iap2CtrlSession_EventProc              0x08001968   Section        0  iap2ctrlsession.o(i.Iap2CtrlSession_EventProc)
    i.Iap2CtrlSession_GetIDInfo              0x080019dc   Section        0  iap2ctrlsession.o(i.Iap2CtrlSession_GetIDInfo)
    Iap2CtrlSession_GetIDInfo                0x080019dd   Thumb Code    90  iap2ctrlsession.o(i.Iap2CtrlSession_GetIDInfo)
    i.Iap2CtrlSession_Init                   0x08001a40   Section        0  iap2ctrlsession.o(i.Iap2CtrlSession_Init)
    i.Iap2CtrlSession_ReqProc                0x08001a9c   Section        0  iap2ctrlsession.o(i.Iap2CtrlSession_ReqProc)
    i.Iap2CtrlSession_RspProc                0x08001b60   Section        0  iap2ctrlsession.o(i.Iap2CtrlSession_RspProc)
    i.Iap2LinkPkt_GetCheckSum                0x08001b66   Section        0  iap2link.o(i.Iap2LinkPkt_GetCheckSum)
    Iap2LinkPkt_GetCheckSum                  0x08001b67   Thumb Code    36  iap2link.o(i.Iap2LinkPkt_GetCheckSum)
    i.Iap2LinkPkt_Init                       0x08001b8a   Section        0  iap2link.o(i.Iap2LinkPkt_Init)
    i.Iap2Link_AckInit                       0x08001c22   Section        0  iap2link.o(i.Iap2Link_AckInit)
    i.Iap2Link_Init                          0x08001c58   Section        0  iap2link.o(i.Iap2Link_Init)
    i.Iap2Link_Notify                        0x08001ca4   Section        0  iap2link.o(i.Iap2Link_Notify)
    i.Iap2Link_Payload_Eak                   0x08001cce   Section        0  iap2link.o(i.Iap2Link_Payload_Eak)
    i.Iap2Link_Payload_SyncLink              0x08001cd4   Section        0  iap2link.o(i.Iap2Link_Payload_SyncLink)
    i.Iap2Link_RcvData                       0x08001d58   Section        0  iap2link.o(i.Iap2Link_RcvData)
    i.Iap2Link_ReTx                          0x08001de0   Section        0  iap2link.o(i.Iap2Link_ReTx)
    i.Iap2Link_RegSession                    0x08001e58   Section        0  iap2link.o(i.Iap2Link_RegSession)
    i.Iap2Link_Run                           0x08001e8c   Section        0  iap2link.o(i.Iap2Link_Run)
    i.Iap2Link_SendSyncPkt                   0x08001f14   Section        0  iap2link.o(i.Iap2Link_SendSyncPkt)
    i.Iap2Link_Sleep                         0x08001fa8   Section        0  iap2link.o(i.Iap2Link_Sleep)
    i.Iap2Link_Start                         0x08001fac   Section        0  iap2link.o(i.Iap2Link_Start)
    i.Iap2Link_TimerReset                    0x0800205c   Section        0  iap2link.o(i.Iap2Link_TimerReset)
    i.Iap2Link_TransferDone                  0x08002070   Section        0  iap2link.o(i.Iap2Link_TransferDone)
    i.Iap2Link_TxData                        0x08002284   Section        0  iap2link.o(i.Iap2Link_TxData)
    i.Iap2Link_Verify                        0x08002380   Section        0  iap2link.o(i.Iap2Link_Verify)
    i.Iap2Link_handShake                     0x080023ec   Section        0  iap2link.o(i.Iap2Link_handShake)
    i.LinkPayload_Init                       0x08002598   Section        0  iap2link.o(i.LinkPayload_Init)
    i.ListUsbData_AddTail                    0x080025ca   Section        0  listusbdata.o(i.ListUsbData_AddTail)
    i.ListUsbData_Init                       0x08002600   Section        0  listusbdata.o(i.ListUsbData_Init)
    i.ListUsbData_Remove                     0x0800260e   Section        0  listusbdata.o(i.ListUsbData_Remove)
    i.NVIC_Init                              0x08002650   Section        0  ft32f0xx_misc.o(i.NVIC_Init)
    i.NVIC_SetPriority                       0x080026c0   Section        0  systick.o(i.NVIC_SetPriority)
    NVIC_SetPriority                         0x080026c1   Thumb Code   110  systick.o(i.NVIC_SetPriority)
    i.RCC_AHBPeriphClockCmd                  0x08002738   Section        0  ft32f0xx_rcc.o(i.RCC_AHBPeriphClockCmd)
    i.RCC_APB1PeriphClockCmd                 0x08002758   Section        0  ft32f0xx_rcc.o(i.RCC_APB1PeriphClockCmd)
    i.RCC_APB1PeriphResetCmd                 0x08002778   Section        0  ft32f0xx_rcc.o(i.RCC_APB1PeriphResetCmd)
    i.RCC_GetFlagStatus                      0x08002798   Section        0  ft32f0xx_rcc.o(i.RCC_GetFlagStatus)
    i.RCC_HSI48Cmd                           0x080027e0   Section        0  ft32f0xx_rcc.o(i.RCC_HSI48Cmd)
    i.RCC_USBCLKConfig                       0x08002808   Section        0  ft32f0xx_rcc.o(i.RCC_USBCLKConfig)
    i.SEGGER_RTT_Write                       0x08002824   Section        0  segger_rtt.o(i.SEGGER_RTT_Write)
    i.SEGGER_RTT_WriteNoLock                 0x0800286c   Section        0  segger_rtt.o(i.SEGGER_RTT_WriteNoLock)
    i.SEGGER_RTT_printf                      0x080028f0   Section        0  segger_rtt_printf.o(i.SEGGER_RTT_printf)
    i.SEGGER_RTT_vprintf                     0x08002914   Section        0  segger_rtt_printf.o(i.SEGGER_RTT_vprintf)
    i.SessionMgr_Fsm                         0x08002b2c   Section        0  iap2session.o(i.SessionMgr_Fsm)
    i.SessionMgr_FsmReset                    0x08002bc8   Section        0  iap2session.o(i.SessionMgr_FsmReset)
    i.SessionMgr_FsmRxAck                    0x08002be0   Section        0  iap2session.o(i.SessionMgr_FsmRxAck)
    i.SessionMgr_FsmRxReq                    0x08002cb0   Section        0  iap2session.o(i.SessionMgr_FsmRxReq)
    i.SessionMgr_FsmRxRsp                    0x08002e8c   Section        0  iap2session.o(i.SessionMgr_FsmRxRsp)
    i.SessionMgr_FsmTxAck                    0x08002fac   Section        0  iap2session.o(i.SessionMgr_FsmTxAck)
    i.SessionMgr_FsmTxReq                    0x08003004   Section        0  iap2session.o(i.SessionMgr_FsmTxReq)
    i.SessionMgr_FsmTxRsp                    0x08003068   Section        0  iap2session.o(i.SessionMgr_FsmTxRsp)
    i.SessionMgr_Init                        0x080030e0   Section        0  iap2session.o(i.SessionMgr_Init)
    i.SessionMgr_RxReq                       0x080030f4   Section        0  iap2session.o(i.SessionMgr_RxReq)
    i.SessionMgr_TxReq                       0x0800312c   Section        0  iap2session.o(i.SessionMgr_TxReq)
    i.SetSysClock                            0x08003140   Section        0  system_ft32f0xx.o(i.SetSysClock)
    SetSysClock                              0x08003141   Thumb Code   198  system_ft32f0xx.o(i.SetSysClock)
    i.SwTimer_Start                          0x08003210   Section        0  swtimer.o(i.SwTimer_Start)
    i.SwTimer_Stop                           0x080032a0   Section        0  swtimer.o(i.SwTimer_Stop)
    i.SwTimer_isTimerOut                     0x080032ac   Section        0  swtimer.o(i.SwTimer_isTimerOut)
    i.SwTimer_isTimerOutEx                   0x08003348   Section        0  swtimer.o(i.SwTimer_isTimerOutEx)
    i.SysTick_CLKSourceConfig                0x08003370   Section        0  ft32f0xx_misc.o(i.SysTick_CLKSourceConfig)
    i.SysTick_Delay_Ms                       0x08003394   Section        0  systick.o(i.SysTick_Delay_Ms)
    i.SysTick_Handler                        0x080033c8   Section        0  systick.o(i.SysTick_Handler)
    i.SystemInit                             0x080033e8   Section        0  system_ft32f0xx.o(i.SystemInit)
    i.Systick_Init                           0x08003464   Section        0  systick.o(i.Systick_Init)
    i.USB_EP_Rx                              0x080034ac   Section        0  usb_core.o(i.USB_EP_Rx)
    i.USB_EP_Tx                              0x080034d4   Section        0  usb_core.o(i.USB_EP_Tx)
    i.USB_Endpoint0                          0x08003640   Section        0  usb_core.o(i.USB_Endpoint0)
    i.USB_Endpoint0_Command                  0x08003830   Section        0  usb_core.o(i.USB_Endpoint0_Command)
    USB_Endpoint0_Command                    0x08003831   Thumb Code    60  usb_core.o(i.USB_Endpoint0_Command)
    i.USB_Endpoint0_Rx                       0x08003870   Section        0  usb_core.o(i.USB_Endpoint0_Rx)
    USB_Endpoint0_Rx                         0x08003871   Thumb Code    72  usb_core.o(i.USB_Endpoint0_Rx)
    i.USB_Endpoint0_Tx                       0x080038bc   Section        0  usb_core.o(i.USB_Endpoint0_Tx)
    USB_Endpoint0_Tx                         0x080038bd   Thumb Code   114  usb_core.o(i.USB_Endpoint0_Tx)
    i.USB_HID_Class_Req                      0x08003934   Section        0  usb_core.o(i.USB_HID_Class_Req)
    i.USB_IRQHandler                         0x080039a0   Section        0  usb_core.o(i.USB_IRQHandler)
    i.USB_ITConfig                           0x08003c10   Section        0  usb_core.o(i.USB_ITConfig)
    i.USB_Init                               0x08003c74   Section        0  usb_core.o(i.USB_Init)
    i.USB_PDCTRLConfig                       0x08003cf8   Section        0  usb_core.o(i.USB_PDCTRLConfig)
    i.USB_Reset                              0x08003d14   Section        0  usb_core.o(i.USB_Reset)
    i.USB_StdDev_Req                         0x08003dd4   Section        0  usb_core.o(i.USB_StdDev_Req)
    USB_StdDev_Req                           0x08003dd5   Thumb Code  3002  usb_core.o(i.USB_StdDev_Req)
    i._DoInit                                0x0800499c   Section        0  segger_rtt.o(i._DoInit)
    _DoInit                                  0x0800499d   Thumb Code    74  segger_rtt.o(i._DoInit)
    i._GetAvailWriteSpace                    0x08004a0c   Section        0  segger_rtt.o(i._GetAvailWriteSpace)
    _GetAvailWriteSpace                      0x08004a0d   Thumb Code    28  segger_rtt.o(i._GetAvailWriteSpace)
    i._PrintInt                              0x08004a28   Section        0  segger_rtt_printf.o(i._PrintInt)
    _PrintInt                                0x08004a29   Thumb Code   270  segger_rtt_printf.o(i._PrintInt)
    i._PrintUnsigned                         0x08004b38   Section        0  segger_rtt_printf.o(i._PrintUnsigned)
    _PrintUnsigned                           0x08004b39   Thumb Code   280  segger_rtt_printf.o(i._PrintUnsigned)
    i._StoreChar                             0x08004c54   Section        0  segger_rtt_printf.o(i._StoreChar)
    _StoreChar                               0x08004c55   Thumb Code    68  segger_rtt_printf.o(i._StoreChar)
    i._WriteBlocking                         0x08004c98   Section        0  segger_rtt.o(i._WriteBlocking)
    _WriteBlocking                           0x08004c99   Thumb Code   122  segger_rtt.o(i._WriteBlocking)
    i._WriteNoCheck                          0x08004d12   Section        0  segger_rtt.o(i._WriteNoCheck)
    _WriteNoCheck                            0x08004d13   Thumb Code    74  segger_rtt.o(i._WriteNoCheck)
    i.__ARM_common_switch8                   0x08004d5c   Section        0  main.o(i.__ARM_common_switch8)
    i.build_keycode                          0x08004d78   Section        0  main.o(i.build_keycode)
    i.build_media_key                        0x08004e58   Section        0  main.o(i.build_media_key)
    i.get_key                                0x08004f08   Section        0  key_buffer.o(i.get_key)
    i.get_key_down_list                      0x08004f2a   Section        0  key_buffer.o(i.get_key_down_list)
    i.ghost                                  0x08004f88   Section        0  matrix.o(i.ghost)
    ghost                                    0x08004f89   Thumb Code   234  matrix.o(i.ghost)
    i.handle_super_key                       0x08005072   Section        0  main.o(i.handle_super_key)
    handle_super_key                         0x08005073   Thumb Code    66  main.o(i.handle_super_key)
    i.hotKey                                 0x080050b4   Section        0  main.o(i.hotKey)
    i.i2c_readdata                           0x0800518c   Section        0  ft32f0xx_i2c.o(i.i2c_readdata)
    i.i2c_senddata                           0x08005208   Section        0  ft32f0xx_i2c.o(i.i2c_senddata)
    i.iAP2PacketParseBuffer                  0x08005258   Section        0  main.o(i.iAP2PacketParseBuffer)
    i.init_matrix_gpio                       0x08005594   Section        0  matrix.o(i.init_matrix_gpio)
    init_matrix_gpio                         0x08005595   Thumb Code   134  matrix.o(i.init_matrix_gpio)
    i.init_scan_col                          0x0800561a   Section        0  matrix.o(i.init_scan_col)
    init_scan_col                            0x0800561b   Thumb Code   184  matrix.o(i.init_scan_col)
    i.init_scan_row                          0x080056d2   Section        0  matrix.o(i.init_scan_row)
    init_scan_row                            0x080056d3   Thumb Code   184  matrix.o(i.init_scan_row)
    i.key_clear                              0x0800578a   Section        0  key_buffer.o(i.key_clear)
    i.key_down                               0x08005798   Section        0  key_buffer.o(i.key_down)
    i.key_up                                 0x080057b4   Section        0  key_buffer.o(i.key_up)
    i.main                                   0x080057d0   Section        0  main.o(i.main)
    i.matrix_key_handle                      0x08005958   Section        0  matrix.o(i.matrix_key_handle)
    i.matrix_scan_again                      0x08005a2c   Section        0  matrix.o(i.matrix_scan_again)
    i.matrix_scan_key                        0x08005b86   Section        0  matrix.o(i.matrix_scan_key)
    i.remap_fun                              0x08005c46   Section        0  main.o(i.remap_fun)
    remap_fun                                0x08005c47   Thumb Code    62  main.o(i.remap_fun)
    i.scan_col                               0x08005c84   Section        0  matrix.o(i.scan_col)
    scan_col                                 0x08005c85   Thumb Code   112  matrix.o(i.scan_col)
    i.scan_row                               0x08005cf4   Section        0  matrix.o(i.scan_row)
    scan_row                                 0x08005cf5   Thumb Code   114  matrix.o(i.scan_row)
    i.send_acpi_media_keycode                0x08005d68   Section        0  main.o(i.send_acpi_media_keycode)
    i.send_keycode                           0x08005db4   Section        0  main.o(i.send_keycode)
    i.set_IO_PinMode                         0x08005e14   Section        0  io.o(i.set_IO_PinMode)
    i.startKeyboardHid                       0x08005ee4   Section        0  iap2ctrlsession.o(i.startKeyboardHid)
    i.usb_send_data_buffer                   0x08006024   Section        0  main.o(i.usb_send_data_buffer)
    .constdata                               0x08006104   Section      431  main.o(.constdata)
    __FUNCTION__                             0x08006298   Data          22  main.o(.constdata)
    __FUNCTION__                             0x080062ae   Data           5  main.o(.constdata)
    .constdata                               0x080062b3   Section       15  usb_core.o(.constdata)
    __FUNCTION__                             0x080062b3   Data          15  usb_core.o(.constdata)
    .constdata                               0x080062c2   Section      466  usb_desc.o(.constdata)
    .constdata                               0x08006494   Section       16  segger_rtt_printf.o(.constdata)
    _aV2C                                    0x08006494   Data          16  segger_rtt_printf.o(.constdata)
    .constdata                               0x080064a4   Section       19  swtimer.o(.constdata)
    __FUNCTION__                             0x080064a4   Data          19  swtimer.o(.constdata)
    .constdata                               0x080064b7   Section      120  iap2session.o(.constdata)
    __FUNCTION__                             0x080064b7   Data          20  iap2session.o(.constdata)
    __FUNCTION__                             0x080064cb   Data          20  iap2session.o(.constdata)
    __FUNCTION__                             0x080064df   Data          20  iap2session.o(.constdata)
    __FUNCTION__                             0x080064f3   Data          20  iap2session.o(.constdata)
    __FUNCTION__                             0x08006507   Data          20  iap2session.o(.constdata)
    __FUNCTION__                             0x0800651b   Data          20  iap2session.o(.constdata)
    .constdata                               0x0800652f   Section       49  iap2link.o(.constdata)
    __FUNCTION__                             0x0800652f   Data          14  iap2link.o(.constdata)
    __FUNCTION__                             0x0800653d   Data          22  iap2link.o(.constdata)
    __FUNCTION__                             0x08006553   Data          13  iap2link.o(.constdata)
    .constdata                               0x08006560   Section       14  driver.o(.constdata)
    __FUNCTION__                             0x08006560   Data          14  driver.o(.constdata)
    .conststring                             0x08006570   Section      165  usb_core.o(.conststring)
    .data                                    0x20000000   Section      249  main.o(.data)
    lock_flag                                0x200000f8   Data           1  main.o(.data)
    .data                                    0x200000fc   Section        4  systick.o(.data)
    .data                                    0x20000100   Section       36  usb_core.o(.data)
    cmd                                      0x2000011c   Data           8  usb_core.o(.data)
    .data                                    0x20000124   Section       28  iap2link.o(.data)
    auth_init_data                           0x20000128   Data           6  iap2link.o(.data)
    lack_of_backward_compatibility           0x2000012e   Data          18  iap2link.o(.data)
    .data                                    0x20000140   Section      329  iap2ctrlsession.o(.data)
    .data                                    0x2000028c   Section        8  driver.o(.data)
    .bss                                     0x20000294   Section      649  main.o(.bss)
    .bss                                     0x2000051d   Section      576  keyboard.o(.bss)
    .bss                                     0x20000760   Section      212  usb_core.o(.bss)
    ep0state                                 0x20000823   Data          17  usb_core.o(.bss)
    .bss                                     0x20000834   Section     1208  segger_rtt.o(.bss)
    _acUpBuffer                              0x200008dc   Data        1024  segger_rtt.o(.bss)
    _acDownBuffer                            0x20000cdc   Data          16  segger_rtt.o(.bss)
    .bss                                     0x20000cec   Section     1285  iap2link.o(.bss)
    g_Iap2Link                               0x20000cec   Data        1285  iap2link.o(.bss)
    .bss                                     0x200011f4   Section       96  libspace.o(.bss)
    HEAP                                     0x20001258   Section     1024  startup_ft32f072xb.o(HEAP)
    Heap_Mem                                 0x20001258   Data        1024  startup_ft32f072xb.o(HEAP)
    STACK                                    0x20001658   Section     1024  startup_ft32f072xb.o(STACK)
    Stack_Mem                                0x20001658   Data        1024  startup_ft32f072xb.o(STACK)
    __initial_sp                             0x20001a58   Data           0  startup_ft32f072xb.o(STACK)

    Global Symbols

    Symbol Name                              Value     Ov Type        Size  Object(Section)

    BuildAttributes$$THM_ISAv3M$S$PE$A:L22$X:L11$S22$IEEE1$IW$USESV6$~STKCKD$USESV7$~SHL$OTIME$ROPI$EBA8$UX$STANDARDLIB$REQ8$PRES8$EABIv2 0x00000000   Number         0  anon$$obj.o ABSOLUTE
    __ARM_use_no_argv                        0x00000000   Number         0  main.o ABSOLUTE
    __ARM_exceptions_init                     - Undefined Weak Reference
    __alloca_initialize                       - Undefined Weak Reference
    __arm_fini_                               - Undefined Weak Reference
    __arm_preinit_                            - Undefined Weak Reference
    __cpp_initialize__aeabi_                  - Undefined Weak Reference
    __cxa_finalize                            - Undefined Weak Reference
    __rt_locale                               - Undefined Weak Reference
    __sigvec_lookup                           - Undefined Weak Reference
    __user_heap_extent                        - Undefined Weak Reference
    _atexit_init                              - Undefined Weak Reference
    _call_atexit_fns                          - Undefined Weak Reference
    _clock_init                               - Undefined Weak Reference
    _fp_trap_init                             - Undefined Weak Reference
    _fp_trap_shutdown                         - Undefined Weak Reference
    _get_lc_collate                           - Undefined Weak Reference
    _get_lc_ctype                             - Undefined Weak Reference
    _get_lc_monetary                          - Undefined Weak Reference
    _get_lc_numeric                           - Undefined Weak Reference
    _get_lc_time                              - Undefined Weak Reference
    _getenv_init                              - Undefined Weak Reference
    _handle_redirection                       - Undefined Weak Reference
    _initio                                   - Undefined Weak Reference
    _mutex_acquire                            - Undefined Weak Reference
    _mutex_free                               - Undefined Weak Reference
    _mutex_release                            - Undefined Weak Reference
    _rand_init                                - Undefined Weak Reference
    _signal_finish                            - Undefined Weak Reference
    _signal_init                              - Undefined Weak Reference
    _terminateio                              - Undefined Weak Reference
    __Vectors_Size                           0x000000c0   Number         0  startup_ft32f072xb.o ABSOLUTE
    __Vectors                                0x08000000   Data           4  startup_ft32f072xb.o(RESET)
    __Vectors_End                            0x080000c0   Data           0  startup_ft32f072xb.o(RESET)
    __main                                   0x080000c1   Thumb Code     8  __main.o(!!!main)
    __scatterload                            0x080000c9   Thumb Code     0  __scatter.o(!!!scatter)
    __scatterload_rt2                        0x080000c9   Thumb Code    52  __scatter.o(!!!scatter)
    __scatterload_rt2_thumb_only             0x080000c9   Thumb Code     0  __scatter.o(!!!scatter)
    __scatterload_null                       0x080000d9   Thumb Code     0  __scatter.o(!!!scatter)
    __scatterload_zeroinit                   0x08000105   Thumb Code    28  __scatter_zi.o(!!handler_zi)
    __rt_lib_init                            0x08000121   Thumb Code     0  libinit.o(.ARM.Collect$$libinit$$00000000)
    __rt_lib_init_fp_1                       0x08000123   Thumb Code     0  libinit2.o(.ARM.Collect$$libinit$$00000002)
    __rt_lib_init_heap_2                     0x08000123   Thumb Code     0  libinit2.o(.ARM.Collect$$libinit$$00000005)
    __rt_lib_init_preinit_1                  0x08000123   Thumb Code     0  libinit2.o(.ARM.Collect$$libinit$$00000004)
    __rt_lib_init_alloca_1                   0x0800012b   Thumb Code     0  libinit2.o(.ARM.Collect$$libinit$$0000002E)
    __rt_lib_init_argv_1                     0x0800012b   Thumb Code     0  libinit2.o(.ARM.Collect$$libinit$$0000002C)
    __rt_lib_init_atexit_1                   0x0800012b   Thumb Code     0  libinit2.o(.ARM.Collect$$libinit$$0000001B)
    __rt_lib_init_clock_1                    0x0800012b   Thumb Code     0  libinit2.o(.ARM.Collect$$libinit$$00000021)
    __rt_lib_init_cpp_1                      0x0800012b   Thumb Code     0  libinit2.o(.ARM.Collect$$libinit$$00000032)
    __rt_lib_init_exceptions_1               0x0800012b   Thumb Code     0  libinit2.o(.ARM.Collect$$libinit$$00000030)
    __rt_lib_init_fp_trap_1                  0x0800012b   Thumb Code     0  libinit2.o(.ARM.Collect$$libinit$$0000001F)
    __rt_lib_init_getenv_1                   0x0800012b   Thumb Code     0  libinit2.o(.ARM.Collect$$libinit$$00000023)
    __rt_lib_init_heap_1                     0x0800012b   Thumb Code     0  libinit2.o(.ARM.Collect$$libinit$$0000000A)
    __rt_lib_init_lc_collate_1               0x0800012b   Thumb Code     0  libinit2.o(.ARM.Collect$$libinit$$00000011)
    __rt_lib_init_lc_ctype_1                 0x0800012b   Thumb Code     0  libinit2.o(.ARM.Collect$$libinit$$00000013)
    __rt_lib_init_lc_monetary_1              0x0800012b   Thumb Code     0  libinit2.o(.ARM.Collect$$libinit$$00000015)
    __rt_lib_init_lc_numeric_1               0x0800012b   Thumb Code     0  libinit2.o(.ARM.Collect$$libinit$$00000017)
    __rt_lib_init_lc_time_1                  0x0800012b   Thumb Code     0  libinit2.o(.ARM.Collect$$libinit$$00000019)
    __rt_lib_init_rand_1                     0x0800012b   Thumb Code     0  libinit2.o(.ARM.Collect$$libinit$$0000000E)
    __rt_lib_init_return                     0x0800012b   Thumb Code     0  libinit2.o(.ARM.Collect$$libinit$$00000033)
    __rt_lib_init_signal_1                   0x0800012b   Thumb Code     0  libinit2.o(.ARM.Collect$$libinit$$0000001D)
    __rt_lib_init_stdio_1                    0x0800012b   Thumb Code     0  libinit2.o(.ARM.Collect$$libinit$$00000025)
    __rt_lib_init_user_alloc_1               0x0800012b   Thumb Code     0  libinit2.o(.ARM.Collect$$libinit$$0000000C)
    __rt_lib_shutdown                        0x0800012d   Thumb Code     0  libshutdown.o(.ARM.Collect$$libshutdown$$00000000)
    __rt_lib_shutdown_cpp_1                  0x0800012f   Thumb Code     0  libshutdown2.o(.ARM.Collect$$libshutdown$$00000004)
    __rt_lib_shutdown_fini_1                 0x0800012f   Thumb Code     0  libshutdown2.o(.ARM.Collect$$libshutdown$$00000002)
    __rt_lib_shutdown_fp_trap_1              0x0800012f   Thumb Code     0  libshutdown2.o(.ARM.Collect$$libshutdown$$00000009)
    __rt_lib_shutdown_heap_1                 0x0800012f   Thumb Code     0  libshutdown2.o(.ARM.Collect$$libshutdown$$00000011)
    __rt_lib_shutdown_return                 0x0800012f   Thumb Code     0  libshutdown2.o(.ARM.Collect$$libshutdown$$00000012)
    __rt_lib_shutdown_signal_1               0x0800012f   Thumb Code     0  libshutdown2.o(.ARM.Collect$$libshutdown$$0000000C)
    __rt_lib_shutdown_stdio_1                0x0800012f   Thumb Code     0  libshutdown2.o(.ARM.Collect$$libshutdown$$00000006)
    __rt_lib_shutdown_user_alloc_1           0x0800012f   Thumb Code     0  libshutdown2.o(.ARM.Collect$$libshutdown$$0000000E)
    __rt_entry                               0x08000131   Thumb Code     0  __rtentry.o(.ARM.Collect$$rtentry$$00000000)
    __rt_entry_presh_1                       0x08000131   Thumb Code     0  __rtentry2.o(.ARM.Collect$$rtentry$$00000002)
    __rt_entry_sh                            0x08000131   Thumb Code     0  __rtentry4.o(.ARM.Collect$$rtentry$$00000004)
    __rt_entry_li                            0x08000137   Thumb Code     0  __rtentry2.o(.ARM.Collect$$rtentry$$0000000A)
    __rt_entry_postsh_1                      0x08000137   Thumb Code     0  __rtentry2.o(.ARM.Collect$$rtentry$$00000009)
    __rt_entry_main                          0x0800013b   Thumb Code     0  __rtentry2.o(.ARM.Collect$$rtentry$$0000000D)
    __rt_entry_postli_1                      0x0800013b   Thumb Code     0  __rtentry2.o(.ARM.Collect$$rtentry$$0000000C)
    __rt_exit                                0x08000143   Thumb Code     0  rtexit.o(.ARM.Collect$$rtexit$$00000000)
    __rt_exit_ls                             0x08000145   Thumb Code     0  rtexit2.o(.ARM.Collect$$rtexit$$00000003)
    __rt_exit_prels_1                        0x08000145   Thumb Code     0  rtexit2.o(.ARM.Collect$$rtexit$$00000002)
    __rt_exit_exit                           0x08000149   Thumb Code     0  rtexit2.o(.ARM.Collect$$rtexit$$00000004)
    __aeabi_memcpy4                          0x08000151   Thumb Code    56  rt_memcpy.o(.emb_text)
    __aeabi_memcpy8                          0x08000151   Thumb Code     0  rt_memcpy.o(.emb_text)
    Reset_Handler                            0x08000189   Thumb Code    38  startup_ft32f072xb.o(.text)
    _maybe_terminate_alloc                   0x08000189   Thumb Code     0  maybetermalloc1.o(.emb_text)
    NMI_Handler                              0x080001af   Thumb Code     2  startup_ft32f072xb.o(.text)
    HardFault_Handler                        0x080001b1   Thumb Code     2  startup_ft32f072xb.o(.text)
    SVC_Handler                              0x080001b3   Thumb Code     2  startup_ft32f072xb.o(.text)
    PendSV_Handler                           0x080001b5   Thumb Code     2  startup_ft32f072xb.o(.text)
    ADC1_IRQHandler                          0x080001b9   Thumb Code     0  startup_ft32f072xb.o(.text)
    DMA1_Channel1_IRQHandler                 0x080001b9   Thumb Code     0  startup_ft32f072xb.o(.text)
    DMA1_Channel2_3_IRQHandler               0x080001b9   Thumb Code     0  startup_ft32f072xb.o(.text)
    DMA1_Channel4_5_IRQHandler               0x080001b9   Thumb Code     0  startup_ft32f072xb.o(.text)
    EXTI0_1_IRQHandler                       0x080001b9   Thumb Code     0  startup_ft32f072xb.o(.text)
    EXTI2_3_IRQHandler                       0x080001b9   Thumb Code     0  startup_ft32f072xb.o(.text)
    EXTI4_15_IRQHandler                      0x080001b9   Thumb Code     0  startup_ft32f072xb.o(.text)
    FLASH_IRQHandler                         0x080001b9   Thumb Code     0  startup_ft32f072xb.o(.text)
    I2C1_IRQHandler                          0x080001b9   Thumb Code     0  startup_ft32f072xb.o(.text)
    I2C2_IRQHandler                          0x080001b9   Thumb Code     0  startup_ft32f072xb.o(.text)
    PVD_VDDIO_IRQHandler                     0x080001b9   Thumb Code     0  startup_ft32f072xb.o(.text)
    RCC_IRQHandler                           0x080001b9   Thumb Code     0  startup_ft32f072xb.o(.text)
    RTC_IRQHandler                           0x080001b9   Thumb Code     0  startup_ft32f072xb.o(.text)
    SPI1_IRQHandler                          0x080001b9   Thumb Code     0  startup_ft32f072xb.o(.text)
    SPI2_IRQHandler                          0x080001b9   Thumb Code     0  startup_ft32f072xb.o(.text)
    TIM14_IRQHandler                         0x080001b9   Thumb Code     0  startup_ft32f072xb.o(.text)
    TIM15_IRQHandler                         0x080001b9   Thumb Code     0  startup_ft32f072xb.o(.text)
    TIM16_IRQHandler                         0x080001b9   Thumb Code     0  startup_ft32f072xb.o(.text)
    TIM17_IRQHandler                         0x080001b9   Thumb Code     0  startup_ft32f072xb.o(.text)
    TIM1_BRK_UP_TRG_COM_IRQHandler           0x080001b9   Thumb Code     0  startup_ft32f072xb.o(.text)
    TIM1_CC_IRQHandler                       0x080001b9   Thumb Code     0  startup_ft32f072xb.o(.text)
    TIM3_IRQHandler                          0x080001b9   Thumb Code     0  startup_ft32f072xb.o(.text)
    TIM6_IRQHandler                          0x080001b9   Thumb Code     0  startup_ft32f072xb.o(.text)
    USART1_IRQHandler                        0x080001b9   Thumb Code     0  startup_ft32f072xb.o(.text)
    USART2_IRQHandler                        0x080001b9   Thumb Code     0  startup_ft32f072xb.o(.text)
    WWDG_IRQHandler                          0x080001b9   Thumb Code     0  startup_ft32f072xb.o(.text)
    __user_initial_stackheap                 0x080001bd   Thumb Code     0  startup_ft32f072xb.o(.text)
    malloc                                   0x080001fd   Thumb Code    98  h1_alloc.o(.text)
    free                                     0x0800025f   Thumb Code    76  h1_free.o(.text)
    memcmp                                   0x080002ab   Thumb Code    90  memcmp.o(.text)
    strcpy                                   0x08000305   Thumb Code    70  strcpy.o(.text)
    __aeabi_memcpy                           0x08000351   Thumb Code   130  rt_memcpy.o(.text)
    __rt_memcpy                              0x08000351   Thumb Code     0  rt_memcpy.o(.text)
    _memset_w                                0x080003d3   Thumb Code    26  rt_memclr.o(.text)
    _memset                                  0x080003ed   Thumb Code    30  rt_memclr.o(.text)
    __aeabi_memclr                           0x0800040b   Thumb Code     4  rt_memclr.o(.text)
    __rt_memclr                              0x0800040b   Thumb Code     0  rt_memclr.o(.text)
    __aeabi_memclr4                          0x0800040f   Thumb Code     0  rt_memclr.o(.text)
    __aeabi_memclr8                          0x0800040f   Thumb Code     0  rt_memclr.o(.text)
    __rt_memclr_w                            0x0800040f   Thumb Code     4  rt_memclr.o(.text)
    __aeabi_uread4                           0x08000413   Thumb Code    22  uread4.o(.text)
    __rt_uread4                              0x08000413   Thumb Code     0  uread4.o(.text)
    __aeabi_uwrite4                          0x08000429   Thumb Code    16  uwrite4.o(.text)
    __rt_uwrite4                             0x08000429   Thumb Code     0  uwrite4.o(.text)
    __aeabi_uidiv                            0x08000439   Thumb Code     0  aeabi_sdiv.o(.text)
    __aeabi_uidivmod                         0x08000439   Thumb Code    20  aeabi_sdiv.o(.text)
    __aeabi_idiv                             0x0800044d   Thumb Code     0  aeabi_sdiv.o(.text)
    __aeabi_idivmod                          0x0800044d   Thumb Code   326  aeabi_sdiv.o(.text)
    __use_two_region_memory                  0x08000593   Thumb Code     2  heapauxi.o(.text)
    __rt_heap_escrow                         0x08000595   Thumb Code     2  heapauxi.o(.text)
    __rt_heap_expand                         0x08000597   Thumb Code     2  heapauxi.o(.text)
    __rt_heap_descriptor                     0x08000599   Thumb Code     8  rt_heap_descriptor_intlibspace.o(.text)
    __use_no_heap                            0x080005a1   Thumb Code     2  hguard.o(.text)
    __heap$guard                             0x080005a3   Thumb Code     2  hguard.o(.text)
    _terminate_user_alloc                    0x080005a5   Thumb Code     2  init_alloc.o(.text)
    _init_user_alloc                         0x080005a7   Thumb Code     2  init_alloc.o(.text)
    __Heap_Full                              0x080005a9   Thumb Code    32  init_alloc.o(.text)
    __Heap_Broken                            0x080005c9   Thumb Code    10  init_alloc.o(.text)
    _init_alloc                              0x080005d3   Thumb Code    90  init_alloc.o(.text)
    __Heap_Initialize                        0x0800062d   Thumb Code    10  h1_init.o(.text)
    __Heap_DescSize                          0x08000637   Thumb Code     4  h1_init.o(.text)
    __user_libspace                          0x0800063d   Thumb Code     8  libspace.o(.text)
    __user_perproc_libspace                  0x0800063d   Thumb Code     0  libspace.o(.text)
    __user_perthread_libspace                0x0800063d   Thumb Code     0  libspace.o(.text)
    __Heap_ProvideMemory                     0x08000645   Thumb Code    52  h1_extend.o(.text)
    __rt_SIGRTMEM                            0x08000679   Thumb Code    12  defsig_rtmem_outer.o(.text)
    __I$use$semihosting                      0x08000685   Thumb Code     0  use_no_semi.o(.text)
    __use_no_semihosting_swi                 0x08000685   Thumb Code     2  use_no_semi.o(.text)
    __semihosting_library_function           0x08000687   Thumb Code     0  indicate_semi.o(.text)
    __user_setup_stackheap                   0x08000687   Thumb Code    62  sys_stackheap_outer.o(.text)
    exit                                     0x080006c5   Thumb Code    16  exit.o(.text)
    __sig_exit                               0x080006d5   Thumb Code    12  defsig_exit.o(.text)
    __rt_SIGRTMEM_inner                      0x080006e1   Thumb Code    22  defsig_rtmem_inner.o(.text)
    _sys_exit                                0x08000731   Thumb Code     8  sys_exit.o(.text)
    __default_signal_display                 0x0800073d   Thumb Code    52  defsig_general.o(.text)
    _ttywrch                                 0x08000771   Thumb Code    12  sys_wrch.o(.text)
    __decompress                             0x0800077d   Thumb Code     0  __dczerorl2.o(.text)
    __decompress1                            0x0800077d   Thumb Code    86  __dczerorl2.o(.text)
    CRS_AutomaticCalibrationCmd              0x080007d5   Thumb Code    32  ft32f0xx_crs.o(i.CRS_AutomaticCalibrationCmd)
    CRS_FrequencyErrorCounterCmd             0x080007f9   Thumb Code    32  ft32f0xx_crs.o(i.CRS_FrequencyErrorCounterCmd)
    Driver_Check                             0x08000d69   Thumb Code    56  driver.o(i.Driver_Check)
    Driver_RxDone                            0x08000dad   Thumb Code    82  driver.o(i.Driver_RxDone)
    Driver_TransferStart                     0x08000e29   Thumb Code    76  driver.o(i.Driver_TransferStart)
    EndpointBulkIn                           0x08000ea5   Thumb Code   120  usb_core.o(i.EndpointBulkIn)
    EndpointBulkOut                          0x08000f95   Thumb Code   112  usb_core.o(i.EndpointBulkOut)
    FIFORead                                 0x08001009   Thumb Code    98  usb_core.o(i.FIFORead)
    FIFOWrite                                0x080010c9   Thumb Code   100  usb_core.o(i.FIFOWrite)
    GPIO_Init                                0x08001189   Thumb Code   144  ft32f0xx_gpio.o(i.GPIO_Init)
    GPIO_ReadInputDataBit                    0x08001219   Thumb Code    20  ft32f0xx_gpio.o(i.GPIO_ReadInputDataBit)
    GPIO_WriteBit                            0x0800122d   Thumb Code    12  ft32f0xx_gpio.o(i.GPIO_WriteBit)
    GetTime                                  0x08001239   Thumb Code     6  systick.o(i.GetTime)
    HID_GetIdleEvent                         0x08001245   Thumb Code    50  usb_core.o(i.HID_GetIdleEvent)
    HID_GetProtocolEvent                     0x08001281   Thumb Code    50  usb_core.o(i.HID_GetProtocolEvent)
    HID_GetReportEvent                       0x080012bd   Thumb Code    90  usb_core.o(i.HID_GetReportEvent)
    HID_SetIdleEvent                         0x08001325   Thumb Code    46  usb_core.o(i.HID_SetIdleEvent)
    HID_SetProtocolEvent                     0x0800135d   Thumb Code    44  usb_core.o(i.HID_SetProtocolEvent)
    HID_SetReportEvent                       0x08001391   Thumb Code    90  usb_core.o(i.HID_SetReportEvent)
    I2C_AcknowledgeConfig                    0x080013f5   Thumb Code    28  ft32f0xx_i2c.o(i.I2C_AcknowledgeConfig)
    I2C_Cmd                                  0x08001411   Thumb Code    24  ft32f0xx_i2c.o(i.I2C_Cmd)
    I2C_DeInit                               0x08001429   Thumb Code    50  ft32f0xx_i2c.o(i.I2C_DeInit)
    I2C_GenerateSTART                        0x08001461   Thumb Code    28  ft32f0xx_i2c.o(i.I2C_GenerateSTART)
    I2C_GenerateSTOP                         0x0800147d   Thumb Code    28  ft32f0xx_i2c.o(i.I2C_GenerateSTOP)
    I2C_Init                                 0x08001499   Thumb Code    98  ft32f0xx_i2c.o(i.I2C_Init)
    I2C_MasterRequestConfig                  0x08001505   Thumb Code    28  ft32f0xx_i2c.o(i.I2C_MasterRequestConfig)
    I2C_ReceiveData                          0x08001521   Thumb Code     8  ft32f0xx_i2c.o(i.I2C_ReceiveData)
    I2C_SendData                             0x08001529   Thumb Code     4  ft32f0xx_i2c.o(i.I2C_SendData)
    I2C_SlaveAddressConfig                   0x0800152d   Thumb Code    20  ft32f0xx_i2c.o(i.I2C_SlaveAddressConfig)
    I2C_StructInit                           0x08001541   Thumb Code    24  ft32f0xx_i2c.o(i.I2C_StructInit)
    Iap2CtrlSessionMsg_AddParam              0x08001559   Thumb Code    66  iap2ctrlsession.o(i.Iap2CtrlSessionMsg_AddParam)
    Iap2CtrlSessionMsg_Init                  0x0800159d   Thumb Code    40  iap2ctrlsession.o(i.Iap2CtrlSessionMsg_Init)
    Iap2CtrlSession_EventProc                0x08001969   Thumb Code   108  iap2ctrlsession.o(i.Iap2CtrlSession_EventProc)
    Iap2CtrlSession_Init                     0x08001a41   Thumb Code    76  iap2ctrlsession.o(i.Iap2CtrlSession_Init)
    Iap2CtrlSession_ReqProc                  0x08001a9d   Thumb Code   184  iap2ctrlsession.o(i.Iap2CtrlSession_ReqProc)
    Iap2CtrlSession_RspProc                  0x08001b61   Thumb Code     6  iap2ctrlsession.o(i.Iap2CtrlSession_RspProc)
    Iap2LinkPkt_Init                         0x08001b8b   Thumb Code   152  iap2link.o(i.Iap2LinkPkt_Init)
    Iap2Link_AckInit                         0x08001c23   Thumb Code    52  iap2link.o(i.Iap2Link_AckInit)
    Iap2Link_Init                            0x08001c59   Thumb Code    72  iap2link.o(i.Iap2Link_Init)
    Iap2Link_Notify                          0x08001ca5   Thumb Code    42  iap2link.o(i.Iap2Link_Notify)
    Iap2Link_Payload_Eak                     0x08001ccf   Thumb Code     6  iap2link.o(i.Iap2Link_Payload_Eak)
    Iap2Link_Payload_SyncLink                0x08001cd5   Thumb Code   128  iap2link.o(i.Iap2Link_Payload_SyncLink)
    Iap2Link_RcvData                         0x08001d59   Thumb Code    86  iap2link.o(i.Iap2Link_RcvData)
    Iap2Link_ReTx                            0x08001de1   Thumb Code    84  iap2link.o(i.Iap2Link_ReTx)
    Iap2Link_RegSession                      0x08001e59   Thumb Code    50  iap2link.o(i.Iap2Link_RegSession)
    Iap2Link_Run                             0x08001e8d   Thumb Code    98  iap2link.o(i.Iap2Link_Run)
    Iap2Link_SendSyncPkt                     0x08001f15   Thumb Code   142  iap2link.o(i.Iap2Link_SendSyncPkt)
    Iap2Link_Sleep                           0x08001fa9   Thumb Code     2  iap2link.o(i.Iap2Link_Sleep)
    Iap2Link_Start                           0x08001fad   Thumb Code    58  iap2link.o(i.Iap2Link_Start)
    Iap2Link_TimerReset                      0x0800205d   Thumb Code    14  iap2link.o(i.Iap2Link_TimerReset)
    Iap2Link_TransferDone                    0x08002071   Thumb Code   390  iap2link.o(i.Iap2Link_TransferDone)
    Iap2Link_TxData                          0x08002285   Thumb Code   156  iap2link.o(i.Iap2Link_TxData)
    Iap2Link_Verify                          0x08002381   Thumb Code   100  iap2link.o(i.Iap2Link_Verify)
    Iap2Link_handShake                       0x080023ed   Thumb Code   192  iap2link.o(i.Iap2Link_handShake)
    LinkPayload_Init                         0x08002599   Thumb Code    50  iap2link.o(i.LinkPayload_Init)
    ListUsbData_AddTail                      0x080025cb   Thumb Code    54  listusbdata.o(i.ListUsbData_AddTail)
    ListUsbData_Init                         0x08002601   Thumb Code    14  listusbdata.o(i.ListUsbData_Init)
    ListUsbData_Remove                       0x0800260f   Thumb Code    66  listusbdata.o(i.ListUsbData_Remove)
    NVIC_Init                                0x08002651   Thumb Code   106  ft32f0xx_misc.o(i.NVIC_Init)
    RCC_AHBPeriphClockCmd                    0x08002739   Thumb Code    28  ft32f0xx_rcc.o(i.RCC_AHBPeriphClockCmd)
    RCC_APB1PeriphClockCmd                   0x08002759   Thumb Code    28  ft32f0xx_rcc.o(i.RCC_APB1PeriphClockCmd)
    RCC_APB1PeriphResetCmd                   0x08002779   Thumb Code    28  ft32f0xx_rcc.o(i.RCC_APB1PeriphResetCmd)
    RCC_GetFlagStatus                        0x08002799   Thumb Code    68  ft32f0xx_rcc.o(i.RCC_GetFlagStatus)
    RCC_HSI48Cmd                             0x080027e1   Thumb Code    36  ft32f0xx_rcc.o(i.RCC_HSI48Cmd)
    RCC_USBCLKConfig                         0x08002809   Thumb Code    22  ft32f0xx_rcc.o(i.RCC_USBCLKConfig)
    SEGGER_RTT_Write                         0x08002825   Thumb Code    66  segger_rtt.o(i.SEGGER_RTT_Write)
    SEGGER_RTT_WriteNoLock                   0x0800286d   Thumb Code   128  segger_rtt.o(i.SEGGER_RTT_WriteNoLock)
    SEGGER_RTT_printf                        0x080028f1   Thumb Code    36  segger_rtt_printf.o(i.SEGGER_RTT_printf)
    SEGGER_RTT_vprintf                       0x08002915   Thumb Code   536  segger_rtt_printf.o(i.SEGGER_RTT_vprintf)
    SessionMgr_Fsm                           0x08002b2d   Thumb Code   156  iap2session.o(i.SessionMgr_Fsm)
    SessionMgr_FsmReset                      0x08002bc9   Thumb Code    18  iap2session.o(i.SessionMgr_FsmReset)
    SessionMgr_FsmRxAck                      0x08002be1   Thumb Code   126  iap2session.o(i.SessionMgr_FsmRxAck)
    SessionMgr_FsmRxReq                      0x08002cb1   Thumb Code   406  iap2session.o(i.SessionMgr_FsmRxReq)
    SessionMgr_FsmRxRsp                      0x08002e8d   Thumb Code   208  iap2session.o(i.SessionMgr_FsmRxRsp)
    SessionMgr_FsmTxAck                      0x08002fad   Thumb Code    56  iap2session.o(i.SessionMgr_FsmTxAck)
    SessionMgr_FsmTxReq                      0x08003005   Thumb Code    62  iap2session.o(i.SessionMgr_FsmTxReq)
    SessionMgr_FsmTxRsp                      0x08003069   Thumb Code    80  iap2session.o(i.SessionMgr_FsmTxRsp)
    SessionMgr_Init                          0x080030e1   Thumb Code    18  iap2session.o(i.SessionMgr_Init)
    SessionMgr_RxReq                         0x080030f5   Thumb Code    48  iap2session.o(i.SessionMgr_RxReq)
    SessionMgr_TxReq                         0x0800312d   Thumb Code    20  iap2session.o(i.SessionMgr_TxReq)
    SwTimer_Start                            0x08003211   Thumb Code    88  swtimer.o(i.SwTimer_Start)
    SwTimer_Stop                             0x080032a1   Thumb Code    10  swtimer.o(i.SwTimer_Stop)
    SwTimer_isTimerOut                       0x080032ad   Thumb Code    74  swtimer.o(i.SwTimer_isTimerOut)
    SwTimer_isTimerOutEx                     0x08003349   Thumb Code    40  swtimer.o(i.SwTimer_isTimerOutEx)
    SysTick_CLKSourceConfig                  0x08003371   Thumb Code    32  ft32f0xx_misc.o(i.SysTick_CLKSourceConfig)
    SysTick_Delay_Ms                         0x08003395   Thumb Code    52  systick.o(i.SysTick_Delay_Ms)
    SysTick_Handler                          0x080033c9   Thumb Code    28  systick.o(i.SysTick_Handler)
    SystemInit                               0x080033e9   Thumb Code   110  system_ft32f0xx.o(i.SystemInit)
    Systick_Init                             0x08003465   Thumb Code    58  systick.o(i.Systick_Init)
    USB_EP_Rx                                0x080034ad   Thumb Code    38  usb_core.o(i.USB_EP_Rx)
    USB_EP_Tx                                0x080034d5   Thumb Code   148  usb_core.o(i.USB_EP_Tx)
    USB_Endpoint0                            0x08003641   Thumb Code   286  usb_core.o(i.USB_Endpoint0)
    USB_HID_Class_Req                        0x08003935   Thumb Code   102  usb_core.o(i.USB_HID_Class_Req)
    USB_IRQHandler                           0x080039a1   Thumb Code   382  usb_core.o(i.USB_IRQHandler)
    USB_ITConfig                             0x08003c11   Thumb Code    96  usb_core.o(i.USB_ITConfig)
    USB_Init                                 0x08003c75   Thumb Code   128  usb_core.o(i.USB_Init)
    USB_PDCTRLConfig                         0x08003cf9   Thumb Code    24  usb_core.o(i.USB_PDCTRLConfig)
    USB_Reset                                0x08003d15   Thumb Code   184  usb_core.o(i.USB_Reset)
    __ARM_common_switch8                     0x08004d5d   Thumb Code    28  main.o(i.__ARM_common_switch8)
    build_keycode                            0x08004d79   Thumb Code   224  main.o(i.build_keycode)
    build_media_key                          0x08004e59   Thumb Code   176  main.o(i.build_media_key)
    get_key                                  0x08004f09   Thumb Code    34  key_buffer.o(i.get_key)
    get_key_down_list                        0x08004f2b   Thumb Code    94  key_buffer.o(i.get_key_down_list)
    hotKey                                   0x080050b5   Thumb Code   208  main.o(i.hotKey)
    i2c_readdata                             0x0800518d   Thumb Code   118  ft32f0xx_i2c.o(i.i2c_readdata)
    i2c_senddata                             0x08005209   Thumb Code    74  ft32f0xx_i2c.o(i.i2c_senddata)
    iAP2PacketParseBuffer                    0x08005259   Thumb Code   676  main.o(i.iAP2PacketParseBuffer)
    key_clear                                0x0800578b   Thumb Code    14  key_buffer.o(i.key_clear)
    key_down                                 0x08005799   Thumb Code    28  key_buffer.o(i.key_down)
    key_up                                   0x080057b5   Thumb Code    28  key_buffer.o(i.key_up)
    main                                     0x080057d1   Thumb Code   286  main.o(i.main)
    matrix_key_handle                        0x08005959   Thumb Code   212  matrix.o(i.matrix_key_handle)
    matrix_scan_again                        0x08005a2d   Thumb Code   346  matrix.o(i.matrix_scan_again)
    matrix_scan_key                          0x08005b87   Thumb Code   192  matrix.o(i.matrix_scan_key)
    send_acpi_media_keycode                  0x08005d69   Thumb Code    72  main.o(i.send_acpi_media_keycode)
    send_keycode                             0x08005db5   Thumb Code    96  main.o(i.send_keycode)
    set_IO_PinMode                           0x08005e15   Thumb Code   206  io.o(i.set_IO_PinMode)
    startKeyboardHid                         0x08005ee5   Thumb Code   312  iap2ctrlsession.o(i.startKeyboardHid)
    usb_send_data_buffer                     0x08006025   Thumb Code    80  main.o(i.usb_send_data_buffer)
    rMap                                     0x08006104   Data          80  main.o(.constdata)
    cMap                                     0x08006154   Data         180  main.o(.constdata)
    keyMatrix                                0x08006208   Data         144  main.o(.constdata)
    USB_FSDeviceDescriptor                   0x080062c2   Data          18  usb_desc.o(.constdata)
    USB_FSDeviceDescriptorSize               0x080062d4   Data           2  usb_desc.o(.constdata)
    USB_FSConfigDescriptor                   0x080062d6   Data          32  usb_desc.o(.constdata)
    USB_FSConfigDescriptorSize               0x080062f6   Data           2  usb_desc.o(.constdata)
    LanguageId                               0x080062f8   Data           4  usb_desc.o(.constdata)
    LanguageIdSize                           0x080062fc   Data           2  usb_desc.o(.constdata)
    ManufacturerStringDescriptor             0x080062fe   Data          12  usb_desc.o(.constdata)
    ManufacturerStringDescriptorSize         0x0800630a   Data           2  usb_desc.o(.constdata)
    ProductStringDescriptor                  0x0800630c   Data          26  usb_desc.o(.constdata)
    ProductStringDescriptorSize              0x08006326   Data           2  usb_desc.o(.constdata)
    iapStringDescriptor                      0x08006328   Data          28  usb_desc.o(.constdata)
    iapStringDescriptorSize                  0x08006344   Data           2  usb_desc.o(.constdata)
    SerialNumberSringDescriptor              0x08006346   Data          22  usb_desc.o(.constdata)
    SerialNumberSringDescriptorSize          0x0800635c   Data           2  usb_desc.o(.constdata)
    USB_HID_FSReportDescriptor_1             0x0800635e   Data          65  usb_desc.o(.constdata)
    USB_HID_FSReportDescriptor_1Size         0x080063a0   Data           2  usb_desc.o(.constdata)
    USB_HID_FSReportDescriptor_2             0x080063a2   Data         137  usb_desc.o(.constdata)
    USB_HID_FSReportDescriptor_2Size         0x0800642c   Data           2  usb_desc.o(.constdata)
    USB_HID_FSReportDescriptor_3             0x0800642e   Data          23  usb_desc.o(.constdata)
    USB_HID_FSReportDescriptor_3Size         0x08006446   Data           2  usb_desc.o(.constdata)
    USB_HID_FSReportDescriptor_4             0x08006448   Data          35  usb_desc.o(.constdata)
    USB_HID_FSReportDescriptor_4Size         0x0800646c   Data           2  usb_desc.o(.constdata)
    USB_HID_FSReportDescriptor_5             0x0800646e   Data          35  usb_desc.o(.constdata)
    USB_HID_FSReportDescriptor_5Size         0x08006492   Data           2  usb_desc.o(.constdata)
    Region$$Table$$Base                      0x08006618   Number         0  anon$$obj.o(Region$$Table)
    Region$$Table$$Limit                     0x08006638   Number         0  anon$$obj.o(Region$$Table)
    g_start_key                              0x20000000   Data           1  main.o(.data)
    g_usbdata                                0x20000004   Data           4  main.o(.data)
    g_usbdata_list                           0x20000008   Data           4  main.o(.data)
    g_hid_report                             0x2000000c   Data           6  main.o(.data)
    qty                                      0x20000012   Data           1  main.o(.data)
    NOW                                      0x20000014   Data           4  main.o(.data)
    remap                                    0x20000018   Data          22  main.o(.data)
    remap2                                   0x2000002e   Data           8  main.o(.data)
    matrix                                   0x20000036   Data         173  main.o(.data)
    g_ParseState_t                           0x200000e4   Data           4  main.o(.data)
    buffer_offset                            0x200000e8   Data           4  main.o(.data)
    g_packets                                0x200000ec   Data           4  main.o(.data)
    g_packetLen                              0x200000f0   Data           2  main.o(.data)
    b_config                                 0x200000f4   Data           4  main.o(.data)
    sysTick                                  0x200000fc   Data           4  systick.o(.data)
    INCSRDATA                                0x20000100   Data           1  usb_core.o(.data)
    usb_state                                0x20000101   Data           1  usb_core.o(.data)
    gnDevState                               0x20000104   Data           4  usb_core.o(.data)
    gpCurCfg                                 0x20000108   Data           4  usb_core.o(.data)
    gbyCurIfVal                              0x2000010c   Data           7  usb_core.o(.data)
    pInformation                             0x20000114   Data           4  usb_core.o(.data)
    flag1                                    0x20000118   Data           4  usb_core.o(.data)
    g_pIap2Link                              0x20000124   Data           4  iap2link.o(.data)
    iAP2_identificationInformation           0x20000140   Data         234  iap2ctrlsession.o(.data)
    keyboard_reportDescriptor                0x2000022a   Data          95  iap2ctrlsession.o(.data)
    g_isTxDone                               0x2000028c   Data           1  driver.o(.data)
    g_isRxDone                               0x2000028d   Data           1  driver.o(.data)
    g_pIrb                                   0x20000290   Data           4  driver.o(.data)
    g_usbdata_head                           0x20000294   Data           9  main.o(.bss)
    receive_data_buf                         0x2000029d   Data         512  main.o(.bss)
    buff                                     0x2000049d   Data         128  main.o(.bss)
    Vendor_data_Buffer                       0x2000051d   Data         512  keyboard.o(.bss)
    ep2_send_buf                             0x2000071d   Data          64  keyboard.o(.bss)
    c_hid_data                               0x20000760   Data          87  usb_core.o(.bss)
    gpCurIf                                  0x200007b8   Data          28  usb_core.o(.bss)
    Device_Info                              0x200007d4   Data          15  usb_core.o(.bss)
    ep1_send_buf                             0x200007e3   Data          64  usb_core.o(.bss)
    _SEGGER_RTT                              0x20000834   Data         168  segger_rtt.o(.bss)
    __libspace_start                         0x200011f4   Data          96  libspace.o(.bss)
    __temporary_stack_top$libspace           0x20001254   Data           0  libspace.o(.bss)



==============================================================================

Memory Map of the image

  Image Entry point : 0x080000c1

  Load Region LR_IROM1 (Base: 0x08000000, Size: 0x000068cc, Max: 0x00010000, ABSOLUTE, COMPRESSED[0x000067b0])

    Execution Region ER_IROM1 (Exec base: 0x08000000, Load base: 0x08000000, Size: 0x00006638, Max: 0x00010000, ABSOLUTE)

    Exec Addr    Load Addr    Size         Type   Attr      Idx    E Section Name        Object

    0x08000000   0x08000000   0x000000c0   Data   RO         3874    RESET               startup_ft32f072xb.o
    0x080000c0   0x080000c0   0x00000008   Code   RO         4878  * !!!main             c_p.l(__main.o)
    0x080000c8   0x080000c8   0x0000003c   Code   RO         5095    !!!scatter          c_p.l(__scatter.o)
    0x08000104   0x08000104   0x0000001c   Code   RO         5097    !!handler_zi        c_p.l(__scatter_zi.o)
    0x08000120   0x08000120   0x00000002   Code   RO         5029    .ARM.Collect$$libinit$$00000000  c_p.l(libinit.o)
    0x08000122   0x08000122   0x00000000   Code   RO         4915    .ARM.Collect$$libinit$$00000002  c_p.l(libinit2.o)
    0x08000122   0x08000122   0x00000000   Code   RO         4917    .ARM.Collect$$libinit$$00000004  c_p.l(libinit2.o)
    0x08000122   0x08000122   0x00000008   Code   RO         4918    .ARM.Collect$$libinit$$00000005  c_p.l(libinit2.o)
    0x0800012a   0x0800012a   0x00000000   Code   RO         4920    .ARM.Collect$$libinit$$0000000A  c_p.l(libinit2.o)
    0x0800012a   0x0800012a   0x00000000   Code   RO         4922    .ARM.Collect$$libinit$$0000000C  c_p.l(libinit2.o)
    0x0800012a   0x0800012a   0x00000000   Code   RO         4924    .ARM.Collect$$libinit$$0000000E  c_p.l(libinit2.o)
    0x0800012a   0x0800012a   0x00000000   Code   RO         4927    .ARM.Collect$$libinit$$00000011  c_p.l(libinit2.o)
    0x0800012a   0x0800012a   0x00000000   Code   RO         4929    .ARM.Collect$$libinit$$00000013  c_p.l(libinit2.o)
    0x0800012a   0x0800012a   0x00000000   Code   RO         4931    .ARM.Collect$$libinit$$00000015  c_p.l(libinit2.o)
    0x0800012a   0x0800012a   0x00000000   Code   RO         4933    .ARM.Collect$$libinit$$00000017  c_p.l(libinit2.o)
    0x0800012a   0x0800012a   0x00000000   Code   RO         4935    .ARM.Collect$$libinit$$00000019  c_p.l(libinit2.o)
    0x0800012a   0x0800012a   0x00000000   Code   RO         4937    .ARM.Collect$$libinit$$0000001B  c_p.l(libinit2.o)
    0x0800012a   0x0800012a   0x00000000   Code   RO         4939    .ARM.Collect$$libinit$$0000001D  c_p.l(libinit2.o)
    0x0800012a   0x0800012a   0x00000000   Code   RO         4941    .ARM.Collect$$libinit$$0000001F  c_p.l(libinit2.o)
    0x0800012a   0x0800012a   0x00000000   Code   RO         4943    .ARM.Collect$$libinit$$00000021  c_p.l(libinit2.o)
    0x0800012a   0x0800012a   0x00000000   Code   RO         4945    .ARM.Collect$$libinit$$00000023  c_p.l(libinit2.o)
    0x0800012a   0x0800012a   0x00000000   Code   RO         4947    .ARM.Collect$$libinit$$00000025  c_p.l(libinit2.o)
    0x0800012a   0x0800012a   0x00000000   Code   RO         4951    .ARM.Collect$$libinit$$0000002C  c_p.l(libinit2.o)
    0x0800012a   0x0800012a   0x00000000   Code   RO         4953    .ARM.Collect$$libinit$$0000002E  c_p.l(libinit2.o)
    0x0800012a   0x0800012a   0x00000000   Code   RO         4955    .ARM.Collect$$libinit$$00000030  c_p.l(libinit2.o)
    0x0800012a   0x0800012a   0x00000000   Code   RO         4957    .ARM.Collect$$libinit$$00000032  c_p.l(libinit2.o)
    0x0800012a   0x0800012a   0x00000002   Code   RO         4958    .ARM.Collect$$libinit$$00000033  c_p.l(libinit2.o)
    0x0800012c   0x0800012c   0x00000002   Code   RO         5090    .ARM.Collect$$libshutdown$$00000000  c_p.l(libshutdown.o)
    0x0800012e   0x0800012e   0x00000000   Code   RO         5046    .ARM.Collect$$libshutdown$$00000002  c_p.l(libshutdown2.o)
    0x0800012e   0x0800012e   0x00000000   Code   RO         5048    .ARM.Collect$$libshutdown$$00000004  c_p.l(libshutdown2.o)
    0x0800012e   0x0800012e   0x00000000   Code   RO         5050    .ARM.Collect$$libshutdown$$00000006  c_p.l(libshutdown2.o)
    0x0800012e   0x0800012e   0x00000000   Code   RO         5053    .ARM.Collect$$libshutdown$$00000009  c_p.l(libshutdown2.o)
    0x0800012e   0x0800012e   0x00000000   Code   RO         5056    .ARM.Collect$$libshutdown$$0000000C  c_p.l(libshutdown2.o)
    0x0800012e   0x0800012e   0x00000000   Code   RO         5058    .ARM.Collect$$libshutdown$$0000000E  c_p.l(libshutdown2.o)
    0x0800012e   0x0800012e   0x00000000   Code   RO         5061    .ARM.Collect$$libshutdown$$00000011  c_p.l(libshutdown2.o)
    0x0800012e   0x0800012e   0x00000002   Code   RO         5062    .ARM.Collect$$libshutdown$$00000012  c_p.l(libshutdown2.o)
    0x08000130   0x08000130   0x00000000   Code   RO         4882    .ARM.Collect$$rtentry$$00000000  c_p.l(__rtentry.o)
    0x08000130   0x08000130   0x00000000   Code   RO         4965    .ARM.Collect$$rtentry$$00000002  c_p.l(__rtentry2.o)
    0x08000130   0x08000130   0x00000006   Code   RO         4977    .ARM.Collect$$rtentry$$00000004  c_p.l(__rtentry4.o)
    0x08000136   0x08000136   0x00000000   Code   RO         4967    .ARM.Collect$$rtentry$$00000009  c_p.l(__rtentry2.o)
    0x08000136   0x08000136   0x00000004   Code   RO         4968    .ARM.Collect$$rtentry$$0000000A  c_p.l(__rtentry2.o)
    0x0800013a   0x0800013a   0x00000000   Code   RO         4970    .ARM.Collect$$rtentry$$0000000C  c_p.l(__rtentry2.o)
    0x0800013a   0x0800013a   0x00000008   Code   RO         4971    .ARM.Collect$$rtentry$$0000000D  c_p.l(__rtentry2.o)
    0x08000142   0x08000142   0x00000002   Code   RO         5033    .ARM.Collect$$rtexit$$00000000  c_p.l(rtexit.o)
    0x08000144   0x08000144   0x00000000   Code   RO         5066    .ARM.Collect$$rtexit$$00000002  c_p.l(rtexit2.o)
    0x08000144   0x08000144   0x00000004   Code   RO         5067    .ARM.Collect$$rtexit$$00000003  c_p.l(rtexit2.o)
    0x08000148   0x08000148   0x00000006   Code   RO         5068    .ARM.Collect$$rtexit$$00000004  c_p.l(rtexit2.o)
    0x0800014e   0x0800014e   0x00000002   PAD
    0x08000150   0x08000150   0x00000038   Code   RO         4862    .emb_text           c_p.l(rt_memcpy.o)
    0x08000188   0x08000188   0x00000000   Code   RO         4983    .emb_text           c_p.l(maybetermalloc1.o)
    0x08000188   0x08000188   0x00000074   Code   RO         3875    .text               startup_ft32f072xb.o
    0x080001fc   0x080001fc   0x00000062   Code   RO         4798    .text               c_p.l(h1_alloc.o)
    0x0800025e   0x0800025e   0x0000004c   Code   RO         4800    .text               c_p.l(h1_free.o)
    0x080002aa   0x080002aa   0x0000005a   Code   RO         4856    .text               c_p.l(memcmp.o)
    0x08000304   0x08000304   0x0000004c   Code   RO         4858    .text               c_p.l(strcpy.o)
    0x08000350   0x08000350   0x00000082   Code   RO         4863    .text               c_p.l(rt_memcpy.o)
    0x080003d2   0x080003d2   0x00000040   Code   RO         4866    .text               c_p.l(rt_memclr.o)
    0x08000412   0x08000412   0x00000016   Code   RO         4868    .text               c_p.l(uread4.o)
    0x08000428   0x08000428   0x00000010   Code   RO         4870    .text               c_p.l(uwrite4.o)
    0x08000438   0x08000438   0x0000015a   Code   RO         4872    .text               c_p.l(aeabi_sdiv.o)
    0x08000592   0x08000592   0x00000006   Code   RO         4876    .text               c_p.l(heapauxi.o)
    0x08000598   0x08000598   0x00000008   Code   RO         4890    .text               c_p.l(rt_heap_descriptor_intlibspace.o)
    0x080005a0   0x080005a0   0x00000004   Code   RO         4892    .text               c_p.l(hguard.o)
    0x080005a4   0x080005a4   0x00000088   Code   RO         4894    .text               c_p.l(init_alloc.o)
    0x0800062c   0x0800062c   0x0000000e   Code   RO         4898    .text               c_p.l(h1_init.o)
    0x0800063a   0x0800063a   0x00000002   PAD
    0x0800063c   0x0800063c   0x00000008   Code   RO         4961    .text               c_p.l(libspace.o)
    0x08000644   0x08000644   0x00000034   Code   RO         4985    .text               c_p.l(h1_extend.o)
    0x08000678   0x08000678   0x0000000c   Code   RO         4989    .text               c_p.l(defsig_rtmem_outer.o)
    0x08000684   0x08000684   0x00000002   Code   RO         5000    .text               c_p.l(use_no_semi.o)
    0x08000686   0x08000686   0x00000000   Code   RO         5002    .text               c_p.l(indicate_semi.o)
    0x08000686   0x08000686   0x0000003e   Code   RO         5003    .text               c_p.l(sys_stackheap_outer.o)
    0x080006c4   0x080006c4   0x00000010   Code   RO         5010    .text               c_p.l(exit.o)
    0x080006d4   0x080006d4   0x0000000c   Code   RO         5012    .text               c_p.l(defsig_exit.o)
    0x080006e0   0x080006e0   0x00000050   Code   RO         5018    .text               c_p.l(defsig_rtmem_inner.o)
    0x08000730   0x08000730   0x0000000c   Code   RO         5030    .text               c_p.l(sys_exit.o)
    0x0800073c   0x0800073c   0x00000034   Code   RO         5041    .text               c_p.l(defsig_general.o)
    0x08000770   0x08000770   0x0000000c   Code   RO         5063    .text               c_p.l(sys_wrch.o)
    0x0800077c   0x0800077c   0x00000056   Code   RO         5093    .text               c_p.l(__dczerorl2.o)
    0x080007d2   0x080007d2   0x00000002   PAD
    0x080007d4   0x080007d4   0x00000024   Code   RO         1062    i.CRS_AutomaticCalibrationCmd  ft32f0xx_crs.o
    0x080007f8   0x080007f8   0x00000024   Code   RO         1066    i.CRS_FrequencyErrorCounterCmd  ft32f0xx_crs.o
    0x0800081c   0x0800081c   0x0000054c   Code   RO          482    i.ConfigureIfs      usb_core.o
    0x08000d68   0x08000d68   0x00000044   Code   RO         4657    i.Driver_Check      driver.o
    0x08000dac   0x08000dac   0x0000007c   Code   RO         4658    i.Driver_RxDone     driver.o
    0x08000e28   0x08000e28   0x0000007c   Code   RO         4659    i.Driver_TransferStart  driver.o
    0x08000ea4   0x08000ea4   0x000000f0   Code   RO          483    i.EndpointBulkIn    usb_core.o
    0x08000f94   0x08000f94   0x00000074   Code   RO          484    i.EndpointBulkOut   usb_core.o
    0x08001008   0x08001008   0x000000c0   Code   RO          485    i.FIFORead          usb_core.o
    0x080010c8   0x080010c8   0x000000c0   Code   RO          486    i.FIFOWrite         usb_core.o
    0x08001188   0x08001188   0x00000090   Code   RO         1602    i.GPIO_Init         ft32f0xx_gpio.o
    0x08001218   0x08001218   0x00000014   Code   RO         1607    i.GPIO_ReadInputDataBit  ft32f0xx_gpio.o
    0x0800122c   0x0800122c   0x0000000c   Code   RO         1614    i.GPIO_WriteBit     ft32f0xx_gpio.o
    0x08001238   0x08001238   0x0000000c   Code   RO          299    i.GetTime           systick.o
    0x08001244   0x08001244   0x0000003c   Code   RO          487    i.HID_GetIdleEvent  usb_core.o
    0x08001280   0x08001280   0x0000003c   Code   RO          488    i.HID_GetProtocolEvent  usb_core.o
    0x080012bc   0x080012bc   0x00000068   Code   RO          489    i.HID_GetReportEvent  usb_core.o
    0x08001324   0x08001324   0x00000038   Code   RO          490    i.HID_SetIdleEvent  usb_core.o
    0x0800135c   0x0800135c   0x00000034   Code   RO          491    i.HID_SetProtocolEvent  usb_core.o
    0x08001390   0x08001390   0x00000064   Code   RO          492    i.HID_SetReportEvent  usb_core.o
    0x080013f4   0x080013f4   0x0000001c   Code   RO         1701    i.I2C_AcknowledgeConfig  ft32f0xx_i2c.o
    0x08001410   0x08001410   0x00000018   Code   RO         1707    i.I2C_Cmd           ft32f0xx_i2c.o
    0x08001428   0x08001428   0x00000038   Code   RO         1709    i.I2C_DeInit        ft32f0xx_i2c.o
    0x08001460   0x08001460   0x0000001c   Code   RO         1713    i.I2C_GenerateSTART  ft32f0xx_i2c.o
    0x0800147c   0x0800147c   0x0000001c   Code   RO         1714    i.I2C_GenerateSTOP  ft32f0xx_i2c.o
    0x08001498   0x08001498   0x0000006c   Code   RO         1722    i.I2C_Init          ft32f0xx_i2c.o
    0x08001504   0x08001504   0x0000001c   Code   RO         1723    i.I2C_MasterRequestConfig  ft32f0xx_i2c.o
    0x08001520   0x08001520   0x00000008   Code   RO         1728    i.I2C_ReceiveData   ft32f0xx_i2c.o
    0x08001528   0x08001528   0x00000004   Code   RO         1731    i.I2C_SendData      ft32f0xx_i2c.o
    0x0800152c   0x0800152c   0x00000014   Code   RO         1732    i.I2C_SlaveAddressConfig  ft32f0xx_i2c.o
    0x08001540   0x08001540   0x00000018   Code   RO         1736    i.I2C_StructInit    ft32f0xx_i2c.o
    0x08001558   0x08001558   0x00000042   Code   RO         4558    i.Iap2CtrlSessionMsg_AddParam  iap2ctrlsession.o
    0x0800159a   0x0800159a   0x00000002   PAD
    0x0800159c   0x0800159c   0x0000002c   Code   RO         4559    i.Iap2CtrlSessionMsg_Init  iap2ctrlsession.o
    0x080015c8   0x080015c8   0x0000012c   Code   RO         4561    i.Iap2CtrlSession_AuthenticationCerticate  iap2ctrlsession.o
    0x080016f4   0x080016f4   0x00000274   Code   RO         4562    i.Iap2CtrlSession_ChallengeRsp  iap2ctrlsession.o
    0x08001968   0x08001968   0x00000074   Code   RO         4563    i.Iap2CtrlSession_EventProc  iap2ctrlsession.o
    0x080019dc   0x080019dc   0x00000064   Code   RO         4564    i.Iap2CtrlSession_GetIDInfo  iap2ctrlsession.o
    0x08001a40   0x08001a40   0x0000005c   Code   RO         4565    i.Iap2CtrlSession_Init  iap2ctrlsession.o
    0x08001a9c   0x08001a9c   0x000000c4   Code   RO         4566    i.Iap2CtrlSession_ReqProc  iap2ctrlsession.o
    0x08001b60   0x08001b60   0x00000006   Code   RO         4567    i.Iap2CtrlSession_RspProc  iap2ctrlsession.o
    0x08001b66   0x08001b66   0x00000024   Code   RO         4408    i.Iap2LinkPkt_GetCheckSum  iap2link.o
    0x08001b8a   0x08001b8a   0x00000098   Code   RO         4409    i.Iap2LinkPkt_Init  iap2link.o
    0x08001c22   0x08001c22   0x00000034   Code   RO         4410    i.Iap2Link_AckInit  iap2link.o
    0x08001c56   0x08001c56   0x00000002   PAD
    0x08001c58   0x08001c58   0x0000004c   Code   RO         4411    i.Iap2Link_Init     iap2link.o
    0x08001ca4   0x08001ca4   0x0000002a   Code   RO         4412    i.Iap2Link_Notify   iap2link.o
    0x08001cce   0x08001cce   0x00000006   Code   RO         4413    i.Iap2Link_Payload_Eak  iap2link.o
    0x08001cd4   0x08001cd4   0x00000084   Code   RO         4414    i.Iap2Link_Payload_SyncLink  iap2link.o
    0x08001d58   0x08001d58   0x00000088   Code   RO         4415    i.Iap2Link_RcvData  iap2link.o
    0x08001de0   0x08001de0   0x00000078   Code   RO         4416    i.Iap2Link_ReTx     iap2link.o
    0x08001e58   0x08001e58   0x00000032   Code   RO         4417    i.Iap2Link_RegSession  iap2link.o
    0x08001e8a   0x08001e8a   0x00000002   PAD
    0x08001e8c   0x08001e8c   0x00000088   Code   RO         4418    i.Iap2Link_Run      iap2link.o
    0x08001f14   0x08001f14   0x00000094   Code   RO         4419    i.Iap2Link_SendSyncPkt  iap2link.o
    0x08001fa8   0x08001fa8   0x00000002   Code   RO         4420    i.Iap2Link_Sleep    iap2link.o
    0x08001faa   0x08001faa   0x00000002   PAD
    0x08001fac   0x08001fac   0x000000b0   Code   RO         4421    i.Iap2Link_Start    iap2link.o
    0x0800205c   0x0800205c   0x00000014   Code   RO         4423    i.Iap2Link_TimerReset  iap2link.o
    0x08002070   0x08002070   0x00000214   Code   RO         4424    i.Iap2Link_TransferDone  iap2link.o
    0x08002284   0x08002284   0x000000fc   Code   RO         4425    i.Iap2Link_TxData   iap2link.o
    0x08002380   0x08002380   0x0000006c   Code   RO         4426    i.Iap2Link_Verify   iap2link.o
    0x080023ec   0x080023ec   0x000001ac   Code   RO         4427    i.Iap2Link_handShake  iap2link.o
    0x08002598   0x08002598   0x00000032   Code   RO         4429    i.LinkPayload_Init  iap2link.o
    0x080025ca   0x080025ca   0x00000036   Code   RO         4701    i.ListUsbData_AddTail  listusbdata.o
    0x08002600   0x08002600   0x0000000e   Code   RO         4703    i.ListUsbData_Init  listusbdata.o
    0x0800260e   0x0800260e   0x00000042   Code   RO         4704    i.ListUsbData_Remove  listusbdata.o
    0x08002650   0x08002650   0x00000070   Code   RO         2027    i.NVIC_Init         ft32f0xx_misc.o
    0x080026c0   0x080026c0   0x00000078   Code   RO          300    i.NVIC_SetPriority  systick.o
    0x08002738   0x08002738   0x00000020   Code   RO         2184    i.RCC_AHBPeriphClockCmd  ft32f0xx_rcc.o
    0x08002758   0x08002758   0x00000020   Code   RO         2186    i.RCC_APB1PeriphClockCmd  ft32f0xx_rcc.o
    0x08002778   0x08002778   0x00000020   Code   RO         2187    i.RCC_APB1PeriphResetCmd  ft32f0xx_rcc.o
    0x08002798   0x08002798   0x00000048   Code   RO         2198    i.RCC_GetFlagStatus  ft32f0xx_rcc.o
    0x080027e0   0x080027e0   0x00000028   Code   RO         2205    i.RCC_HSI48Cmd      ft32f0xx_rcc.o
    0x08002808   0x08002808   0x0000001c   Code   RO         2221    i.RCC_USBCLKConfig  ft32f0xx_rcc.o
    0x08002824   0x08002824   0x00000048   Code   RO         3904    i.SEGGER_RTT_Write  segger_rtt.o
    0x0800286c   0x0800286c   0x00000084   Code   RO         3907    i.SEGGER_RTT_WriteNoLock  segger_rtt.o
    0x080028f0   0x080028f0   0x00000024   Code   RO         4115    i.SEGGER_RTT_printf  segger_rtt_printf.o
    0x08002914   0x08002914   0x00000218   Code   RO         4116    i.SEGGER_RTT_vprintf  segger_rtt_printf.o
    0x08002b2c   0x08002b2c   0x0000009c   Code   RO         4308    i.SessionMgr_Fsm    iap2session.o
    0x08002bc8   0x08002bc8   0x00000018   Code   RO         4309    i.SessionMgr_FsmReset  iap2session.o
    0x08002be0   0x08002be0   0x000000d0   Code   RO         4310    i.SessionMgr_FsmRxAck  iap2session.o
    0x08002cb0   0x08002cb0   0x000001dc   Code   RO         4311    i.SessionMgr_FsmRxReq  iap2session.o
    0x08002e8c   0x08002e8c   0x00000120   Code   RO         4312    i.SessionMgr_FsmRxRsp  iap2session.o
    0x08002fac   0x08002fac   0x00000058   Code   RO         4313    i.SessionMgr_FsmTxAck  iap2session.o
    0x08003004   0x08003004   0x00000064   Code   RO         4314    i.SessionMgr_FsmTxReq  iap2session.o
    0x08003068   0x08003068   0x00000078   Code   RO         4315    i.SessionMgr_FsmTxRsp  iap2session.o
    0x080030e0   0x080030e0   0x00000012   Code   RO         4316    i.SessionMgr_Init   iap2session.o
    0x080030f2   0x080030f2   0x00000002   PAD
    0x080030f4   0x080030f4   0x00000038   Code   RO         4318    i.SessionMgr_RxReq  iap2session.o
    0x0800312c   0x0800312c   0x00000014   Code   RO         4319    i.SessionMgr_TxReq  iap2session.o
    0x08003140   0x08003140   0x000000d0   Code   RO         3837    i.SetSysClock       system_ft32f0xx.o
    0x08003210   0x08003210   0x00000090   Code   RO         4156    i.SwTimer_Start     swtimer.o
    0x080032a0   0x080032a0   0x0000000a   Code   RO         4157    i.SwTimer_Stop      swtimer.o
    0x080032aa   0x080032aa   0x00000002   PAD
    0x080032ac   0x080032ac   0x0000009c   Code   RO         4160    i.SwTimer_isTimerOut  swtimer.o
    0x08003348   0x08003348   0x00000028   Code   RO         4161    i.SwTimer_isTimerOutEx  swtimer.o
    0x08003370   0x08003370   0x00000024   Code   RO         2029    i.SysTick_CLKSourceConfig  ft32f0xx_misc.o
    0x08003394   0x08003394   0x00000034   Code   RO          301    i.SysTick_Delay_Ms  systick.o
    0x080033c8   0x080033c8   0x00000020   Code   RO          302    i.SysTick_Handler   systick.o
    0x080033e8   0x080033e8   0x0000007c   Code   RO         3839    i.SystemInit        system_ft32f0xx.o
    0x08003464   0x08003464   0x00000048   Code   RO          303    i.Systick_Init      systick.o
    0x080034ac   0x080034ac   0x00000026   Code   RO          493    i.USB_EP_Rx         usb_core.o
    0x080034d2   0x080034d2   0x00000002   PAD
    0x080034d4   0x080034d4   0x0000016c   Code   RO          494    i.USB_EP_Tx         usb_core.o
    0x08003640   0x08003640   0x000001f0   Code   RO          495    i.USB_Endpoint0     usb_core.o
    0x08003830   0x08003830   0x00000040   Code   RO          496    i.USB_Endpoint0_Command  usb_core.o
    0x08003870   0x08003870   0x0000004c   Code   RO          497    i.USB_Endpoint0_Rx  usb_core.o
    0x080038bc   0x080038bc   0x00000078   Code   RO          498    i.USB_Endpoint0_Tx  usb_core.o
    0x08003934   0x08003934   0x0000006c   Code   RO          500    i.USB_HID_Class_Req  usb_core.o
    0x080039a0   0x080039a0   0x00000270   Code   RO          501    i.USB_IRQHandler    usb_core.o
    0x08003c10   0x08003c10   0x00000064   Code   RO          502    i.USB_ITConfig      usb_core.o
    0x08003c74   0x08003c74   0x00000084   Code   RO          503    i.USB_Init          usb_core.o
    0x08003cf8   0x08003cf8   0x0000001c   Code   RO          504    i.USB_PDCTRLConfig  usb_core.o
    0x08003d14   0x08003d14   0x000000c0   Code   RO          507    i.USB_Reset         usb_core.o
    0x08003dd4   0x08003dd4   0x00000bc8   Code   RO          508    i.USB_StdDev_Req    usb_core.o
    0x0800499c   0x0800499c   0x00000070   Code   RO         3911    i._DoInit           segger_rtt.o
    0x08004a0c   0x08004a0c   0x0000001c   Code   RO         3912    i._GetAvailWriteSpace  segger_rtt.o
    0x08004a28   0x08004a28   0x0000010e   Code   RO         4117    i._PrintInt         segger_rtt_printf.o
    0x08004b36   0x08004b36   0x00000002   PAD
    0x08004b38   0x08004b38   0x0000011c   Code   RO         4118    i._PrintUnsigned    segger_rtt_printf.o
    0x08004c54   0x08004c54   0x00000044   Code   RO         4119    i._StoreChar        segger_rtt_printf.o
    0x08004c98   0x08004c98   0x0000007a   Code   RO         3914    i._WriteBlocking    segger_rtt.o
    0x08004d12   0x08004d12   0x0000004a   Code   RO         3915    i._WriteNoCheck     segger_rtt.o
    0x08004d5c   0x08004d5c   0x0000001c   Code   RO           76    i.__ARM_common_switch8  main.o
    0x08004d78   0x08004d78   0x000000e0   Code   RO            3    i.build_keycode     main.o
    0x08004e58   0x08004e58   0x000000b0   Code   RO            4    i.build_media_key   main.o
    0x08004f08   0x08004f08   0x00000022   Code   RO          372    i.get_key           key_buffer.o
    0x08004f2a   0x08004f2a   0x0000005e   Code   RO          373    i.get_key_down_list  key_buffer.o
    0x08004f88   0x08004f88   0x000000ea   Code   RO          414    i.ghost             matrix.o
    0x08005072   0x08005072   0x00000042   Code   RO            5    i.handle_super_key  main.o
    0x080050b4   0x080050b4   0x000000d8   Code   RO            6    i.hotKey            main.o
    0x0800518c   0x0800518c   0x0000007c   Code   RO         1740    i.i2c_readdata      ft32f0xx_i2c.o
    0x08005208   0x08005208   0x00000050   Code   RO         1741    i.i2c_senddata      ft32f0xx_i2c.o
    0x08005258   0x08005258   0x0000033c   Code   RO            7    i.iAP2PacketParseBuffer  main.o
    0x08005594   0x08005594   0x00000086   Code   RO          415    i.init_matrix_gpio  matrix.o
    0x0800561a   0x0800561a   0x000000b8   Code   RO          416    i.init_scan_col     matrix.o
    0x080056d2   0x080056d2   0x000000b8   Code   RO          417    i.init_scan_row     matrix.o
    0x0800578a   0x0800578a   0x0000000e   Code   RO          374    i.key_clear         key_buffer.o
    0x08005798   0x08005798   0x0000001c   Code   RO          375    i.key_down          key_buffer.o
    0x080057b4   0x080057b4   0x0000001c   Code   RO          376    i.key_up            key_buffer.o
    0x080057d0   0x080057d0   0x00000188   Code   RO            8    i.main              main.o
    0x08005958   0x08005958   0x000000d4   Code   RO          418    i.matrix_key_handle  matrix.o
    0x08005a2c   0x08005a2c   0x0000015a   Code   RO          419    i.matrix_scan_again  matrix.o
    0x08005b86   0x08005b86   0x000000c0   Code   RO          420    i.matrix_scan_key   matrix.o
    0x08005c46   0x08005c46   0x0000003e   Code   RO            9    i.remap_fun         main.o
    0x08005c84   0x08005c84   0x00000070   Code   RO          421    i.scan_col          matrix.o
    0x08005cf4   0x08005cf4   0x00000072   Code   RO          422    i.scan_row          matrix.o
    0x08005d66   0x08005d66   0x00000002   PAD
    0x08005d68   0x08005d68   0x0000004c   Code   RO           10    i.send_acpi_media_keycode  main.o
    0x08005db4   0x08005db4   0x00000060   Code   RO           11    i.send_keycode      main.o
    0x08005e14   0x08005e14   0x000000ce   Code   RO          349    i.set_IO_PinMode    io.o
    0x08005ee2   0x08005ee2   0x00000002   PAD
    0x08005ee4   0x08005ee4   0x00000140   Code   RO         4569    i.startKeyboardHid  iap2ctrlsession.o
    0x08006024   0x08006024   0x000000e0   Code   RO           12    i.usb_send_data_buffer  main.o
    0x08006104   0x08006104   0x000001af   Data   RO           14    .constdata          main.o
    0x080062b3   0x080062b3   0x0000000f   Data   RO          511    .constdata          usb_core.o
    0x080062c2   0x080062c2   0x000001d2   Data   RO          692    .constdata          usb_desc.o
    0x08006494   0x08006494   0x00000010   Data   RO         4120    .constdata          segger_rtt_printf.o
    0x080064a4   0x080064a4   0x00000013   Data   RO         4169    .constdata          swtimer.o
    0x080064b7   0x080064b7   0x00000078   Data   RO         4320    .constdata          iap2session.o
    0x0800652f   0x0800652f   0x00000031   Data   RO         4431    .constdata          iap2link.o
    0x08006560   0x08006560   0x0000000e   Data   RO         4661    .constdata          driver.o
    0x0800656e   0x0800656e   0x00000002   PAD
    0x08006570   0x08006570   0x000000a5   Data   RO          512    .conststring        usb_core.o
    0x08006615   0x08006615   0x00000003   PAD
    0x08006618   0x08006618   0x00000020   Data   RO         5091    Region$$Table       anon$$obj.o


    Execution Region RW_IRAM1 (Exec base: 0x20000000, Load base: 0x08006638, Size: 0x00001a58, Max: 0x00002000, ABSOLUTE, COMPRESSED[0x00000178])

    Exec Addr    Load Addr    Size         Type   Attr      Idx    E Section Name        Object

    0x20000000   COMPRESSED   0x000000f9   Data   RW           15    .data               main.o
    0x200000f9   COMPRESSED   0x00000003   PAD
    0x200000fc   COMPRESSED   0x00000004   Data   RW          304    .data               systick.o
    0x20000100   COMPRESSED   0x00000024   Data   RW          513    .data               usb_core.o
    0x20000124   COMPRESSED   0x0000001c   Data   RW         4432    .data               iap2link.o
    0x20000140   COMPRESSED   0x00000149   Data   RW         4570    .data               iap2ctrlsession.o
    0x20000289   COMPRESSED   0x00000003   PAD
    0x2000028c   COMPRESSED   0x00000008   Data   RW         4662    .data               driver.o
    0x20000294        -       0x00000289   Zero   RW           13    .bss                main.o
    0x2000051d        -       0x00000240   Zero   RW          254    .bss                keyboard.o
    0x2000075d   COMPRESSED   0x00000003   PAD
    0x20000760        -       0x000000d4   Zero   RW          510    .bss                usb_core.o
    0x20000834        -       0x000004b8   Zero   RW         3916    .bss                segger_rtt.o
    0x20000cec        -       0x00000505   Zero   RW         4430    .bss                iap2link.o
    0x200011f1   COMPRESSED   0x00000003   PAD
    0x200011f4        -       0x00000060   Zero   RW         4962    .bss                c_p.l(libspace.o)
    0x20001254   COMPRESSED   0x00000004   PAD
    0x20001258        -       0x00000400   Zero   RW         3873    HEAP                startup_ft32f072xb.o
    0x20001658        -       0x00000400   Zero   RW         3872    STACK               startup_ft32f072xb.o


==============================================================================

Image component sizes


      Code (inc. data)   RO Data    RW Data    ZI Data      Debug   Object Name

       316        102         14          8          0       5181   driver.o
        72          8          0          0          0        973   ft32f0xx_crs.o
       176          0          0          0          0       2224   ft32f0xx_gpio.o
       560         28          0          0          0       7740   ft32f0xx_i2c.o
       148         10          0          0          0       1422   ft32f0xx_misc.o
       236         26          0          0          0       3120   ft32f0xx_rcc.o
      1868         76          0        329          0      14795   iap2ctrlsession.o
      2654        744         49         28       1285      13672   iap2link.o
      1554        356        120          0          0      14329   iap2session.o
       206         10          0          0          0       1093   io.o
       198          0          0          0          0       3178   key_buffer.o
         0          0          0          0        576        650   keyboard.o
       134          0          0          0          0       2191   listusbdata.o
      2388        450        431        249        649     135628   main.o
      1712          0          0          0          0       6174   matrix.o
       540         48          0          0       1208       7994   segger_rtt.o
      1194          4         16          0          0       5561   segger_rtt_printf.o
       116         56        192          0       2048        652   startup_ft32f072xb.o
       350        138         19          0          0       5311   swtimer.o
       332         24          0          0          0       1513   system_ft32f0xx.o
       288         34          0          4          0       8516   systick.o
      7886       2564        180         36        212      26091   usb_core.o
         0          0        466          0          0       2392   usb_desc.o

    ----------------------------------------------------------------------
     22948       4678       1524        660       5984     270400   Object Totals
         0          0         32          0          0          0   (incl. Generated)
        20          0          5          6          6          0   (incl. Padding)

    ----------------------------------------------------------------------

      Code (inc. data)   RO Data    RW Data    ZI Data      Debug   Library Member Name

        86          0          0          0          0          0   __dczerorl2.o
         8          0          0          0          0         68   __main.o
         0          0          0          0          0          0   __rtentry.o
        12          0          0          0          0          0   __rtentry2.o
         6          0          0          0          0          0   __rtentry4.o
        60          8          0          0          0          0   __scatter.o
        28          0          0          0          0          0   __scatter_zi.o
       346          0          0          0          0         92   aeabi_sdiv.o
        12          0          0          0          0         68   defsig_exit.o
        52          0          0          0          0         72   defsig_general.o
        80         58          0          0          0         68   defsig_rtmem_inner.o
        12          0          0          0          0         68   defsig_rtmem_outer.o
        16          0          0          0          0         68   exit.o
        98          0          0          0          0         72   h1_alloc.o
        52          0          0          0          0         68   h1_extend.o
        76          0          0          0          0         72   h1_free.o
        14          0          0          0          0         76   h1_init.o
         6          0          0          0          0        136   heapauxi.o
         4          0          0          0          0        120   hguard.o
         0          0          0          0          0          0   indicate_semi.o
       136          0          0          0          0        160   init_alloc.o
         2          0          0          0          0          0   libinit.o
        10          0          0          0          0          0   libinit2.o
         2          0          0          0          0          0   libshutdown.o
         2          0          0          0          0          0   libshutdown2.o
         8          4          0          0         96         68   libspace.o
         0          0          0          0          0          0   maybetermalloc1.o
        90          0          0          0          0         68   memcmp.o
         8          4          0          0          0         68   rt_heap_descriptor_intlibspace.o
        64          0          0          0          0        108   rt_memclr.o
       186          0          0          0          0        144   rt_memcpy.o
         2          0          0          0          0          0   rtexit.o
        10          0          0          0          0          0   rtexit2.o
        76          6          0          0          0         72   strcpy.o
        12          4          0          0          0         60   sys_exit.o
        62          0          0          0          0         80   sys_stackheap_outer.o
        12          0          0          0          0         68   sys_wrch.o
        22          0          0          0          0         60   uread4.o
         2          0          0          0          0         68   use_no_semi.o
        16          0          0          0          0         60   uwrite4.o

    ----------------------------------------------------------------------
      1696         84          0          0        100       2132   Library Totals
         6          0          0          0          4          0   (incl. Padding)

    ----------------------------------------------------------------------

      Code (inc. data)   RO Data    RW Data    ZI Data      Debug   Library Name

      1690         84          0          0         96       2132   c_p.l

    ----------------------------------------------------------------------
      1696         84          0          0        100       2132   Library Totals

    ----------------------------------------------------------------------

==============================================================================


      Code (inc. data)   RO Data    RW Data    ZI Data      Debug   

     24644       4762       1524        660       6084     265248   Grand Totals
     24644       4762       1524        376       6084     265248   ELF Image Totals (compressed)
     24644       4762       1524        376          0          0   ROM Totals

==============================================================================

    Total RO  Size (Code + RO Data)                26168 (  25.55kB)
    Total RW  Size (RW Data + ZI Data)              6744 (   6.59kB)
    Total ROM Size (Code + RO Data + RW Data)      26544 (  25.92kB)

==============================================================================

